Archive member included because of file (symbol)

/usr/local/athrill-gcc/lib/gcc/v850-elf/4.9-GNUV850_v14.01/../../../../v850-elf/lib/libc.a(lib_a-memcpy.o)
                              Endpoint.o (_memcpy)
/usr/local/athrill-gcc/lib/gcc/v850-elf/4.9-GNUV850_v14.01/../../../../v850-elf/lib/libc.a(lib_a-memset.o)
                              Endpoint.o (_memset)
/usr/local/athrill-gcc/lib/gcc/v850-elf/4.9-GNUV850_v14.01/../../../../v850-elf/lib/libc.a(lib_a-sscanf.o)
                              Endpoint.o (_sscanf)
/usr/local/athrill-gcc/lib/gcc/v850-elf/4.9-GNUV850_v14.01/../../../../v850-elf/lib/libc.a(lib_a-stdio.o)
                              /usr/local/athrill-gcc/lib/gcc/v850-elf/4.9-GNUV850_v14.01/../../../../v850-elf/lib/libc.a(lib_a-sscanf.o) (___seofread)
/usr/local/athrill-gcc/lib/gcc/v850-elf/4.9-GNUV850_v14.01/../../../../v850-elf/lib/libc.a(lib_a-strlen.o)
                              /usr/local/athrill-gcc/lib/gcc/v850-elf/4.9-GNUV850_v14.01/../../../../v850-elf/lib/libc.a(lib_a-sscanf.o) (_strlen)
/usr/local/athrill-gcc/lib/gcc/v850-elf/4.9-GNUV850_v14.01/../../../../v850-elf/lib/libc.a(lib_a-svfscanf.o)
                              /usr/local/athrill-gcc/lib/gcc/v850-elf/4.9-GNUV850_v14.01/../../../../v850-elf/lib/libc.a(lib_a-sscanf.o) (___ssvfscanf_r)
/usr/local/athrill-gcc/lib/gcc/v850-elf/4.9-GNUV850_v14.01/../../../../v850-elf/lib/libc.a(lib_a-writer.o)
                              /usr/local/athrill-gcc/lib/gcc/v850-elf/4.9-GNUV850_v14.01/../../../../v850-elf/lib/libc.a(lib_a-stdio.o) (__write_r)
/usr/local/athrill-gcc/lib/gcc/v850-elf/4.9-GNUV850_v14.01/../../../../v850-elf/lib/libc.a(lib_a-chmod.o)
                              /usr/local/athrill-gcc/lib/gcc/v850-elf/4.9-GNUV850_v14.01/../../../../v850-elf/lib/libc.a(lib_a-writer.o) (_errno)
/usr/local/athrill-gcc/lib/gcc/v850-elf/4.9-GNUV850_v14.01/../../../../v850-elf/lib/libc.a(lib_a-closer.o)
                              /usr/local/athrill-gcc/lib/gcc/v850-elf/4.9-GNUV850_v14.01/../../../../v850-elf/lib/libc.a(lib_a-stdio.o) (__close_r)
/usr/local/athrill-gcc/lib/gcc/v850-elf/4.9-GNUV850_v14.01/../../../../v850-elf/lib/libc.a(lib_a-ctype_.o)
                              /usr/local/athrill-gcc/lib/gcc/v850-elf/4.9-GNUV850_v14.01/../../../../v850-elf/lib/libc.a(lib_a-svfscanf.o) (___ctype_ptr__)
/usr/local/athrill-gcc/lib/gcc/v850-elf/4.9-GNUV850_v14.01/../../../../v850-elf/lib/libc.a(lib_a-impure.o)
                              /usr/local/athrill-gcc/lib/gcc/v850-elf/4.9-GNUV850_v14.01/../../../../v850-elf/lib/libc.a(lib_a-sscanf.o) (__impure_ptr)
/usr/local/athrill-gcc/lib/gcc/v850-elf/4.9-GNUV850_v14.01/../../../../v850-elf/lib/libc.a(lib_a-iswspace.o)
                              /usr/local/athrill-gcc/lib/gcc/v850-elf/4.9-GNUV850_v14.01/../../../../v850-elf/lib/libc.a(lib_a-svfscanf.o) (_iswspace)
/usr/local/athrill-gcc/lib/gcc/v850-elf/4.9-GNUV850_v14.01/../../../../v850-elf/lib/libc.a(lib_a-locale.o)
                              /usr/local/athrill-gcc/lib/gcc/v850-elf/4.9-GNUV850_v14.01/../../../../v850-elf/lib/libc.a(lib_a-svfscanf.o) (___locale_mb_cur_max)
/usr/local/athrill-gcc/lib/gcc/v850-elf/4.9-GNUV850_v14.01/../../../../v850-elf/lib/libc.a(lib_a-lseekr.o)
                              /usr/local/athrill-gcc/lib/gcc/v850-elf/4.9-GNUV850_v14.01/../../../../v850-elf/lib/libc.a(lib_a-stdio.o) (__lseek_r)
/usr/local/athrill-gcc/lib/gcc/v850-elf/4.9-GNUV850_v14.01/../../../../v850-elf/lib/libc.a(lib_a-mbrtowc.o)
                              /usr/local/athrill-gcc/lib/gcc/v850-elf/4.9-GNUV850_v14.01/../../../../v850-elf/lib/libc.a(lib_a-svfscanf.o) (__mbrtowc_r)
/usr/local/athrill-gcc/lib/gcc/v850-elf/4.9-GNUV850_v14.01/../../../../v850-elf/lib/libc.a(lib_a-mbtowc_r.o)
                              /usr/local/athrill-gcc/lib/gcc/v850-elf/4.9-GNUV850_v14.01/../../../../v850-elf/lib/libc.a(lib_a-mbrtowc.o) (___mbtowc)
/usr/local/athrill-gcc/lib/gcc/v850-elf/4.9-GNUV850_v14.01/../../../../v850-elf/lib/libc.a(lib_a-readr.o)
                              /usr/local/athrill-gcc/lib/gcc/v850-elf/4.9-GNUV850_v14.01/../../../../v850-elf/lib/libc.a(lib_a-stdio.o) (__read_r)
/usr/local/athrill-gcc/lib/gcc/v850-elf/4.9-GNUV850_v14.01/../../../../v850-elf/lib/libc.a(lib_a-sccl.o)
                              /usr/local/athrill-gcc/lib/gcc/v850-elf/4.9-GNUV850_v14.01/../../../../v850-elf/lib/libc.a(lib_a-svfscanf.o) (___sccl)
/usr/local/athrill-gcc/lib/gcc/v850-elf/4.9-GNUV850_v14.01/../../../../v850-elf/lib/libc.a(lib_a-sf_nan.o)
                              /usr/local/athrill-gcc/lib/gcc/v850-elf/4.9-GNUV850_v14.01/../../../../v850-elf/lib/libc.a(lib_a-svfscanf.o) (_nanf)
/usr/local/athrill-gcc/lib/gcc/v850-elf/4.9-GNUV850_v14.01/../../../../v850-elf/lib/libc.a(lib_a-s_fpclassify.o)
                              /usr/local/athrill-gcc/lib/gcc/v850-elf/4.9-GNUV850_v14.01/../../../../v850-elf/lib/libc.a(lib_a-svfscanf.o) (___fpclassifyd)
[...]
Memory Configuration

Name             Origin             Length             Attributes
INTROM           0x0000000000000000 0x0000000000080000 axrl
INTRAM           0x0000000006ff7000 0x0000000000080000 axw
INTMMAP          0x0000000007ff0000 0x0000000000080000 axw
ADEV             0x00000000dead0000 0x0000000000000400 axw
*default*        0x0000000000000000 0xffffffffffffffff

Linker script and memory map

LOAD lwip-athrill.o
LOAD start.o
LOAD vector.o
LOAD software_init.o
LOAD interrupt.o
LOAD interrupt_table.o
LOAD timer.o
LOAD interrupt_asm.o
LOAD EthernetInterface.o
LOAD Endpoint.o
LOAD Socket.o
LOAD TCPSocketConnection.o
LOAD TCPSocketServer.o
LOAD main.o
LOAD /usr/local/athrill-gcc/lib/gcc/v850-elf/4.9-GNUV850_v14.01/../../../../v850-elf/lib/libsupc++.a
LOAD /usr/local/athrill-gcc/lib/gcc/v850-elf/4.9-GNUV850_v14.01/../../../../v850-elf/lib/libstdc++.a
LOAD /usr/local/athrill-gcc/lib/gcc/v850-elf/4.9-GNUV850_v14.01/../../../../v850-elf/lib/libm.a
LOAD /usr/local/athrill-gcc/lib/gcc/v850-elf/4.9-GNUV850_v14.01/../../../../v850-elf/lib/libc.a
LOAD /usr/local/athrill-gcc/lib/gcc/v850-elf/4.9-GNUV850_v14.01/libgcc.a

.vector         0x0000000000000000      0x7d0
 *(.vectors)
 .vectors       0x0000000000000000      0x7d0 vector.o
                0x0000000000000000                __reset

.init
 *(.init)

.text           0x00000000000007d0     0xba20
                0x00000000000007d0                __text = .
                0x00000000000007d0                __tp = .
 *(.text .stub .text.* .gnu.linkonce.t.*)
 .text          0x00000000000007d0      0xbb0 lwip-athrill.o
                0x0000000000000c26                _lwip_socket_init
                0x0000000000000c3a                _lwip_accept
                0x0000000000000cb2                _lwip_bind
                0x0000000000000d40                _lwip_shutdown
                0x0000000000000d5e                _lwip_getpeername
                0x0000000000000d82                _lwip_getsockname
                0x0000000000000da6                _lwip_getsockopt
                0x0000000000000dce                _lwip_setsockopt
                0x0000000000000df6                _lwip_close
                0x0000000000000e2c                _lwip_connect
                0x0000000000000efa                _lwip_listen
                0x0000000000000f48                _lwip_recv
                0x0000000000000faa                _lwip_read
                0x0000000000000fce                _lwip_recvfrom
                0x0000000000000ff6                _lwip_send
                0x0000000000001056                _lwip_sendto
                0x000000000000107e                _lwip_socket
                0x00000000000010c4                _lwip_write
                0x00000000000010e8                _lwip_select
                0x0000000000001110                _lwip_ioctl
                0x0000000000001134                _lwip_fcntl
                0x0000000000001158                _lwip_gethostbyname
                0x0000000000001172                _ipaddr_ntoa_r
                0x0000000000001196                _malloc
                0x00000000000011c8                _free
                0x00000000000011fc                _calloc
                0x0000000000001238                _realloc
                0x0000000000001276                __malloc_r
                0x00000000000012ae                __calloc_r
                0x00000000000012ee                __realloc_r
                0x000000000000132e                __free_r
                0x0000000000001366                _raise
 .text          0x0000000000001380       0x30 start.o
                0x0000000000001380                _start
 .text          0x00000000000013b0        0x0 vector.o
 .text          0x00000000000013b0       0xc2 software_init.o
                0x00000000000013b0                _bss_clear
                0x00000000000013fa                _data_init
                0x0000000000001460                _ctors_init
 .text          0x0000000000001472      0x1de interrupt.o
                0x00000000000014ea                _default_int_handler
                0x00000000000014fe                _x_enable_int
                0x000000000000156c                _x_clear_int
                0x00000000000015d8                _interrupt_handler
 .text          0x0000000000001650      0x102 interrupt_table.o
                0x000000000000167c                _register_interrupt_handler
                0x00000000000016f6                _do_interrupt_handler
 .text          0x0000000000001752       0xbc timer.o
                0x00000000000017dc                _timer_init
 *fill*         0x000000000000180e        0x2 
 .text          0x0000000000001810       0x90 interrupt_asm.o
                0x0000000000001810                _interrupt
 .text          0x00000000000018a0       0xc6 EthernetInterface.o
                0x00000000000018a0                __ZN17EthernetInterface4initEv
                0x00000000000018b4                __ZN17EthernetInterface4initEPKcS1_S1_
                0x00000000000018d8                __ZN17EthernetInterface7connectEj
                0x00000000000018f2                __ZN17EthernetInterface10disconnectEv
                0x0000000000001906                __ZN17EthernetInterface13getMACAddressEv
                0x000000000000191e                __ZN17EthernetInterface12getIPAddressEv
                0x0000000000001936                __ZN17EthernetInterface10getGatewayEv
                0x000000000000194e                __ZN17EthernetInterface14getNetworkMaskEv
 .text          0x0000000000001966      0x214 Endpoint.o
                0x0000000000001966                __ZN8EndpointC2Ev
                0x0000000000001966                __ZN8EndpointC1Ev
                0x0000000000001998                __ZN8EndpointD1Ev
                0x0000000000001998                __ZN8EndpointD2Ev
                0x00000000000019b0                __ZN8Endpoint13reset_addressEv
                0x00000000000019f6                __ZN8Endpoint11set_addressEPKci
                0x0000000000001af6                __ZN8Endpoint11get_addressEv
                0x0000000000001b5a                __ZN8Endpoint8get_portEv
 .text          0x0000000000001b7a      0x48c Socket.o
                0x0000000000001b7a                __ZN6SocketC2Ev
                0x0000000000001b7a                __ZN6SocketC1Ev
                0x0000000000001bb2                __ZN6Socket12set_blockingEbj
                0x0000000000001bee                __ZN6Socket11init_socketEi
                0x0000000000001c58                __ZN6Socket10set_optionEiiPKvj
                0x0000000000001cb4                __ZN6Socket10get_optionEiiPvPj
                0x0000000000001d10                __ZN6Socket6selectEP7timevalbb
                0x0000000000001e70                __ZN6Socket13wait_readableER12TimeInterval
                0x0000000000001eb2                __ZN6Socket13wait_writableER12TimeInterval
                0x0000000000001ef4                __ZN6Socket5closeEb
                0x0000000000001f72                __ZN6SocketD2Ev
                0x0000000000001f72                __ZN6SocketD1Ev
                0x0000000000001fa6                __ZN12TimeIntervalC1Ej
                0x0000000000001fa6                __ZN12TimeIntervalC2Ej
 .text          0x0000000000002006      0x568 TCPSocketConnection.o
                0x0000000000002006                __ZN19TCPSocketConnectionC1Ev
                0x0000000000002006                __ZN19TCPSocketConnectionC2Ev
                0x0000000000002058                __ZN19TCPSocketConnection7connectEPKci
                0x0000000000002126                __ZN19TCPSocketConnection12is_connectedEv
                0x0000000000002146                __ZN19TCPSocketConnection4sendEPci
                0x0000000000002230                __ZN19TCPSocketConnection8send_allEPci
                0x000000000000235a                __ZN19TCPSocketConnection7receiveEPci
                0x0000000000002444                __ZN19TCPSocketConnection11receive_allEPci
 .text          0x000000000000256e      0x268 TCPSocketServer.o
                0x000000000000256e                __ZN15TCPSocketServerC2Ev
                0x000000000000256e                __ZN15TCPSocketServerC1Ev
                0x00000000000025a2                __ZN15TCPSocketServer4bindEi
                0x0000000000002660                __ZN15TCPSocketServer6listenEi
                0x00000000000026d6                __ZN15TCPSocketServer6acceptER19TCPSocketConnection
 .text          0x00000000000027d6       0x14 main.o
                0x00000000000027d6                _main
 .text          0x00000000000027ea       0x1a /usr/local/athrill-gcc/lib/gcc/v850-elf/4.9-GNUV850_v14.01/../../../../v850-elf/lib/libc.a(lib_a-memcpy.o)
                0x00000000000027ea                _memcpy
 .text          0x0000000000002804       0x14 /usr/local/athrill-gcc/lib/gcc/v850-elf/4.9-GNUV850_v14.01/../../../../v850-elf/lib/libc.a(lib_a-memset.o)
                0x0000000000002804                _memset
 .text          0x0000000000002818       0xb6 /usr/local/athrill-gcc/lib/gcc/v850-elf/4.9-GNUV850_v14.01/../../../../v850-elf/lib/libc.a(lib_a-sscanf.o)
                0x0000000000002818                _sscanf
                0x0000000000002870                __sscanf_r
 .text          0x00000000000028ce       0xe8 /usr/local/athrill-gcc/lib/gcc/v850-elf/4.9-GNUV850_v14.01/../../../../v850-elf/lib/libc.a(lib_a-stdio.o)
                0x00000000000028ce                ___sread
                0x0000000000002908                ___seofread
                0x000000000000290c                ___swrite
                0x0000000000002966                ___sseek
                0x00000000000029a2                ___sclose
 .text          0x00000000000029b6       0x12 /usr/local/athrill-gcc/lib/gcc/v850-elf/4.9-GNUV850_v14.01/../../../../v850-elf/lib/libc.a(lib_a-strlen.o)
                0x00000000000029b6                _strlen
 .text          0x00000000000029c8      0xeca /usr/local/athrill-gcc/lib/gcc/v850-elf/4.9-GNUV850_v14.01/../../../../v850-elf/lib/libc.a(lib_a-svfscanf.o)
                0x00000000000029c8                ___ssvfscanf_r
 .text          0x0000000000003892       0x36 /usr/local/athrill-gcc/lib/gcc/v850-elf/4.9-GNUV850_v14.01/../../../../v850-elf/lib/libc.a(lib_a-writer.o)
                0x0000000000003892                __write_r
 .text          0x00000000000038c8       0x16 /usr/local/athrill-gcc/lib/gcc/v850-elf/4.9-GNUV850_v14.01/../../../../v850-elf/lib/libc.a(lib_a-chmod.o)
                0x00000000000038c8                _chmod
 .text          0x00000000000038de       0x32 /usr/local/athrill-gcc/lib/gcc/v850-elf/4.9-GNUV850_v14.01/../../../../v850-elf/lib/libc.a(lib_a-closer.o)
                0x00000000000038de                __close_r
 .text          0x0000000000003910        0x0 /usr/local/athrill-gcc/lib/gcc/v850-elf/4.9-GNUV850_v14.01/../../../../v850-elf/lib/libc.a(lib_a-ctype_.o)
 .text          0x0000000000003910        0x0 /usr/local/athrill-gcc/lib/gcc/v850-elf/4.9-GNUV850_v14.01/../../../../v850-elf/lib/libc.a(lib_a-impure.o)
 .text          0x0000000000003910       0x20 /usr/local/athrill-gcc/lib/gcc/v850-elf/4.9-GNUV850_v14.01/../../../../v850-elf/lib/libc.a(lib_a-iswspace.o)
                0x0000000000003910                _iswspace
 .text          0x0000000000003930       0xbe /usr/local/athrill-gcc/lib/gcc/v850-elf/4.9-GNUV850_v14.01/../../../../v850-elf/lib/libc.a(lib_a-locale.o)
                0x0000000000003930                __setlocale_r
                0x00000000000039a2                ___locale_charset
                0x00000000000039ac                ___locale_mb_cur_max
                0x00000000000039b6                ___locale_msgcharset
                0x00000000000039c0                ___locale_cjk_lang
                0x00000000000039c4                __localeconv_r
                0x00000000000039ce                _setlocale
                0x00000000000039e4                _localeconv
 .text          0x00000000000039ee       0x36 /usr/local/athrill-gcc/lib/gcc/v850-elf/4.9-GNUV850_v14.01/../../../../v850-elf/lib/libc.a(lib_a-lseekr.o)
                0x00000000000039ee                __lseek_r
 .text          0x0000000000003a24       0xbc /usr/local/athrill-gcc/lib/gcc/v850-elf/4.9-GNUV850_v14.01/../../../../v850-elf/lib/libc.a(lib_a-mbrtowc.o)
                0x0000000000003a24                __mbrtowc_r
                0x0000000000003abc                _mbrtowc
 .text          0x0000000000003ae0       0x88 /usr/local/athrill-gcc/lib/gcc/v850-elf/4.9-GNUV850_v14.01/../../../../v850-elf/lib/libc.a(lib_a-mbtowc_r.o)
                0x0000000000003ae0                ___ascii_mbtowc
                0x0000000000003b14                __mbtowc_r
 .text          0x0000000000003b68       0x36 /usr/local/athrill-gcc/lib/gcc/v850-elf/4.9-GNUV850_v14.01/../../../../v850-elf/lib/libc.a(lib_a-readr.o)
                0x0000000000003b68                __read_r
 .text          0x0000000000003b9e       0x9c /usr/local/athrill-gcc/lib/gcc/v850-elf/4.9-GNUV850_v14.01/../../../../v850-elf/lib/libc.a(lib_a-sccl.o)
                0x0000000000003b9e                ___sccl
 .text          0x0000000000003c3a        0x6 /usr/local/athrill-gcc/lib/gcc/v850-elf/4.9-GNUV850_v14.01/../../../../v850-elf/lib/libc.a(lib_a-sf_nan.o)
                0x0000000000003c3a                _nanf
 .text          0x0000000000003c40       0x60 /usr/local/athrill-gcc/lib/gcc/v850-elf/4.9-GNUV850_v14.01/../../../../v850-elf/lib/libc.a(lib_a-s_fpclassify.o)
                0x0000000000003c40                ___fpclassifyd
 .text          0x0000000000003ca0       0x9c /usr/local/athrill-gcc/lib/gcc/v850-elf/4.9-GNUV850_v14.01/../../../../v850-elf/lib/libc.a(lib_a-sprintf.o)
                0x0000000000003ca0                __sprintf_r
                0x0000000000003cec                _sprintf
 .text          0x0000000000003d3c       0x2c /usr/local/athrill-gcc/lib/gcc/v850-elf/4.9-GNUV850_v14.01/../../../../v850-elf/lib/libc.a(lib_a-strcmp.o)
                0x0000000000003d3c                _strcmp
 .text          0x0000000000003d68     0x1114 /usr/local/athrill-gcc/lib/gcc/v850-elf/4.9-GNUV850_v14.01/../../../../v850-elf/lib/libc.a(lib_a-strtod.o)
                0x0000000000003dea                __strtod_r
                0x0000000000004e26                _strtod
                0x0000000000004e3c                _strtof
 .text          0x0000000000004e7c      0x1c6 /usr/local/athrill-gcc/lib/gcc/v850-elf/4.9-GNUV850_v14.01/../../../../v850-elf/lib/libc.a(lib_a-strtol.o)
                0x0000000000004e7c                __strtol_r
                0x0000000000005028                _strtol
 .text          0x0000000000005042      0x19c /usr/local/athrill-gcc/lib/gcc/v850-elf/4.9-GNUV850_v14.01/../../../../v850-elf/lib/libc.a(lib_a-strtoul.o)
                0x0000000000005042                __strtoul_r
                0x00000000000051c4                _strtoul
 .text          0x00000000000051de      0xbd6 /usr/local/athrill-gcc/lib/gcc/v850-elf/4.9-GNUV850_v14.01/../../../../v850-elf/lib/libc.a(lib_a-svfiscanf.o)
                0x00000000000051de                __sungetc_r
                0x000000000000529c                ___ssrefill_r
                0x00000000000052f6                __sfread_r
                0x00000000000053b0                ___ssvfiscanf_r
 .text          0x0000000000005db4     0x13f4 /usr/local/athrill-gcc/lib/gcc/v850-elf/4.9-GNUV850_v14.01/../../../../v850-elf/lib/libc.a(lib_a-svfprintf.o)
                0x0000000000005db4                __svfprintf_r
 .text          0x00000000000071a8       0x12 /usr/local/athrill-gcc/lib/gcc/v850-elf/4.9-GNUV850_v14.01/../../../../v850-elf/lib/libc.a(lib_a-trap.o)
                0x00000000000071a8                ___trap0
 .text          0x00000000000071ba      0x1f2 /usr/local/athrill-gcc/lib/gcc/v850-elf/4.9-GNUV850_v14.01/../../../../v850-elf/lib/libc.a(lib_a-ungetc.o)
                0x00000000000071ba                ___submore
                0x0000000000007254                __ungetc_r
                0x0000000000007396                _ungetc
 .text          0x00000000000073ac       0x18 /usr/local/athrill-gcc/lib/gcc/v850-elf/4.9-GNUV850_v14.01/../../../../v850-elf/lib/libc.a(lib_a-write.o)
                0x00000000000073ac                __write
 .text          0x00000000000073c4       0x14 /usr/local/athrill-gcc/lib/gcc/v850-elf/4.9-GNUV850_v14.01/../../../../v850-elf/lib/libc.a(lib_a-close.o)
                0x00000000000073c4                __close
 .text          0x00000000000073d8     0x10be /usr/local/athrill-gcc/lib/gcc/v850-elf/4.9-GNUV850_v14.01/../../../../v850-elf/lib/libc.a(lib_a-dtoa.o)
                0x00000000000075b0                __dtoa_r
 .text          0x0000000000008496      0x216 /usr/local/athrill-gcc/lib/gcc/v850-elf/4.9-GNUV850_v14.01/../../../../v850-elf/lib/libc.a(lib_a-fflush.o)
                0x0000000000008496                ___sflush_r
                0x0000000000008642                __fflush_r
                0x000000000000867e                _fflush
 .text          0x00000000000086ac      0x2e2 /usr/local/athrill-gcc/lib/gcc/v850-elf/4.9-GNUV850_v14.01/../../../../v850-elf/lib/libc.a(lib_a-findfp.o)
                0x00000000000086b4                __cleanup_r
                0x00000000000086c8                ___sfmoreglue
                0x000000000000871c                __cleanup
                0x000000000000872c                ___sinit
                0x000000000000889e                ___sfp
                0x0000000000008956                ___sfp_lock_acquire
                0x0000000000008958                ___sfp_lock_release
                0x000000000000895a                ___sinit_lock_acquire
                0x000000000000895c                ___sinit_lock_release
                0x000000000000895e                ___fp_lock_all
                0x0000000000008976                ___fp_unlock_all
 .text          0x000000000000898e       0xe8 /usr/local/athrill-gcc/lib/gcc/v850-elf/4.9-GNUV850_v14.01/../../../../v850-elf/lib/libc.a(lib_a-fwalk.o)
                0x000000000000898e                __fwalk
                0x00000000000089fe                __fwalk_reent
 .text          0x0000000000008a76      0x6e8 /usr/local/athrill-gcc/lib/gcc/v850-elf/4.9-GNUV850_v14.01/../../../../v850-elf/lib/libc.a(lib_a-gdtoa-gethex.o)
                0x0000000000008afe                ___hexdig_fun
                0x0000000000008b34                ___gethex
 .text          0x000000000000915e      0x1c8 /usr/local/athrill-gcc/lib/gcc/v850-elf/4.9-GNUV850_v14.01/../../../../v850-elf/lib/libc.a(lib_a-gdtoa-hexnan.o)
                0x0000000000009192                ___hexnan
 .text          0x0000000000009326       0x1a /usr/local/athrill-gcc/lib/gcc/v850-elf/4.9-GNUV850_v14.01/../../../../v850-elf/lib/libc.a(lib_a-lseek.o)
                0x0000000000009326                __lseek
 .text          0x0000000000009340       0x22 /usr/local/athrill-gcc/lib/gcc/v850-elf/4.9-GNUV850_v14.01/../../../../v850-elf/lib/libc.a(lib_a-memchr.o)
                0x0000000000009340                _memchr
 .text          0x0000000000009362      0xb8e /usr/local/athrill-gcc/lib/gcc/v850-elf/4.9-GNUV850_v14.01/../../../../v850-elf/lib/libc.a(lib_a-mprec.o)
                0x0000000000009362                __Balloc
                0x00000000000093de                __Bfree
                0x00000000000093fc                ___multadd
                0x0000000000009510                ___s2b
                0x00000000000095c6                ___hi0bits
                0x0000000000009612                ___lo0bits
                0x0000000000009686                ___i2b
                0x00000000000096a6                ___multiply
                0x00000000000098bc                ___pow5mult
                0x0000000000009964                ___lshift
                0x0000000000009a4a                ___mcmp
                0x0000000000009a8a                ___mdiff
                0x0000000000009b94                ___ulp
                0x0000000000009bd6                ___b2d
                0x0000000000009c9c                ___d2b
                0x0000000000009da6                ___ratio
                0x0000000000009e22                __mprec_log10
                0x0000000000009e6a                ___copybits
                0x0000000000009ea0                ___any_on
 .text          0x0000000000009ef0       0x18 /usr/local/athrill-gcc/lib/gcc/v850-elf/4.9-GNUV850_v14.01/../../../../v850-elf/lib/libc.a(lib_a-read.o)
                0x0000000000009ef0                __read
 .text          0x0000000000009f08       0x42 /usr/local/athrill-gcc/lib/gcc/v850-elf/4.9-GNUV850_v14.01/../../../../v850-elf/lib/libc.a(lib_a-strncmp.o)
                0x0000000000009f08                _strncmp
 .text          0x0000000000009f4a      0xb78 /usr/local/athrill-gcc/lib/gcc/v850-elf/4.9-GNUV850_v14.01/../../../../v850-elf/lib/libc.a(lib_a-svfiprintf.o)
                0x0000000000009f4a                ___ssprint_r
                0x000000000000a0a2                __svfiprintf_r
 .text          0x000000000000aac2       0xbc /usr/local/athrill-gcc/lib/gcc/v850-elf/4.9-GNUV850_v14.01/../../../../v850-elf/lib/libc.a(lib_a-fclose.o)
                0x000000000000aac2                __fclose_r
                0x000000000000ab6c                _fclose
 .text          0x000000000000ab7e       0x44 /usr/local/athrill-gcc/lib/gcc/v850-elf/4.9-GNUV850_v14.01/../../../../v850-elf/lib/libc.a(lib_a-memmove.o)
                0x000000000000ab7e                _memmove
 .text          0x000000000000abc2       0x3e /usr/local/athrill-gcc/lib/gcc/v850-elf/4.9-GNUV850_v14.01/libgcc.a(_mulsi3.o)
                0x000000000000abc2                ___mulsi3
 .text          0x000000000000ac00       0x32 /usr/local/athrill-gcc/lib/gcc/v850-elf/4.9-GNUV850_v14.01/libgcc.a(_divsi3.o)
                0x000000000000ac00                ___divsi3
 .text          0x000000000000ac32       0x36 /usr/local/athrill-gcc/lib/gcc/v850-elf/4.9-GNUV850_v14.01/libgcc.a(_udivsi3.o)
                0x000000000000ac32                ___udivsi3
 .text          0x000000000000ac68       0x2a /usr/local/athrill-gcc/lib/gcc/v850-elf/4.9-GNUV850_v14.01/libgcc.a(_modsi3.o)
                0x000000000000ac68                ___modsi3
 .text          0x000000000000ac92       0x2a /usr/local/athrill-gcc/lib/gcc/v850-elf/4.9-GNUV850_v14.01/libgcc.a(_umodsi3.o)
                0x000000000000ac92                ___umodsi3
 .text          0x000000000000acbc       0x68 /usr/local/athrill-gcc/lib/gcc/v850-elf/4.9-GNUV850_v14.01/libgcc.a(_save_20c.o)
                0x000000000000acbc                __save_r20_r31
                0x000000000000acf0                __return_r20_r31
 .text          0x000000000000ad24       0x60 /usr/local/athrill-gcc/lib/gcc/v850-elf/4.9-GNUV850_v14.01/libgcc.a(_save_21c.o)
                0x000000000000ad24                __save_r21_r31
                0x000000000000ad54                __return_r21_r31
 .text          0x000000000000ad84       0x50 /usr/local/athrill-gcc/lib/gcc/v850-elf/4.9-GNUV850_v14.01/libgcc.a(_save_23c.o)
                0x000000000000ad84                __save_r23_r31
                0x000000000000adac                __return_r23_r31
 .text          0x000000000000add4       0x48 /usr/local/athrill-gcc/lib/gcc/v850-elf/4.9-GNUV850_v14.01/libgcc.a(_save_24c.o)
                0x000000000000add4                __save_r24_r31
                0x000000000000adf8                __return_r24_r31
 .text          0x000000000000ae1c       0x40 /usr/local/athrill-gcc/lib/gcc/v850-elf/4.9-GNUV850_v14.01/libgcc.a(_save_25c.o)
                0x000000000000ae1c                __save_r25_r31
                0x000000000000ae3c                __return_r25_r31
 .text          0x000000000000ae5c       0x38 /usr/local/athrill-gcc/lib/gcc/v850-elf/4.9-GNUV850_v14.01/libgcc.a(_save_26c.o)
                0x000000000000ae5c                __save_r26_r31
                0x000000000000ae78                __return_r26_r31
 .text          0x000000000000ae94       0x30 /usr/local/athrill-gcc/lib/gcc/v850-elf/4.9-GNUV850_v14.01/libgcc.a(_save_27c.o)
                0x000000000000ae94                __save_r27_r31
                0x000000000000aeac                __return_r27_r31
 .text          0x000000000000aec4       0x28 /usr/local/athrill-gcc/lib/gcc/v850-elf/4.9-GNUV850_v14.01/libgcc.a(_save_28c.o)
                0x000000000000aec4                __save_r28_r31
                0x000000000000aed8                __return_r28_r31
 .text          0x000000000000aeec       0x20 /usr/local/athrill-gcc/lib/gcc/v850-elf/4.9-GNUV850_v14.01/libgcc.a(_save_29c.o)
                0x000000000000aeec                __save_r29_r31
                0x000000000000aefc                __return_r29_r31
 .text          0x000000000000af0c       0x18 /usr/local/athrill-gcc/lib/gcc/v850-elf/4.9-GNUV850_v14.01/libgcc.a(_save_31c.o)
                0x000000000000af0c                __save_r31
                0x000000000000af18                __return_r31
 .text          0x000000000000af24       0x4c /usr/local/athrill-gcc/lib/gcc/v850-elf/4.9-GNUV850_v14.01/libgcc.a(_fixunsdfsi.o)
                0x000000000000af24                ___fixunsdfsi
 .text          0x000000000000af70      0x3f2 /usr/local/athrill-gcc/lib/gcc/v850-elf/4.9-GNUV850_v14.01/libgcc.a(_addsub_df.o)
                0x000000000000b282                ___adddf3
                0x000000000000b2ec                ___subdf3
 .text          0x000000000000b362      0x278 /usr/local/athrill-gcc/lib/gcc/v850-elf/4.9-GNUV850_v14.01/libgcc.a(_mul_df.o)
                0x000000000000b362                ___muldf3
 .text          0x000000000000b5da      0x192 /usr/local/athrill-gcc/lib/gcc/v850-elf/4.9-GNUV850_v14.01/libgcc.a(_div_df.o)
                0x000000000000b5da                ___divdf3
 .text          0x000000000000b76c       0x7a /usr/local/athrill-gcc/lib/gcc/v850-elf/4.9-GNUV850_v14.01/libgcc.a(_eq_df.o)
                0x000000000000b76c                ___eqdf2
 .text          0x000000000000b7e6       0x7a /usr/local/athrill-gcc/lib/gcc/v850-elf/4.9-GNUV850_v14.01/libgcc.a(_ne_df.o)
                0x000000000000b7e6                ___nedf2
 .text          0x000000000000b860       0x7a /usr/local/athrill-gcc/lib/gcc/v850-elf/4.9-GNUV850_v14.01/libgcc.a(_gt_df.o)
                0x000000000000b860                ___gtdf2
 .text          0x000000000000b8da       0x7a /usr/local/athrill-gcc/lib/gcc/v850-elf/4.9-GNUV850_v14.01/libgcc.a(_ge_df.o)
                0x000000000000b8da                ___gedf2
 .text          0x000000000000b954       0x7a /usr/local/athrill-gcc/lib/gcc/v850-elf/4.9-GNUV850_v14.01/libgcc.a(_lt_df.o)
                0x000000000000b954                ___ltdf2
 .text          0x000000000000b9ce       0x7a /usr/local/athrill-gcc/lib/gcc/v850-elf/4.9-GNUV850_v14.01/libgcc.a(_le_df.o)
                0x000000000000b9ce                ___ledf2
 .text          0x000000000000ba48       0x8e /usr/local/athrill-gcc/lib/gcc/v850-elf/4.9-GNUV850_v14.01/libgcc.a(_si_to_df.o)
                0x000000000000ba48                ___floatsidf
 .text          0x000000000000bad6       0xb0 /usr/local/athrill-gcc/lib/gcc/v850-elf/4.9-GNUV850_v14.01/libgcc.a(_df_to_si.o)
                0x000000000000bad6                ___fixdfsi
 .text          0x000000000000bb86       0x54 /usr/local/athrill-gcc/lib/gcc/v850-elf/4.9-GNUV850_v14.01/libgcc.a(_df_to_sf.o)
                0x000000000000bb86                ___truncdfsf2
 .text          0x000000000000bbda        0x0 /usr/local/athrill-gcc/lib/gcc/v850-elf/4.9-GNUV850_v14.01/libgcc.a(_thenan_df.o)
 .text          0x000000000000bbda       0x78 /usr/local/athrill-gcc/lib/gcc/v850-elf/4.9-GNUV850_v14.01/libgcc.a(_usi_to_df.o)
                0x000000000000bbda                ___floatunsidf
 .text          0x000000000000bc52       0xde /usr/local/athrill-gcc/lib/gcc/v850-elf/4.9-GNUV850_v14.01/libgcc.a(_muldi3.o)
                0x000000000000bc52                ___muldi3
 .text          0x000000000000bd30       0x58 /usr/local/athrill-gcc/lib/gcc/v850-elf/4.9-GNUV850_v14.01/libgcc.a(_clzsi2.o)
                0x000000000000bd30                ___clzsi2
 .text          0x000000000000bd88       0x24 /usr/local/athrill-gcc/lib/gcc/v850-elf/4.9-GNUV850_v14.01/libgcc.a(_make_sf.o)
                0x000000000000bd88                ___make_fp
 .text          0x000000000000bdac      0x1c0 /usr/local/athrill-gcc/lib/gcc/v850-elf/4.9-GNUV850_v14.01/libgcc.a(_pack_df.o)
                0x000000000000bdac                ___pack_d
 .text          0x000000000000bf6c       0xe4 /usr/local/athrill-gcc/lib/gcc/v850-elf/4.9-GNUV850_v14.01/libgcc.a(_unpack_df.o)
                0x000000000000bf6c                ___unpack_d
 .text          0x000000000000c050       0xa0 /usr/local/athrill-gcc/lib/gcc/v850-elf/4.9-GNUV850_v14.01/libgcc.a(_fpcmp_parts_df.o)
                0x000000000000c050                ___fpcmp_parts_d
 .text          0x000000000000c0f0        0x0 /usr/local/athrill-gcc/lib/gcc/v850-elf/4.9-GNUV850_v14.01/libgcc.a(_clz.o)
 .text          0x000000000000c0f0      0x100 /usr/local/athrill-gcc/lib/gcc/v850-elf/4.9-GNUV850_v14.01/libgcc.a(_pack_sf.o)
                0x000000000000c0f0                ___pack_f
                0x000000000000c1f0                _etext = .

.fini
 *(.fini)
                0x000000000000c1f0                _etext = .
                0x000000000000c1f0                PROVIDE (etext, .)

.gcc_except_table
 *(.gcc_except_table)

.ctors
 *crtbegin.o(.ctors)
 *(EXCLUDE_FILE(*crtend.o) .ctors)
 *(SORT(.ctors.*))
 *(.ctors)
                0x000000000000c1f0                ___ctors_end = .
                0x000000000000c1f0                ___dtors = .

.dtors
 *crtbegin.o(.dtors)
 *(EXCLUDE_FILE(*crtend.o) .dtors)
 *(SORT(.dtors.*))
 *(.dtors)
                0x000000000000c1f0                ___dtors_end = .

.rodata         0x000000000000c1f0      0x658
 *(.rodata)
 .rodata        0x000000000000c1f0       0x30 timer.o
 .rodata        0x000000000000c220       0x10 Endpoint.o
 .rodata        0x000000000000c230       0x28 /usr/local/athrill-gcc/lib/gcc/v850-elf/4.9-GNUV850_v14.01/../../../../v850-elf/lib/libc.a(lib_a-svfscanf.o)
 .rodata        0x000000000000c258      0x281 /usr/local/athrill-gcc/lib/gcc/v850-elf/4.9-GNUV850_v14.01/../../../../v850-elf/lib/libc.a(lib_a-ctype_.o)
                0x000000000000c258                __ctype_
 .rodata        0x000000000000c4d9        0x2 /usr/local/athrill-gcc/lib/gcc/v850-elf/4.9-GNUV850_v14.01/../../../../v850-elf/lib/libc.a(lib_a-impure.o)
 .rodata        0x000000000000c4db        0xb /usr/local/athrill-gcc/lib/gcc/v850-elf/4.9-GNUV850_v14.01/../../../../v850-elf/lib/libc.a(lib_a-locale.o)
 .rodata        0x000000000000c4e6        0x1 /usr/local/athrill-gcc/lib/gcc/v850-elf/4.9-GNUV850_v14.01/../../../../v850-elf/lib/libc.a(lib_a-mbrtowc.o)
 *fill*         0x000000000000c4e7        0x1 
 .rodata        0x000000000000c4e8       0x5c /usr/local/athrill-gcc/lib/gcc/v850-elf/4.9-GNUV850_v14.01/../../../../v850-elf/lib/libc.a(lib_a-strtod.o)
 .rodata        0x000000000000c544       0x22 /usr/local/athrill-gcc/lib/gcc/v850-elf/4.9-GNUV850_v14.01/../../../../v850-elf/lib/libc.a(lib_a-svfiscanf.o)
 .rodata        0x000000000000c566       0x54 /usr/local/athrill-gcc/lib/gcc/v850-elf/4.9-GNUV850_v14.01/../../../../v850-elf/lib/libc.a(lib_a-svfprintf.o)
 .rodata        0x000000000000c5ba        0xf /usr/local/athrill-gcc/lib/gcc/v850-elf/4.9-GNUV850_v14.01/../../../../v850-elf/lib/libc.a(lib_a-dtoa.o)
 *fill*         0x000000000000c5c9        0x3 
 .rodata        0x000000000000c5cc      0x124 /usr/local/athrill-gcc/lib/gcc/v850-elf/4.9-GNUV850_v14.01/../../../../v850-elf/lib/libc.a(lib_a-mprec.o)
                0x000000000000c5d8                ___mprec_tinytens
                0x000000000000c600                ___mprec_bigtens
                0x000000000000c628                ___mprec_tens
 .rodata        0x000000000000c6f0       0x42 /usr/local/athrill-gcc/lib/gcc/v850-elf/4.9-GNUV850_v14.01/../../../../v850-elf/lib/libc.a(lib_a-svfiprintf.o)
 *fill*         0x000000000000c732        0x2 
 .rodata        0x000000000000c734       0x14 /usr/local/athrill-gcc/lib/gcc/v850-elf/4.9-GNUV850_v14.01/libgcc.a(_thenan_df.o)
                0x000000000000c734                ___thenan_df
 .rodata        0x000000000000c748      0x100 /usr/local/athrill-gcc/lib/gcc/v850-elf/4.9-GNUV850_v14.01/libgcc.a(_clz.o)
                0x000000000000c748                ___clz_tab

.rodata.cst4    0x000000000000c848       0x1c
 .rodata.cst4   0x000000000000c848        0x4 /usr/local/athrill-gcc/lib/gcc/v850-elf/4.9-GNUV850_v14.01/../../../../v850-elf/lib/libc.a(lib_a-svfscanf.o)
 .rodata.cst4   0x000000000000c84c       0x10 /usr/local/athrill-gcc/lib/gcc/v850-elf/4.9-GNUV850_v14.01/../../../../v850-elf/lib/libc.a(lib_a-strtod.o)
 .rodata.cst4   0x000000000000c85c        0x8 /usr/local/athrill-gcc/lib/gcc/v850-elf/4.9-GNUV850_v14.01/../../../../v850-elf/lib/libc.a(lib_a-svfiscanf.o)

.rosdata        0x0000000006ff7000        0x4
 *(.rosdata)
 .rosdata       0x0000000006ff7000        0x4 /usr/local/athrill-gcc/lib/gcc/v850-elf/4.9-GNUV850_v14.01/../../../../v850-elf/lib/libc.a(lib_a-impure.o)
                0x0000000006ff7000                __global_impure_ptr
                0x0000000006ff7004                __gp = .
                0x0000000006ff7004                . = ALIGN (0x4)
                0x0000000006ff7004                __idata_start = .

.data           0x0000000006ff7004      0x4a8
                0x0000000006ff7004                . = ALIGN (0x4)
                0x0000000006ff7004                __data_start = .
 *(.data)
 .data          0x0000000006ff7004        0x0 lwip-athrill.o
 .data          0x0000000006ff7004        0x0 start.o
 .data          0x0000000006ff7004        0x0 vector.o
 .data          0x0000000006ff7004        0x0 software_init.o
 .data          0x0000000006ff7004        0x0 interrupt.o
 .data          0x0000000006ff7004        0x0 interrupt_table.o
 .data          0x0000000006ff7004        0x0 timer.o
 .data          0x0000000006ff7004        0x0 interrupt_asm.o
 .data          0x0000000006ff7004        0x0 EthernetInterface.o
 .data          0x0000000006ff7004        0x0 Endpoint.o
 .data          0x0000000006ff7004        0x0 Socket.o
 .data          0x0000000006ff7004        0x0 TCPSocketConnection.o
 .data          0x0000000006ff7004        0x0 TCPSocketServer.o
 .data          0x0000000006ff7004        0x0 main.o
 .data          0x0000000006ff7004        0x0 /usr/local/athrill-gcc/lib/gcc/v850-elf/4.9-GNUV850_v14.01/../../../../v850-elf/lib/libc.a(lib_a-memcpy.o)
 .data          0x0000000006ff7004        0x0 /usr/local/athrill-gcc/lib/gcc/v850-elf/4.9-GNUV850_v14.01/../../../../v850-elf/lib/libc.a(lib_a-memset.o)
 .data          0x0000000006ff7004        0x0 /usr/local/athrill-gcc/lib/gcc/v850-elf/4.9-GNUV850_v14.01/../../../../v850-elf/lib/libc.a(lib_a-sscanf.o)
 .data          0x0000000006ff7004        0x0 /usr/local/athrill-gcc/lib/gcc/v850-elf/4.9-GNUV850_v14.01/../../../../v850-elf/lib/libc.a(lib_a-stdio.o)
 .data          0x0000000006ff7004        0x0 /usr/local/athrill-gcc/lib/gcc/v850-elf/4.9-GNUV850_v14.01/../../../../v850-elf/lib/libc.a(lib_a-strlen.o)
 .data          0x0000000006ff7004        0x0 /usr/local/athrill-gcc/lib/gcc/v850-elf/4.9-GNUV850_v14.01/../../../../v850-elf/lib/libc.a(lib_a-svfscanf.o)
 .data          0x0000000006ff7004        0x0 /usr/local/athrill-gcc/lib/gcc/v850-elf/4.9-GNUV850_v14.01/../../../../v850-elf/lib/libc.a(lib_a-writer.o)
 .data          0x0000000006ff7004        0x0 /usr/local/athrill-gcc/lib/gcc/v850-elf/4.9-GNUV850_v14.01/../../../../v850-elf/lib/libc.a(lib_a-chmod.o)
 .data          0x0000000006ff7004        0x0 /usr/local/athrill-gcc/lib/gcc/v850-elf/4.9-GNUV850_v14.01/../../../../v850-elf/lib/libc.a(lib_a-closer.o)
 .data          0x0000000006ff7004        0x4 /usr/local/athrill-gcc/lib/gcc/v850-elf/4.9-GNUV850_v14.01/../../../../v850-elf/lib/libc.a(lib_a-ctype_.o)
                0x0000000006ff7004                ___ctype_ptr__
 .data          0x0000000006ff7008      0x424 /usr/local/athrill-gcc/lib/gcc/v850-elf/4.9-GNUV850_v14.01/../../../../v850-elf/lib/libc.a(lib_a-impure.o)
 .data          0x0000000006ff742c        0x0 /usr/local/athrill-gcc/lib/gcc/v850-elf/4.9-GNUV850_v14.01/../../../../v850-elf/lib/libc.a(lib_a-iswspace.o)
 .data          0x0000000006ff742c       0x7c /usr/local/athrill-gcc/lib/gcc/v850-elf/4.9-GNUV850_v14.01/../../../../v850-elf/lib/libc.a(lib_a-locale.o)
                0x0000000006ff74a4                ___mb_cur_max
 .data          0x0000000006ff74a8        0x0 /usr/local/athrill-gcc/lib/gcc/v850-elf/4.9-GNUV850_v14.01/../../../../v850-elf/lib/libc.a(lib_a-lseekr.o)
 .data          0x0000000006ff74a8        0x0 /usr/local/athrill-gcc/lib/gcc/v850-elf/4.9-GNUV850_v14.01/../../../../v850-elf/lib/libc.a(lib_a-mbrtowc.o)
 .data          0x0000000006ff74a8        0x4 /usr/local/athrill-gcc/lib/gcc/v850-elf/4.9-GNUV850_v14.01/../../../../v850-elf/lib/libc.a(lib_a-mbtowc_r.o)
                0x0000000006ff74a8                ___mbtowc
 .data          0x0000000006ff74ac        0x0 /usr/local/athrill-gcc/lib/gcc/v850-elf/4.9-GNUV850_v14.01/../../../../v850-elf/lib/libc.a(lib_a-readr.o)
 .data          0x0000000006ff74ac        0x0 /usr/local/athrill-gcc/lib/gcc/v850-elf/4.9-GNUV850_v14.01/../../../../v850-elf/lib/libc.a(lib_a-sccl.o)
 .data          0x0000000006ff74ac        0x0 /usr/local/athrill-gcc/lib/gcc/v850-elf/4.9-GNUV850_v14.01/../../../../v850-elf/lib/libc.a(lib_a-sf_nan.o)
 .data          0x0000000006ff74ac        0x0 /usr/local/athrill-gcc/lib/gcc/v850-elf/4.9-GNUV850_v14.01/../../../../v850-elf/lib/libc.a(lib_a-s_fpclassify.o)
 .data          0x0000000006ff74ac        0x0 /usr/local/athrill-gcc/lib/gcc/v850-elf/4.9-GNUV850_v14.01/../../../../v850-elf/lib/libc.a(lib_a-sprintf.o)
 .data          0x0000000006ff74ac        0x0 /usr/local/athrill-gcc/lib/gcc/v850-elf/4.9-GNUV850_v14.01/../../../../v850-elf/lib/libc.a(lib_a-strcmp.o)
 .data          0x0000000006ff74ac        0x0 /usr/local/athrill-gcc/lib/gcc/v850-elf/4.9-GNUV850_v14.01/../../../../v850-elf/lib/libc.a(lib_a-strtod.o)
 .data          0x0000000006ff74ac        0x0 /usr/local/athrill-gcc/lib/gcc/v850-elf/4.9-GNUV850_v14.01/../../../../v850-elf/lib/libc.a(lib_a-strtol.o)
 .data          0x0000000006ff74ac        0x0 /usr/local/athrill-gcc/lib/gcc/v850-elf/4.9-GNUV850_v14.01/../../../../v850-elf/lib/libc.a(lib_a-strtoul.o)
 .data          0x0000000006ff74ac        0x0 /usr/local/athrill-gcc/lib/gcc/v850-elf/4.9-GNUV850_v14.01/../../../../v850-elf/lib/libc.a(lib_a-svfiscanf.o)
 .data          0x0000000006ff74ac        0x0 /usr/local/athrill-gcc/lib/gcc/v850-elf/4.9-GNUV850_v14.01/../../../../v850-elf/lib/libc.a(lib_a-svfprintf.o)
 .data          0x0000000006ff74ac        0x0 /usr/local/athrill-gcc/lib/gcc/v850-elf/4.9-GNUV850_v14.01/../../../../v850-elf/lib/libc.a(lib_a-trap.o)
 .data          0x0000000006ff74ac        0x0 /usr/local/athrill-gcc/lib/gcc/v850-elf/4.9-GNUV850_v14.01/../../../../v850-elf/lib/libc.a(lib_a-ungetc.o)
 .data          0x0000000006ff74ac        0x0 /usr/local/athrill-gcc/lib/gcc/v850-elf/4.9-GNUV850_v14.01/../../../../v850-elf/lib/libc.a(lib_a-write.o)
 .data          0x0000000006ff74ac        0x0 /usr/local/athrill-gcc/lib/gcc/v850-elf/4.9-GNUV850_v14.01/../../../../v850-elf/lib/libc.a(lib_a-close.o)
 .data          0x0000000006ff74ac        0x0 /usr/local/athrill-gcc/lib/gcc/v850-elf/4.9-GNUV850_v14.01/../../../../v850-elf/lib/libc.a(lib_a-dtoa.o)
 .data          0x0000000006ff74ac        0x0 /usr/local/athrill-gcc/lib/gcc/v850-elf/4.9-GNUV850_v14.01/../../../../v850-elf/lib/libc.a(lib_a-fflush.o)
 .data          0x0000000006ff74ac        0x0 /usr/local/athrill-gcc/lib/gcc/v850-elf/4.9-GNUV850_v14.01/../../../../v850-elf/lib/libc.a(lib_a-findfp.o)
 .data          0x0000000006ff74ac        0x0 /usr/local/athrill-gcc/lib/gcc/v850-elf/4.9-GNUV850_v14.01/../../../../v850-elf/lib/libc.a(lib_a-fwalk.o)
 .data          0x0000000006ff74ac        0x0 /usr/local/athrill-gcc/lib/gcc/v850-elf/4.9-GNUV850_v14.01/../../../../v850-elf/lib/libc.a(lib_a-gdtoa-gethex.o)
 .data          0x0000000006ff74ac        0x0 /usr/local/athrill-gcc/lib/gcc/v850-elf/4.9-GNUV850_v14.01/../../../../v850-elf/lib/libc.a(lib_a-gdtoa-hexnan.o)
 .data          0x0000000006ff74ac        0x0 /usr/local/athrill-gcc/lib/gcc/v850-elf/4.9-GNUV850_v14.01/../../../../v850-elf/lib/libc.a(lib_a-lseek.o)
 .data          0x0000000006ff74ac        0x0 /usr/local/athrill-gcc/lib/gcc/v850-elf/4.9-GNUV850_v14.01/../../../../v850-elf/lib/libc.a(lib_a-memchr.o)
 .data          0x0000000006ff74ac        0x0 /usr/local/athrill-gcc/lib/gcc/v850-elf/4.9-GNUV850_v14.01/../../../../v850-elf/lib/libc.a(lib_a-mprec.o)
 .data          0x0000000006ff74ac        0x0 /usr/local/athrill-gcc/lib/gcc/v850-elf/4.9-GNUV850_v14.01/../../../../v850-elf/lib/libc.a(lib_a-read.o)
 .data          0x0000000006ff74ac        0x0 /usr/local/athrill-gcc/lib/gcc/v850-elf/4.9-GNUV850_v14.01/../../../../v850-elf/lib/libc.a(lib_a-strncmp.o)
 .data          0x0000000006ff74ac        0x0 /usr/local/athrill-gcc/lib/gcc/v850-elf/4.9-GNUV850_v14.01/../../../../v850-elf/lib/libc.a(lib_a-svfiprintf.o)
 .data          0x0000000006ff74ac        0x0 /usr/local/athrill-gcc/lib/gcc/v850-elf/4.9-GNUV850_v14.01/../../../../v850-elf/lib/libc.a(lib_a-fclose.o)
 .data          0x0000000006ff74ac        0x0 /usr/local/athrill-gcc/lib/gcc/v850-elf/4.9-GNUV850_v14.01/../../../../v850-elf/lib/libc.a(lib_a-memmove.o)
 .data          0x0000000006ff74ac        0x0 /usr/local/athrill-gcc/lib/gcc/v850-elf/4.9-GNUV850_v14.01/libgcc.a(_mulsi3.o)
 .data          0x0000000006ff74ac        0x0 /usr/local/athrill-gcc/lib/gcc/v850-elf/4.9-GNUV850_v14.01/libgcc.a(_divsi3.o)
 .data          0x0000000006ff74ac        0x0 /usr/local/athrill-gcc/lib/gcc/v850-elf/4.9-GNUV850_v14.01/libgcc.a(_udivsi3.o)
 .data          0x0000000006ff74ac        0x0 /usr/local/athrill-gcc/lib/gcc/v850-elf/4.9-GNUV850_v14.01/libgcc.a(_modsi3.o)
 .data          0x0000000006ff74ac        0x0 /usr/local/athrill-gcc/lib/gcc/v850-elf/4.9-GNUV850_v14.01/libgcc.a(_umodsi3.o)
 .data          0x0000000006ff74ac        0x0 /usr/local/athrill-gcc/lib/gcc/v850-elf/4.9-GNUV850_v14.01/libgcc.a(_save_20c.o)
 .data          0x0000000006ff74ac        0x0 /usr/local/athrill-gcc/lib/gcc/v850-elf/4.9-GNUV850_v14.01/libgcc.a(_save_21c.o)
 .data          0x0000000006ff74ac        0x0 /usr/local/athrill-gcc/lib/gcc/v850-elf/4.9-GNUV850_v14.01/libgcc.a(_save_23c.o)
 .data          0x0000000006ff74ac        0x0 /usr/local/athrill-gcc/lib/gcc/v850-elf/4.9-GNUV850_v14.01/libgcc.a(_save_24c.o)
 .data          0x0000000006ff74ac        0x0 /usr/local/athrill-gcc/lib/gcc/v850-elf/4.9-GNUV850_v14.01/libgcc.a(_save_25c.o)
 .data          0x0000000006ff74ac        0x0 /usr/local/athrill-gcc/lib/gcc/v850-elf/4.9-GNUV850_v14.01/libgcc.a(_save_26c.o)
 .data          0x0000000006ff74ac        0x0 /usr/local/athrill-gcc/lib/gcc/v850-elf/4.9-GNUV850_v14.01/libgcc.a(_save_27c.o)
 .data          0x0000000006ff74ac        0x0 /usr/local/athrill-gcc/lib/gcc/v850-elf/4.9-GNUV850_v14.01/libgcc.a(_save_28c.o)
 .data          0x0000000006ff74ac        0x0 /usr/local/athrill-gcc/lib/gcc/v850-elf/4.9-GNUV850_v14.01/libgcc.a(_save_29c.o)
 .data          0x0000000006ff74ac        0x0 /usr/local/athrill-gcc/lib/gcc/v850-elf/4.9-GNUV850_v14.01/libgcc.a(_save_31c.o)
 .data          0x0000000006ff74ac        0x0 /usr/local/athrill-gcc/lib/gcc/v850-elf/4.9-GNUV850_v14.01/libgcc.a(_fixunsdfsi.o)
 .data          0x0000000006ff74ac        0x0 /usr/local/athrill-gcc/lib/gcc/v850-elf/4.9-GNUV850_v14.01/libgcc.a(_addsub_df.o)
 .data          0x0000000006ff74ac        0x0 /usr/local/athrill-gcc/lib/gcc/v850-elf/4.9-GNUV850_v14.01/libgcc.a(_mul_df.o)
 .data          0x0000000006ff74ac        0x0 /usr/local/athrill-gcc/lib/gcc/v850-elf/4.9-GNUV850_v14.01/libgcc.a(_div_df.o)
 .data          0x0000000006ff74ac        0x0 /usr/local/athrill-gcc/lib/gcc/v850-elf/4.9-GNUV850_v14.01/libgcc.a(_eq_df.o)
 .data          0x0000000006ff74ac        0x0 /usr/local/athrill-gcc/lib/gcc/v850-elf/4.9-GNUV850_v14.01/libgcc.a(_ne_df.o)
 .data          0x0000000006ff74ac        0x0 /usr/local/athrill-gcc/lib/gcc/v850-elf/4.9-GNUV850_v14.01/libgcc.a(_gt_df.o)
 .data          0x0000000006ff74ac        0x0 /usr/local/athrill-gcc/lib/gcc/v850-elf/4.9-GNUV850_v14.01/libgcc.a(_ge_df.o)
 .data          0x0000000006ff74ac        0x0 /usr/local/athrill-gcc/lib/gcc/v850-elf/4.9-GNUV850_v14.01/libgcc.a(_lt_df.o)
 .data          0x0000000006ff74ac        0x0 /usr/local/athrill-gcc/lib/gcc/v850-elf/4.9-GNUV850_v14.01/libgcc.a(_le_df.o)
 .data          0x0000000006ff74ac        0x0 /usr/local/athrill-gcc/lib/gcc/v850-elf/4.9-GNUV850_v14.01/libgcc.a(_si_to_df.o)
 .data          0x0000000006ff74ac        0x0 /usr/local/athrill-gcc/lib/gcc/v850-elf/4.9-GNUV850_v14.01/libgcc.a(_df_to_si.o)
 .data          0x0000000006ff74ac        0x0 /usr/local/athrill-gcc/lib/gcc/v850-elf/4.9-GNUV850_v14.01/libgcc.a(_df_to_sf.o)
 .data          0x0000000006ff74ac        0x0 /usr/local/athrill-gcc/lib/gcc/v850-elf/4.9-GNUV850_v14.01/libgcc.a(_thenan_df.o)
 .data          0x0000000006ff74ac        0x0 /usr/local/athrill-gcc/lib/gcc/v850-elf/4.9-GNUV850_v14.01/libgcc.a(_usi_to_df.o)
 .data          0x0000000006ff74ac        0x0 /usr/local/athrill-gcc/lib/gcc/v850-elf/4.9-GNUV850_v14.01/libgcc.a(_muldi3.o)
 .data          0x0000000006ff74ac        0x0 /usr/local/athrill-gcc/lib/gcc/v850-elf/4.9-GNUV850_v14.01/libgcc.a(_clzsi2.o)
 .data          0x0000000006ff74ac        0x0 /usr/local/athrill-gcc/lib/gcc/v850-elf/4.9-GNUV850_v14.01/libgcc.a(_make_sf.o)
 .data          0x0000000006ff74ac        0x0 /usr/local/athrill-gcc/lib/gcc/v850-elf/4.9-GNUV850_v14.01/libgcc.a(_pack_df.o)
 .data          0x0000000006ff74ac        0x0 /usr/local/athrill-gcc/lib/gcc/v850-elf/4.9-GNUV850_v14.01/libgcc.a(_unpack_df.o)
 .data          0x0000000006ff74ac        0x0 /usr/local/athrill-gcc/lib/gcc/v850-elf/4.9-GNUV850_v14.01/libgcc.a(_fpcmp_parts_df.o)
 .data          0x0000000006ff74ac        0x0 /usr/local/athrill-gcc/lib/gcc/v850-elf/4.9-GNUV850_v14.01/libgcc.a(_clz.o)
 .data          0x0000000006ff74ac        0x0 /usr/local/athrill-gcc/lib/gcc/v850-elf/4.9-GNUV850_v14.01/libgcc.a(_pack_sf.o)
                0x0000000006ff74ac                . = ALIGN (0x4)
                0x0000000006ff74ac                _edata = .
                0x0000000006ff74ac                __idata_end = (__idata_start + SIZEOF (.data))

.sdata          0x0000000006ff74ac        0x4
 .sdata         0x0000000006ff74ac        0x4 /usr/local/athrill-gcc/lib/gcc/v850-elf/4.9-GNUV850_v14.01/../../../../v850-elf/lib/libc.a(lib_a-impure.o)
                0x0000000006ff74ac                __impure_ptr

.bss            0x0000000006ff74b0       0xdc
                0x0000000006ff74b0                . = ALIGN (0x4)
                0x0000000006ff74b0                __bss_start = .
 *(.bss)
 .bss           0x0000000006ff74b0        0x4 lwip-athrill.o
                0x0000000006ff74b0                ___dso_handle
 .bss           0x0000000006ff74b4        0x0 start.o
 .bss           0x0000000006ff74b4        0x0 vector.o
 .bss           0x0000000006ff74b4        0x0 software_init.o
 .bss           0x0000000006ff74b4        0x0 interrupt.o
 .bss           0x0000000006ff74b4       0x78 interrupt_table.o
 .bss           0x0000000006ff752c        0x8 timer.o
 .bss           0x0000000006ff7534        0x0 interrupt_asm.o
 .bss           0x0000000006ff7534       0x46 EthernetInterface.o
 .bss           0x0000000006ff757a        0x0 Endpoint.o
 .bss           0x0000000006ff757a        0x0 Socket.o
 .bss           0x0000000006ff757a        0x0 TCPSocketConnection.o
 .bss           0x0000000006ff757a        0x0 TCPSocketServer.o
 .bss           0x0000000006ff757a        0x0 main.o
 .bss           0x0000000006ff757a        0x0 /usr/local/athrill-gcc/lib/gcc/v850-elf/4.9-GNUV850_v14.01/../../../../v850-elf/lib/libc.a(lib_a-memcpy.o)
 .bss           0x0000000006ff757a        0x0 /usr/local/athrill-gcc/lib/gcc/v850-elf/4.9-GNUV850_v14.01/../../../../v850-elf/lib/libc.a(lib_a-memset.o)
 .bss           0x0000000006ff757a        0x0 /usr/local/athrill-gcc/lib/gcc/v850-elf/4.9-GNUV850_v14.01/../../../../v850-elf/lib/libc.a(lib_a-sscanf.o)
 .bss           0x0000000006ff757a        0x0 /usr/local/athrill-gcc/lib/gcc/v850-elf/4.9-GNUV850_v14.01/../../../../v850-elf/lib/libc.a(lib_a-stdio.o)
 .bss           0x0000000006ff757a        0x0 /usr/local/athrill-gcc/lib/gcc/v850-elf/4.9-GNUV850_v14.01/../../../../v850-elf/lib/libc.a(lib_a-strlen.o)
 .bss           0x0000000006ff757a        0x0 /usr/local/athrill-gcc/lib/gcc/v850-elf/4.9-GNUV850_v14.01/../../../../v850-elf/lib/libc.a(lib_a-svfscanf.o)
 .bss           0x0000000006ff757a        0x0 /usr/local/athrill-gcc/lib/gcc/v850-elf/4.9-GNUV850_v14.01/../../../../v850-elf/lib/libc.a(lib_a-writer.o)
 .bss           0x0000000006ff757a        0x0 /usr/local/athrill-gcc/lib/gcc/v850-elf/4.9-GNUV850_v14.01/../../../../v850-elf/lib/libc.a(lib_a-chmod.o)
 .bss           0x0000000006ff757a        0x0 /usr/local/athrill-gcc/lib/gcc/v850-elf/4.9-GNUV850_v14.01/../../../../v850-elf/lib/libc.a(lib_a-closer.o)
 .bss           0x0000000006ff757a        0x0 /usr/local/athrill-gcc/lib/gcc/v850-elf/4.9-GNUV850_v14.01/../../../../v850-elf/lib/libc.a(lib_a-ctype_.o)
 .bss           0x0000000006ff757a        0x0 /usr/local/athrill-gcc/lib/gcc/v850-elf/4.9-GNUV850_v14.01/../../../../v850-elf/lib/libc.a(lib_a-impure.o)
 .bss           0x0000000006ff757a        0x0 /usr/local/athrill-gcc/lib/gcc/v850-elf/4.9-GNUV850_v14.01/../../../../v850-elf/lib/libc.a(lib_a-iswspace.o)
 *fill*         0x0000000006ff757a        0x2 
 .bss           0x0000000006ff757c        0xc /usr/local/athrill-gcc/lib/gcc/v850-elf/4.9-GNUV850_v14.01/../../../../v850-elf/lib/libc.a(lib_a-locale.o)
                0x0000000006ff757c                __PathLocale
                0x0000000006ff7580                ___mlocale_changed
                0x0000000006ff7584                ___nlocale_changed
 .bss           0x0000000006ff7588        0x0 /usr/local/athrill-gcc/lib/gcc/v850-elf/4.9-GNUV850_v14.01/../../../../v850-elf/lib/libc.a(lib_a-lseekr.o)
 .bss           0x0000000006ff7588        0x0 /usr/local/athrill-gcc/lib/gcc/v850-elf/4.9-GNUV850_v14.01/../../../../v850-elf/lib/libc.a(lib_a-mbrtowc.o)
 .bss           0x0000000006ff7588        0x0 /usr/local/athrill-gcc/lib/gcc/v850-elf/4.9-GNUV850_v14.01/../../../../v850-elf/lib/libc.a(lib_a-mbtowc_r.o)
 .bss           0x0000000006ff7588        0x0 /usr/local/athrill-gcc/lib/gcc/v850-elf/4.9-GNUV850_v14.01/../../../../v850-elf/lib/libc.a(lib_a-readr.o)
 .bss           0x0000000006ff7588        0x0 /usr/local/athrill-gcc/lib/gcc/v850-elf/4.9-GNUV850_v14.01/../../../../v850-elf/lib/libc.a(lib_a-sccl.o)
 .bss           0x0000000006ff7588        0x0 /usr/local/athrill-gcc/lib/gcc/v850-elf/4.9-GNUV850_v14.01/../../../../v850-elf/lib/libc.a(lib_a-sf_nan.o)
 .bss           0x0000000006ff7588        0x0 /usr/local/athrill-gcc/lib/gcc/v850-elf/4.9-GNUV850_v14.01/../../../../v850-elf/lib/libc.a(lib_a-s_fpclassify.o)
 .bss           0x0000000006ff7588        0x0 /usr/local/athrill-gcc/lib/gcc/v850-elf/4.9-GNUV850_v14.01/../../../../v850-elf/lib/libc.a(lib_a-sprintf.o)
 .bss           0x0000000006ff7588        0x0 /usr/local/athrill-gcc/lib/gcc/v850-elf/4.9-GNUV850_v14.01/../../../../v850-elf/lib/libc.a(lib_a-strcmp.o)
 .bss           0x0000000006ff7588        0x0 /usr/local/athrill-gcc/lib/gcc/v850-elf/4.9-GNUV850_v14.01/../../../../v850-elf/lib/libc.a(lib_a-strtod.o)
 .bss           0x0000000006ff7588        0x0 /usr/local/athrill-gcc/lib/gcc/v850-elf/4.9-GNUV850_v14.01/../../../../v850-elf/lib/libc.a(lib_a-strtol.o)
 .bss           0x0000000006ff7588        0x0 /usr/local/athrill-gcc/lib/gcc/v850-elf/4.9-GNUV850_v14.01/../../../../v850-elf/lib/libc.a(lib_a-strtoul.o)
 .bss           0x0000000006ff7588        0x0 /usr/local/athrill-gcc/lib/gcc/v850-elf/4.9-GNUV850_v14.01/../../../../v850-elf/lib/libc.a(lib_a-svfiscanf.o)
 .bss           0x0000000006ff7588        0x0 /usr/local/athrill-gcc/lib/gcc/v850-elf/4.9-GNUV850_v14.01/../../../../v850-elf/lib/libc.a(lib_a-svfprintf.o)
 .bss           0x0000000006ff7588        0x0 /usr/local/athrill-gcc/lib/gcc/v850-elf/4.9-GNUV850_v14.01/../../../../v850-elf/lib/libc.a(lib_a-trap.o)
 .bss           0x0000000006ff7588        0x0 /usr/local/athrill-gcc/lib/gcc/v850-elf/4.9-GNUV850_v14.01/../../../../v850-elf/lib/libc.a(lib_a-ungetc.o)
 .bss           0x0000000006ff7588        0x0 /usr/local/athrill-gcc/lib/gcc/v850-elf/4.9-GNUV850_v14.01/../../../../v850-elf/lib/libc.a(lib_a-write.o)
 .bss           0x0000000006ff7588        0x0 /usr/local/athrill-gcc/lib/gcc/v850-elf/4.9-GNUV850_v14.01/../../../../v850-elf/lib/libc.a(lib_a-close.o)
 .bss           0x0000000006ff7588        0x0 /usr/local/athrill-gcc/lib/gcc/v850-elf/4.9-GNUV850_v14.01/../../../../v850-elf/lib/libc.a(lib_a-dtoa.o)
 .bss           0x0000000006ff7588        0x0 /usr/local/athrill-gcc/lib/gcc/v850-elf/4.9-GNUV850_v14.01/../../../../v850-elf/lib/libc.a(lib_a-fflush.o)
 .bss           0x0000000006ff7588        0x0 /usr/local/athrill-gcc/lib/gcc/v850-elf/4.9-GNUV850_v14.01/../../../../v850-elf/lib/libc.a(lib_a-findfp.o)
 .bss           0x0000000006ff7588        0x0 /usr/local/athrill-gcc/lib/gcc/v850-elf/4.9-GNUV850_v14.01/../../../../v850-elf/lib/libc.a(lib_a-fwalk.o)
 .bss           0x0000000006ff7588        0x0 /usr/local/athrill-gcc/lib/gcc/v850-elf/4.9-GNUV850_v14.01/../../../../v850-elf/lib/libc.a(lib_a-gdtoa-gethex.o)
 .bss           0x0000000006ff7588        0x0 /usr/local/athrill-gcc/lib/gcc/v850-elf/4.9-GNUV850_v14.01/../../../../v850-elf/lib/libc.a(lib_a-gdtoa-hexnan.o)
 .bss           0x0000000006ff7588        0x0 /usr/local/athrill-gcc/lib/gcc/v850-elf/4.9-GNUV850_v14.01/../../../../v850-elf/lib/libc.a(lib_a-lseek.o)
 .bss           0x0000000006ff7588        0x0 /usr/local/athrill-gcc/lib/gcc/v850-elf/4.9-GNUV850_v14.01/../../../../v850-elf/lib/libc.a(lib_a-memchr.o)
 .bss           0x0000000006ff7588        0x0 /usr/local/athrill-gcc/lib/gcc/v850-elf/4.9-GNUV850_v14.01/../../../../v850-elf/lib/libc.a(lib_a-mprec.o)
 .bss           0x0000000006ff7588        0x0 /usr/local/athrill-gcc/lib/gcc/v850-elf/4.9-GNUV850_v14.01/../../../../v850-elf/lib/libc.a(lib_a-read.o)
 .bss           0x0000000006ff7588        0x0 /usr/local/athrill-gcc/lib/gcc/v850-elf/4.9-GNUV850_v14.01/../../../../v850-elf/lib/libc.a(lib_a-strncmp.o)
 .bss           0x0000000006ff7588        0x0 /usr/local/athrill-gcc/lib/gcc/v850-elf/4.9-GNUV850_v14.01/../../../../v850-elf/lib/libc.a(lib_a-svfiprintf.o)
 .bss           0x0000000006ff7588        0x0 /usr/local/athrill-gcc/lib/gcc/v850-elf/4.9-GNUV850_v14.01/../../../../v850-elf/lib/libc.a(lib_a-fclose.o)
 .bss           0x0000000006ff7588        0x0 /usr/local/athrill-gcc/lib/gcc/v850-elf/4.9-GNUV850_v14.01/../../../../v850-elf/lib/libc.a(lib_a-memmove.o)
 .bss           0x0000000006ff7588        0x0 /usr/local/athrill-gcc/lib/gcc/v850-elf/4.9-GNUV850_v14.01/libgcc.a(_mulsi3.o)
 .bss           0x0000000006ff7588        0x0 /usr/local/athrill-gcc/lib/gcc/v850-elf/4.9-GNUV850_v14.01/libgcc.a(_divsi3.o)
 .bss           0x0000000006ff7588        0x0 /usr/local/athrill-gcc/lib/gcc/v850-elf/4.9-GNUV850_v14.01/libgcc.a(_udivsi3.o)
 .bss           0x0000000006ff7588        0x0 /usr/local/athrill-gcc/lib/gcc/v850-elf/4.9-GNUV850_v14.01/libgcc.a(_modsi3.o)
 .bss           0x0000000006ff7588        0x0 /usr/local/athrill-gcc/lib/gcc/v850-elf/4.9-GNUV850_v14.01/libgcc.a(_umodsi3.o)
 .bss           0x0000000006ff7588        0x0 /usr/local/athrill-gcc/lib/gcc/v850-elf/4.9-GNUV850_v14.01/libgcc.a(_save_20c.o)
 .bss           0x0000000006ff7588        0x0 /usr/local/athrill-gcc/lib/gcc/v850-elf/4.9-GNUV850_v14.01/libgcc.a(_save_21c.o)
 .bss           0x0000000006ff7588        0x0 /usr/local/athrill-gcc/lib/gcc/v850-elf/4.9-GNUV850_v14.01/libgcc.a(_save_23c.o)
 .bss           0x0000000006ff7588        0x0 /usr/local/athrill-gcc/lib/gcc/v850-elf/4.9-GNUV850_v14.01/libgcc.a(_save_24c.o)
 .bss           0x0000000006ff7588        0x0 /usr/local/athrill-gcc/lib/gcc/v850-elf/4.9-GNUV850_v14.01/libgcc.a(_save_25c.o)
 .bss           0x0000000006ff7588        0x0 /usr/local/athrill-gcc/lib/gcc/v850-elf/4.9-GNUV850_v14.01/libgcc.a(_save_26c.o)
 .bss           0x0000000006ff7588        0x0 /usr/local/athrill-gcc/lib/gcc/v850-elf/4.9-GNUV850_v14.01/libgcc.a(_save_27c.o)
 .bss           0x0000000006ff7588        0x0 /usr/local/athrill-gcc/lib/gcc/v850-elf/4.9-GNUV850_v14.01/libgcc.a(_save_28c.o)
 .bss           0x0000000006ff7588        0x0 /usr/local/athrill-gcc/lib/gcc/v850-elf/4.9-GNUV850_v14.01/libgcc.a(_save_29c.o)
 .bss           0x0000000006ff7588        0x0 /usr/local/athrill-gcc/lib/gcc/v850-elf/4.9-GNUV850_v14.01/libgcc.a(_save_31c.o)
 .bss           0x0000000006ff7588        0x0 /usr/local/athrill-gcc/lib/gcc/v850-elf/4.9-GNUV850_v14.01/libgcc.a(_fixunsdfsi.o)
 .bss           0x0000000006ff7588        0x0 /usr/local/athrill-gcc/lib/gcc/v850-elf/4.9-GNUV850_v14.01/libgcc.a(_addsub_df.o)
 .bss           0x0000000006ff7588        0x0 /usr/local/athrill-gcc/lib/gcc/v850-elf/4.9-GNUV850_v14.01/libgcc.a(_mul_df.o)
 .bss           0x0000000006ff7588        0x0 /usr/local/athrill-gcc/lib/gcc/v850-elf/4.9-GNUV850_v14.01/libgcc.a(_div_df.o)
 .bss           0x0000000006ff7588        0x0 /usr/local/athrill-gcc/lib/gcc/v850-elf/4.9-GNUV850_v14.01/libgcc.a(_eq_df.o)
 .bss           0x0000000006ff7588        0x0 /usr/local/athrill-gcc/lib/gcc/v850-elf/4.9-GNUV850_v14.01/libgcc.a(_ne_df.o)
 .bss           0x0000000006ff7588        0x0 /usr/local/athrill-gcc/lib/gcc/v850-elf/4.9-GNUV850_v14.01/libgcc.a(_gt_df.o)
 .bss           0x0000000006ff7588        0x0 /usr/local/athrill-gcc/lib/gcc/v850-elf/4.9-GNUV850_v14.01/libgcc.a(_ge_df.o)
 .bss           0x0000000006ff7588        0x0 /usr/local/athrill-gcc/lib/gcc/v850-elf/4.9-GNUV850_v14.01/libgcc.a(_lt_df.o)
 .bss           0x0000000006ff7588        0x0 /usr/local/athrill-gcc/lib/gcc/v850-elf/4.9-GNUV850_v14.01/libgcc.a(_le_df.o)
 .bss           0x0000000006ff7588        0x0 /usr/local/athrill-gcc/lib/gcc/v850-elf/4.9-GNUV850_v14.01/libgcc.a(_si_to_df.o)
 .bss           0x0000000006ff7588        0x0 /usr/local/athrill-gcc/lib/gcc/v850-elf/4.9-GNUV850_v14.01/libgcc.a(_df_to_si.o)
 .bss           0x0000000006ff7588        0x0 /usr/local/athrill-gcc/lib/gcc/v850-elf/4.9-GNUV850_v14.01/libgcc.a(_df_to_sf.o)
 .bss           0x0000000006ff7588        0x0 /usr/local/athrill-gcc/lib/gcc/v850-elf/4.9-GNUV850_v14.01/libgcc.a(_thenan_df.o)
 .bss           0x0000000006ff7588        0x0 /usr/local/athrill-gcc/lib/gcc/v850-elf/4.9-GNUV850_v14.01/libgcc.a(_usi_to_df.o)
 .bss           0x0000000006ff7588        0x0 /usr/local/athrill-gcc/lib/gcc/v850-elf/4.9-GNUV850_v14.01/libgcc.a(_muldi3.o)
 .bss           0x0000000006ff7588        0x0 /usr/local/athrill-gcc/lib/gcc/v850-elf/4.9-GNUV850_v14.01/libgcc.a(_clzsi2.o)
 .bss           0x0000000006ff7588        0x0 /usr/local/athrill-gcc/lib/gcc/v850-elf/4.9-GNUV850_v14.01/libgcc.a(_make_sf.o)
 .bss           0x0000000006ff7588        0x0 /usr/local/athrill-gcc/lib/gcc/v850-elf/4.9-GNUV850_v14.01/libgcc.a(_pack_df.o)
 .bss           0x0000000006ff7588        0x0 /usr/local/athrill-gcc/lib/gcc/v850-elf/4.9-GNUV850_v14.01/libgcc.a(_unpack_df.o)
 .bss           0x0000000006ff7588        0x0 /usr/local/athrill-gcc/lib/gcc/v850-elf/4.9-GNUV850_v14.01/libgcc.a(_fpcmp_parts_df.o)
 .bss           0x0000000006ff7588        0x0 /usr/local/athrill-gcc/lib/gcc/v850-elf/4.9-GNUV850_v14.01/libgcc.a(_clz.o)
 .bss           0x0000000006ff7588        0x0 /usr/local/athrill-gcc/lib/gcc/v850-elf/4.9-GNUV850_v14.01/libgcc.a(_pack_sf.o)
 *(COMMON)
 COMMON         0x0000000006ff7588        0x4 /usr/local/athrill-gcc/lib/gcc/v850-elf/4.9-GNUV850_v14.01/../../../../v850-elf/lib/libc.a(lib_a-chmod.o)
                0x0000000006ff7588                _errno
                0x0000000006ff758c                . = ALIGN (0x4)
                0x0000000006ff758c                __bss_end = .

.bss_noclr      0x0000000006ff758c      0x400
                0x0000000006ff758c                . = ALIGN (0x4)
 *(.bss_noclr)
 .bss_noclr     0x0000000006ff758c      0x400 main.o
                0x0000000006ff758c                _stack_data
                0x0000000006ff798c                . = ALIGN (0x4)
                0x0000000006ff798c                _end = .
                0x0000000006ff798c                __bss_end = .

.mmap_section   0x0000000007ff0000        0x0
                0x0000000007ff0000                . = ALIGN (0x4)
 *(.mmap_section)
                0x0000000007ff0000                . = ALIGN (0x4)

.athrill_device_section
                0x00000000dead0000        0x4
                0x00000000dead0000                . = ALIGN (0x4)
 *(.athrill_device_section)
 .athrill_device_section
                0x00000000dead0000        0x4 main.o
                0x00000000dead0000                _athrill_device_func_call
                0x00000000dead0004                . = ALIGN (0x4)

.comment        0x0000000000000000       0x47
 *(.comment)
 .comment       0x0000000000000000       0x1e lwip-athrill.o
                                         0x1f (size before relaxing)
 .comment       0x0000000000000000       0x1f software_init.o
 .comment       0x0000000000000000       0x1f interrupt.o
 .comment       0x0000000000000000       0x1f interrupt_table.o
 .comment       0x0000000000000000       0x1f timer.o
 .comment       0x0000000000000000       0x1f EthernetInterface.o
 .comment       0x0000000000000000       0x1f Endpoint.o
 .comment       0x0000000000000000       0x1f Socket.o
 .comment       0x0000000000000000       0x1f TCPSocketConnection.o
 .comment       0x0000000000000000       0x1f TCPSocketServer.o
 .comment       0x0000000000000000       0x1f main.o
 .comment       0x000000000000001e       0x29 /usr/local/athrill-gcc/lib/gcc/v850-elf/4.9-GNUV850_v14.01/../../../../v850-elf/lib/libc.a(lib_a-memcpy.o)
                                         0x2a (size before relaxing)
 .comment       0x0000000000000000       0x2a /usr/local/athrill-gcc/lib/gcc/v850-elf/4.9-GNUV850_v14.01/../../../../v850-elf/lib/libc.a(lib_a-memset.o)
 .comment       0x0000000000000000       0x2a /usr/local/athrill-gcc/lib/gcc/v850-elf/4.9-GNUV850_v14.01/../../../../v850-elf/lib/libc.a(lib_a-sscanf.o)
 .comment       0x0000000000000000       0x2a /usr/local/athrill-gcc/lib/gcc/v850-elf/4.9-GNUV850_v14.01/../../../../v850-elf/lib/libc.a(lib_a-stdio.o)
 .comment       0x0000000000000000       0x2a /usr/local/athrill-gcc/lib/gcc/v850-elf/4.9-GNUV850_v14.01/../../../../v850-elf/lib/libc.a(lib_a-strlen.o)
 .comment       0x0000000000000000       0x2a /usr/local/athrill-gcc/lib/gcc/v850-elf/4.9-GNUV850_v14.01/../../../../v850-elf/lib/libc.a(lib_a-svfscanf.o)
 .comment       0x0000000000000000       0x2a /usr/local/athrill-gcc/lib/gcc/v850-elf/4.9-GNUV850_v14.01/../../../../v850-elf/lib/libc.a(lib_a-writer.o)
 .comment       0x0000000000000000       0x2a /usr/local/athrill-gcc/lib/gcc/v850-elf/4.9-GNUV850_v14.01/../../../../v850-elf/lib/libc.a(lib_a-chmod.o)
 .comment       0x0000000000000000       0x2a /usr/local/athrill-gcc/lib/gcc/v850-elf/4.9-GNUV850_v14.01/../../../../v850-elf/lib/libc.a(lib_a-closer.o)
 .comment       0x0000000000000000       0x2a /usr/local/athrill-gcc/lib/gcc/v850-elf/4.9-GNUV850_v14.01/../../../../v850-elf/lib/libc.a(lib_a-ctype_.o)
 .comment       0x0000000000000000       0x2a /usr/local/athrill-gcc/lib/gcc/v850-elf/4.9-GNUV850_v14.01/../../../../v850-elf/lib/libc.a(lib_a-impure.o)
 .comment       0x0000000000000000       0x2a /usr/local/athrill-gcc/lib/gcc/v850-elf/4.9-GNUV850_v14.01/../../../../v850-elf/lib/libc.a(lib_a-iswspace.o)
 .comment       0x0000000000000000       0x2a /usr/local/athrill-gcc/lib/gcc/v850-elf/4.9-GNUV850_v14.01/../../../../v850-elf/lib/libc.a(lib_a-locale.o)
 .comment       0x0000000000000000       0x2a /usr/local/athrill-gcc/lib/gcc/v850-elf/4.9-GNUV850_v14.01/../../../../v850-elf/lib/libc.a(lib_a-lseekr.o)
 .comment       0x0000000000000000       0x2a /usr/local/athrill-gcc/lib/gcc/v850-elf/4.9-GNUV850_v14.01/../../../../v850-elf/lib/libc.a(lib_a-mbrtowc.o)
 .comment       0x0000000000000000       0x2a /usr/local/athrill-gcc/lib/gcc/v850-elf/4.9-GNUV850_v14.01/../../../../v850-elf/lib/libc.a(lib_a-mbtowc_r.o)
 .comment       0x0000000000000000       0x2a /usr/local/athrill-gcc/lib/gcc/v850-elf/4.9-GNUV850_v14.01/../../../../v850-elf/lib/libc.a(lib_a-readr.o)
 .comment       0x0000000000000000       0x2a /usr/local/athrill-gcc/lib/gcc/v850-elf/4.9-GNUV850_v14.01/../../../../v850-elf/lib/libc.a(lib_a-sccl.o)
 .comment       0x0000000000000000       0x2a /usr/local/athrill-gcc/lib/gcc/v850-elf/4.9-GNUV850_v14.01/../../../../v850-elf/lib/libc.a(lib_a-sf_nan.o)
 .comment       0x0000000000000000       0x2a /usr/local/athrill-gcc/lib/gcc/v850-elf/4.9-GNUV850_v14.01/../../../../v850-elf/lib/libc.a(lib_a-s_fpclassify.o)
 .comment       0x0000000000000000       0x2a /usr/local/athrill-gcc/lib/gcc/v850-elf/4.9-GNUV850_v14.01/../../../../v850-elf/lib/libc.a(lib_a-sprintf.o)
 .comment       0x0000000000000000       0x2a /usr/local/athrill-gcc/lib/gcc/v850-elf/4.9-GNUV850_v14.01/../../../../v850-elf/lib/libc.a(lib_a-strcmp.o)
 .comment       0x0000000000000000       0x2a /usr/local/athrill-gcc/lib/gcc/v850-elf/4.9-GNUV850_v14.01/../../../../v850-elf/lib/libc.a(lib_a-strtod.o)
 .comment       0x0000000000000000       0x2a /usr/local/athrill-gcc/lib/gcc/v850-elf/4.9-GNUV850_v14.01/../../../../v850-elf/lib/libc.a(lib_a-strtol.o)
 .comment       0x0000000000000000       0x2a /usr/local/athrill-gcc/lib/gcc/v850-elf/4.9-GNUV850_v14.01/../../../../v850-elf/lib/libc.a(lib_a-strtoul.o)
 .comment       0x0000000000000000       0x2a /usr/local/athrill-gcc/lib/gcc/v850-elf/4.9-GNUV850_v14.01/../../../../v850-elf/lib/libc.a(lib_a-svfiscanf.o)
 .comment       0x0000000000000000       0x2a /usr/local/athrill-gcc/lib/gcc/v850-elf/4.9-GNUV850_v14.01/../../../../v850-elf/lib/libc.a(lib_a-svfprintf.o)
 .comment       0x0000000000000000       0x2a /usr/local/athrill-gcc/lib/gcc/v850-elf/4.9-GNUV850_v14.01/../../../../v850-elf/lib/libc.a(lib_a-ungetc.o)
 .comment       0x0000000000000000       0x2a /usr/local/athrill-gcc/lib/gcc/v850-elf/4.9-GNUV850_v14.01/../../../../v850-elf/lib/libc.a(lib_a-write.o)
 .comment       0x0000000000000000       0x2a /usr/local/athrill-gcc/lib/gcc/v850-elf/4.9-GNUV850_v14.01/../../../../v850-elf/lib/libc.a(lib_a-close.o)
 .comment       0x0000000000000000       0x2a /usr/local/athrill-gcc/lib/gcc/v850-elf/4.9-GNUV850_v14.01/../../../../v850-elf/lib/libc.a(lib_a-dtoa.o)
 .comment       0x0000000000000000       0x2a /usr/local/athrill-gcc/lib/gcc/v850-elf/4.9-GNUV850_v14.01/../../../../v850-elf/lib/libc.a(lib_a-fflush.o)
 .comment       0x0000000000000000       0x2a /usr/local/athrill-gcc/lib/gcc/v850-elf/4.9-GNUV850_v14.01/../../../../v850-elf/lib/libc.a(lib_a-findfp.o)
 .comment       0x0000000000000000       0x2a /usr/local/athrill-gcc/lib/gcc/v850-elf/4.9-GNUV850_v14.01/../../../../v850-elf/lib/libc.a(lib_a-fwalk.o)
 .comment       0x0000000000000000       0x2a /usr/local/athrill-gcc/lib/gcc/v850-elf/4.9-GNUV850_v14.01/../../../../v850-elf/lib/libc.a(lib_a-gdtoa-gethex.o)
 .comment       0x0000000000000000       0x2a /usr/local/athrill-gcc/lib/gcc/v850-elf/4.9-GNUV850_v14.01/../../../../v850-elf/lib/libc.a(lib_a-gdtoa-hexnan.o)
 .comment       0x0000000000000000       0x2a /usr/local/athrill-gcc/lib/gcc/v850-elf/4.9-GNUV850_v14.01/../../../../v850-elf/lib/libc.a(lib_a-lseek.o)
 .comment       0x0000000000000000       0x2a /usr/local/athrill-gcc/lib/gcc/v850-elf/4.9-GNUV850_v14.01/../../../../v850-elf/lib/libc.a(lib_a-memchr.o)
 .comment       0x0000000000000000       0x2a /usr/local/athrill-gcc/lib/gcc/v850-elf/4.9-GNUV850_v14.01/../../../../v850-elf/lib/libc.a(lib_a-mprec.o)
 .comment       0x0000000000000000       0x2a /usr/local/athrill-gcc/lib/gcc/v850-elf/4.9-GNUV850_v14.01/../../../../v850-elf/lib/libc.a(lib_a-read.o)
 .comment       0x0000000000000000       0x2a /usr/local/athrill-gcc/lib/gcc/v850-elf/4.9-GNUV850_v14.01/../../../../v850-elf/lib/libc.a(lib_a-strncmp.o)
 .comment       0x0000000000000000       0x2a /usr/local/athrill-gcc/lib/gcc/v850-elf/4.9-GNUV850_v14.01/../../../../v850-elf/lib/libc.a(lib_a-svfiprintf.o)
 .comment       0x0000000000000000       0x2a /usr/local/athrill-gcc/lib/gcc/v850-elf/4.9-GNUV850_v14.01/../../../../v850-elf/lib/libc.a(lib_a-fclose.o)
 .comment       0x0000000000000000       0x2a /usr/local/athrill-gcc/lib/gcc/v850-elf/4.9-GNUV850_v14.01/../../../../v850-elf/lib/libc.a(lib_a-memmove.o)
 .comment       0x0000000000000000       0x1f /usr/local/athrill-gcc/lib/gcc/v850-elf/4.9-GNUV850_v14.01/libgcc.a(_fixunsdfsi.o)
 .comment       0x0000000000000000       0x1f /usr/local/athrill-gcc/lib/gcc/v850-elf/4.9-GNUV850_v14.01/libgcc.a(_addsub_df.o)
 .comment       0x0000000000000000       0x1f /usr/local/athrill-gcc/lib/gcc/v850-elf/4.9-GNUV850_v14.01/libgcc.a(_mul_df.o)
 .comment       0x0000000000000000       0x1f /usr/local/athrill-gcc/lib/gcc/v850-elf/4.9-GNUV850_v14.01/libgcc.a(_div_df.o)
 .comment       0x0000000000000000       0x1f /usr/local/athrill-gcc/lib/gcc/v850-elf/4.9-GNUV850_v14.01/libgcc.a(_eq_df.o)
 .comment       0x0000000000000000       0x1f /usr/local/athrill-gcc/lib/gcc/v850-elf/4.9-GNUV850_v14.01/libgcc.a(_ne_df.o)
 .comment       0x0000000000000000       0x1f /usr/local/athrill-gcc/lib/gcc/v850-elf/4.9-GNUV850_v14.01/libgcc.a(_gt_df.o)
 .comment       0x0000000000000000       0x1f /usr/local/athrill-gcc/lib/gcc/v850-elf/4.9-GNUV850_v14.01/libgcc.a(_ge_df.o)
 .comment       0x0000000000000000       0x1f /usr/local/athrill-gcc/lib/gcc/v850-elf/4.9-GNUV850_v14.01/libgcc.a(_lt_df.o)
 .comment       0x0000000000000000       0x1f /usr/local/athrill-gcc/lib/gcc/v850-elf/4.9-GNUV850_v14.01/libgcc.a(_le_df.o)
 .comment       0x0000000000000000       0x1f /usr/local/athrill-gcc/lib/gcc/v850-elf/4.9-GNUV850_v14.01/libgcc.a(_si_to_df.o)
 .comment       0x0000000000000000       0x1f /usr/local/athrill-gcc/lib/gcc/v850-elf/4.9-GNUV850_v14.01/libgcc.a(_df_to_si.o)
 .comment       0x0000000000000000       0x1f /usr/local/athrill-gcc/lib/gcc/v850-elf/4.9-GNUV850_v14.01/libgcc.a(_df_to_sf.o)
 .comment       0x0000000000000000       0x1f /usr/local/athrill-gcc/lib/gcc/v850-elf/4.9-GNUV850_v14.01/libgcc.a(_thenan_df.o)
 .comment       0x0000000000000000       0x1f /usr/local/athrill-gcc/lib/gcc/v850-elf/4.9-GNUV850_v14.01/libgcc.a(_usi_to_df.o)
 .comment       0x0000000000000000       0x1f /usr/local/athrill-gcc/lib/gcc/v850-elf/4.9-GNUV850_v14.01/libgcc.a(_clzsi2.o)
 .comment       0x0000000000000000       0x1f /usr/local/athrill-gcc/lib/gcc/v850-elf/4.9-GNUV850_v14.01/libgcc.a(_make_sf.o)
 .comment       0x0000000000000000       0x1f /usr/local/athrill-gcc/lib/gcc/v850-elf/4.9-GNUV850_v14.01/libgcc.a(_pack_df.o)
 .comment       0x0000000000000000       0x1f /usr/local/athrill-gcc/lib/gcc/v850-elf/4.9-GNUV850_v14.01/libgcc.a(_unpack_df.o)
 .comment       0x0000000000000000       0x1f /usr/local/athrill-gcc/lib/gcc/v850-elf/4.9-GNUV850_v14.01/libgcc.a(_fpcmp_parts_df.o)
 .comment       0x0000000000000000       0x1f /usr/local/athrill-gcc/lib/gcc/v850-elf/4.9-GNUV850_v14.01/libgcc.a(_clz.o)
 .comment       0x0000000000000000       0x1f /usr/local/athrill-gcc/lib/gcc/v850-elf/4.9-GNUV850_v14.01/libgcc.a(_pack_sf.o)

.note.renesas   0x0000000000000000       0xb4
 .note.renesas  0x0000000000000000       0xb4 lwip-athrill.o
 .note.renesas  0x0000000000000000       0xb4 start.o
 .note.renesas  0x0000000000000000       0xb4 vector.o
 .note.renesas  0x0000000000000000       0xb4 software_init.o
 .note.renesas  0x0000000000000000       0xb4 interrupt.o
 .note.renesas  0x0000000000000000       0xb4 interrupt_table.o
 .note.renesas  0x0000000000000000       0xb4 timer.o
 .note.renesas  0x0000000000000000       0xb4 interrupt_asm.o
 .note.renesas  0x0000000000000000       0xb4 EthernetInterface.o
 .note.renesas  0x0000000000000000       0xb4 Endpoint.o
 .note.renesas  0x0000000000000000       0xb4 Socket.o
 .note.renesas  0x0000000000000000       0xb4 TCPSocketConnection.o
 .note.renesas  0x0000000000000000       0xb4 TCPSocketServer.o
 .note.renesas  0x0000000000000000       0xb4 main.o
 .note.renesas  0x0000000000000000       0xb4 /usr/local/athrill-gcc/lib/gcc/v850-elf/4.9-GNUV850_v14.01/../../../../v850-elf/lib/libc.a(lib_a-memcpy.o)
 .note.renesas  0x0000000000000000       0xb4 /usr/local/athrill-gcc/lib/gcc/v850-elf/4.9-GNUV850_v14.01/../../../../v850-elf/lib/libc.a(lib_a-memset.o)
 .note.renesas  0x0000000000000000       0xb4 /usr/local/athrill-gcc/lib/gcc/v850-elf/4.9-GNUV850_v14.01/../../../../v850-elf/lib/libc.a(lib_a-sscanf.o)
 .note.renesas  0x0000000000000000       0xb4 /usr/local/athrill-gcc/lib/gcc/v850-elf/4.9-GNUV850_v14.01/../../../../v850-elf/lib/libc.a(lib_a-stdio.o)
 .note.renesas  0x0000000000000000       0xb4 /usr/local/athrill-gcc/lib/gcc/v850-elf/4.9-GNUV850_v14.01/../../../../v850-elf/lib/libc.a(lib_a-strlen.o)
 .note.renesas  0x0000000000000000       0xb4 /usr/local/athrill-gcc/lib/gcc/v850-elf/4.9-GNUV850_v14.01/../../../../v850-elf/lib/libc.a(lib_a-svfscanf.o)
 .note.renesas  0x0000000000000000       0xb4 /usr/local/athrill-gcc/lib/gcc/v850-elf/4.9-GNUV850_v14.01/../../../../v850-elf/lib/libc.a(lib_a-writer.o)
 .note.renesas  0x0000000000000000       0xb4 /usr/local/athrill-gcc/lib/gcc/v850-elf/4.9-GNUV850_v14.01/../../../../v850-elf/lib/libc.a(lib_a-chmod.o)
 .note.renesas  0x0000000000000000       0xb4 /usr/local/athrill-gcc/lib/gcc/v850-elf/4.9-GNUV850_v14.01/../../../../v850-elf/lib/libc.a(lib_a-closer.o)
 .note.renesas  0x0000000000000000       0xb4 /usr/local/athrill-gcc/lib/gcc/v850-elf/4.9-GNUV850_v14.01/../../../../v850-elf/lib/libc.a(lib_a-ctype_.o)
 .note.renesas  0x0000000000000000       0xb4 /usr/local/athrill-gcc/lib/gcc/v850-elf/4.9-GNUV850_v14.01/../../../../v850-elf/lib/libc.a(lib_a-impure.o)
 .note.renesas  0x0000000000000000       0xb4 /usr/local/athrill-gcc/lib/gcc/v850-elf/4.9-GNUV850_v14.01/../../../../v850-elf/lib/libc.a(lib_a-iswspace.o)
 .note.renesas  0x0000000000000000       0xb4 /usr/local/athrill-gcc/lib/gcc/v850-elf/4.9-GNUV850_v14.01/../../../../v850-elf/lib/libc.a(lib_a-locale.o)
 .note.renesas  0x0000000000000000       0xb4 /usr/local/athrill-gcc/lib/gcc/v850-elf/4.9-GNUV850_v14.01/../../../../v850-elf/lib/libc.a(lib_a-lseekr.o)
 .note.renesas  0x0000000000000000       0xb4 /usr/local/athrill-gcc/lib/gcc/v850-elf/4.9-GNUV850_v14.01/../../../../v850-elf/lib/libc.a(lib_a-mbrtowc.o)
 .note.renesas  0x0000000000000000       0xb4 /usr/local/athrill-gcc/lib/gcc/v850-elf/4.9-GNUV850_v14.01/../../../../v850-elf/lib/libc.a(lib_a-mbtowc_r.o)
 .note.renesas  0x0000000000000000       0xb4 /usr/local/athrill-gcc/lib/gcc/v850-elf/4.9-GNUV850_v14.01/../../../../v850-elf/lib/libc.a(lib_a-readr.o)
 .note.renesas  0x0000000000000000       0xb4 /usr/local/athrill-gcc/lib/gcc/v850-elf/4.9-GNUV850_v14.01/../../../../v850-elf/lib/libc.a(lib_a-sccl.o)
 .note.renesas  0x0000000000000000       0xb4 /usr/local/athrill-gcc/lib/gcc/v850-elf/4.9-GNUV850_v14.01/../../../../v850-elf/lib/libc.a(lib_a-sf_nan.o)
 .note.renesas  0x0000000000000000       0xb4 /usr/local/athrill-gcc/lib/gcc/v850-elf/4.9-GNUV850_v14.01/../../../../v850-elf/lib/libc.a(lib_a-s_fpclassify.o)
 .note.renesas  0x0000000000000000       0xb4 /usr/local/athrill-gcc/lib/gcc/v850-elf/4.9-GNUV850_v14.01/../../../../v850-elf/lib/libc.a(lib_a-sprintf.o)
 .note.renesas  0x0000000000000000       0xb4 /usr/local/athrill-gcc/lib/gcc/v850-elf/4.9-GNUV850_v14.01/../../../../v850-elf/lib/libc.a(lib_a-strcmp.o)
 .note.renesas  0x0000000000000000       0xb4 /usr/local/athrill-gcc/lib/gcc/v850-elf/4.9-GNUV850_v14.01/../../../../v850-elf/lib/libc.a(lib_a-strtod.o)
 .note.renesas  0x0000000000000000       0xb4 /usr/local/athrill-gcc/lib/gcc/v850-elf/4.9-GNUV850_v14.01/../../../../v850-elf/lib/libc.a(lib_a-strtol.o)
 .note.renesas  0x0000000000000000       0xb4 /usr/local/athrill-gcc/lib/gcc/v850-elf/4.9-GNUV850_v14.01/../../../../v850-elf/lib/libc.a(lib_a-strtoul.o)
 .note.renesas  0x0000000000000000       0xb4 /usr/local/athrill-gcc/lib/gcc/v850-elf/4.9-GNUV850_v14.01/../../../../v850-elf/lib/libc.a(lib_a-svfiscanf.o)
 .note.renesas  0x0000000000000000       0xb4 /usr/local/athrill-gcc/lib/gcc/v850-elf/4.9-GNUV850_v14.01/../../../../v850-elf/lib/libc.a(lib_a-svfprintf.o)
 .note.renesas  0x0000000000000000       0xb4 /usr/local/athrill-gcc/lib/gcc/v850-elf/4.9-GNUV850_v14.01/../../../../v850-elf/lib/libc.a(lib_a-trap.o)
 .note.renesas  0x0000000000000000       0xb4 /usr/local/athrill-gcc/lib/gcc/v850-elf/4.9-GNUV850_v14.01/../../../../v850-elf/lib/libc.a(lib_a-ungetc.o)
 .note.renesas  0x0000000000000000       0xb4 /usr/local/athrill-gcc/lib/gcc/v850-elf/4.9-GNUV850_v14.01/../../../../v850-elf/lib/libc.a(lib_a-write.o)
 .note.renesas  0x0000000000000000       0xb4 /usr/local/athrill-gcc/lib/gcc/v850-elf/4.9-GNUV850_v14.01/../../../../v850-elf/lib/libc.a(lib_a-close.o)
 .note.renesas  0x0000000000000000       0xb4 /usr/local/athrill-gcc/lib/gcc/v850-elf/4.9-GNUV850_v14.01/../../../../v850-elf/lib/libc.a(lib_a-dtoa.o)
 .note.renesas  0x0000000000000000       0xb4 /usr/local/athrill-gcc/lib/gcc/v850-elf/4.9-GNUV850_v14.01/../../../../v850-elf/lib/libc.a(lib_a-fflush.o)
 .note.renesas  0x0000000000000000       0xb4 /usr/local/athrill-gcc/lib/gcc/v850-elf/4.9-GNUV850_v14.01/../../../../v850-elf/lib/libc.a(lib_a-findfp.o)
 .note.renesas  0x0000000000000000       0xb4 /usr/local/athrill-gcc/lib/gcc/v850-elf/4.9-GNUV850_v14.01/../../../../v850-elf/lib/libc.a(lib_a-fwalk.o)
 .note.renesas  0x0000000000000000       0xb4 /usr/local/athrill-gcc/lib/gcc/v850-elf/4.9-GNUV850_v14.01/../../../../v850-elf/lib/libc.a(lib_a-gdtoa-gethex.o)
 .note.renesas  0x0000000000000000       0xb4 /usr/local/athrill-gcc/lib/gcc/v850-elf/4.9-GNUV850_v14.01/../../../../v850-elf/lib/libc.a(lib_a-gdtoa-hexnan.o)
 .note.renesas  0x0000000000000000       0xb4 /usr/local/athrill-gcc/lib/gcc/v850-elf/4.9-GNUV850_v14.01/../../../../v850-elf/lib/libc.a(lib_a-lseek.o)
 .note.renesas  0x0000000000000000       0xb4 /usr/local/athrill-gcc/lib/gcc/v850-elf/4.9-GNUV850_v14.01/../../../../v850-elf/lib/libc.a(lib_a-memchr.o)
 .note.renesas  0x0000000000000000       0xb4 /usr/local/athrill-gcc/lib/gcc/v850-elf/4.9-GNUV850_v14.01/../../../../v850-elf/lib/libc.a(lib_a-mprec.o)
 .note.renesas  0x0000000000000000       0xb4 /usr/local/athrill-gcc/lib/gcc/v850-elf/4.9-GNUV850_v14.01/../../../../v850-elf/lib/libc.a(lib_a-read.o)
 .note.renesas  0x0000000000000000       0xb4 /usr/local/athrill-gcc/lib/gcc/v850-elf/4.9-GNUV850_v14.01/../../../../v850-elf/lib/libc.a(lib_a-strncmp.o)
 .note.renesas  0x0000000000000000       0xb4 /usr/local/athrill-gcc/lib/gcc/v850-elf/4.9-GNUV850_v14.01/../../../../v850-elf/lib/libc.a(lib_a-svfiprintf.o)
 .note.renesas  0x0000000000000000       0xb4 /usr/local/athrill-gcc/lib/gcc/v850-elf/4.9-GNUV850_v14.01/../../../../v850-elf/lib/libc.a(lib_a-fclose.o)
 .note.renesas  0x0000000000000000       0xb4 /usr/local/athrill-gcc/lib/gcc/v850-elf/4.9-GNUV850_v14.01/../../../../v850-elf/lib/libc.a(lib_a-memmove.o)
 .note.renesas  0x0000000000000000       0xb4 /usr/local/athrill-gcc/lib/gcc/v850-elf/4.9-GNUV850_v14.01/libgcc.a(_mulsi3.o)
 .note.renesas  0x0000000000000000       0xb4 /usr/local/athrill-gcc/lib/gcc/v850-elf/4.9-GNUV850_v14.01/libgcc.a(_divsi3.o)
 .note.renesas  0x0000000000000000       0xb4 /usr/local/athrill-gcc/lib/gcc/v850-elf/4.9-GNUV850_v14.01/libgcc.a(_udivsi3.o)
 .note.renesas  0x0000000000000000       0xb4 /usr/local/athrill-gcc/lib/gcc/v850-elf/4.9-GNUV850_v14.01/libgcc.a(_modsi3.o)
 .note.renesas  0x0000000000000000       0xb4 /usr/local/athrill-gcc/lib/gcc/v850-elf/4.9-GNUV850_v14.01/libgcc.a(_umodsi3.o)
 .note.renesas  0x0000000000000000       0xb4 /usr/local/athrill-gcc/lib/gcc/v850-elf/4.9-GNUV850_v14.01/libgcc.a(_save_20c.o)
 .note.renesas  0x0000000000000000       0xb4 /usr/local/athrill-gcc/lib/gcc/v850-elf/4.9-GNUV850_v14.01/libgcc.a(_save_21c.o)
 .note.renesas  0x0000000000000000       0xb4 /usr/local/athrill-gcc/lib/gcc/v850-elf/4.9-GNUV850_v14.01/libgcc.a(_save_23c.o)
 .note.renesas  0x0000000000000000       0xb4 /usr/local/athrill-gcc/lib/gcc/v850-elf/4.9-GNUV850_v14.01/libgcc.a(_save_24c.o)
 .note.renesas  0x0000000000000000       0xb4 /usr/local/athrill-gcc/lib/gcc/v850-elf/4.9-GNUV850_v14.01/libgcc.a(_save_25c.o)
 .note.renesas  0x0000000000000000       0xb4 /usr/local/athrill-gcc/lib/gcc/v850-elf/4.9-GNUV850_v14.01/libgcc.a(_save_26c.o)
 .note.renesas  0x0000000000000000       0xb4 /usr/local/athrill-gcc/lib/gcc/v850-elf/4.9-GNUV850_v14.01/libgcc.a(_save_27c.o)
 .note.renesas  0x0000000000000000       0xb4 /usr/local/athrill-gcc/lib/gcc/v850-elf/4.9-GNUV850_v14.01/libgcc.a(_save_28c.o)
 .note.renesas  0x0000000000000000       0xb4 /usr/local/athrill-gcc/lib/gcc/v850-elf/4.9-GNUV850_v14.01/libgcc.a(_save_29c.o)
 .note.renesas  0x0000000000000000       0xb4 /usr/local/athrill-gcc/lib/gcc/v850-elf/4.9-GNUV850_v14.01/libgcc.a(_save_31c.o)
 .note.renesas  0x0000000000000000       0xb4 /usr/local/athrill-gcc/lib/gcc/v850-elf/4.9-GNUV850_v14.01/libgcc.a(_fixunsdfsi.o)
 .note.renesas  0x0000000000000000       0xb4 /usr/local/athrill-gcc/lib/gcc/v850-elf/4.9-GNUV850_v14.01/libgcc.a(_addsub_df.o)
 .note.renesas  0x0000000000000000       0xb4 /usr/local/athrill-gcc/lib/gcc/v850-elf/4.9-GNUV850_v14.01/libgcc.a(_mul_df.o)
 .note.renesas  0x0000000000000000       0xb4 /usr/local/athrill-gcc/lib/gcc/v850-elf/4.9-GNUV850_v14.01/libgcc.a(_div_df.o)
 .note.renesas  0x0000000000000000       0xb4 /usr/local/athrill-gcc/lib/gcc/v850-elf/4.9-GNUV850_v14.01/libgcc.a(_eq_df.o)
 .note.renesas  0x0000000000000000       0xb4 /usr/local/athrill-gcc/lib/gcc/v850-elf/4.9-GNUV850_v14.01/libgcc.a(_ne_df.o)
 .note.renesas  0x0000000000000000       0xb4 /usr/local/athrill-gcc/lib/gcc/v850-elf/4.9-GNUV850_v14.01/libgcc.a(_gt_df.o)
 .note.renesas  0x0000000000000000       0xb4 /usr/local/athrill-gcc/lib/gcc/v850-elf/4.9-GNUV850_v14.01/libgcc.a(_ge_df.o)
 .note.renesas  0x0000000000000000       0xb4 /usr/local/athrill-gcc/lib/gcc/v850-elf/4.9-GNUV850_v14.01/libgcc.a(_lt_df.o)
 .note.renesas  0x0000000000000000       0xb4 /usr/local/athrill-gcc/lib/gcc/v850-elf/4.9-GNUV850_v14.01/libgcc.a(_le_df.o)
 .note.renesas  0x0000000000000000       0xb4 /usr/local/athrill-gcc/lib/gcc/v850-elf/4.9-GNUV850_v14.01/libgcc.a(_si_to_df.o)
 .note.renesas  0x0000000000000000       0xb4 /usr/local/athrill-gcc/lib/gcc/v850-elf/4.9-GNUV850_v14.01/libgcc.a(_df_to_si.o)
 .note.renesas  0x0000000000000000       0xb4 /usr/local/athrill-gcc/lib/gcc/v850-elf/4.9-GNUV850_v14.01/libgcc.a(_df_to_sf.o)
 .note.renesas  0x0000000000000000       0xb4 /usr/local/athrill-gcc/lib/gcc/v850-elf/4.9-GNUV850_v14.01/libgcc.a(_thenan_df.o)
 .note.renesas  0x0000000000000000       0xb4 /usr/local/athrill-gcc/lib/gcc/v850-elf/4.9-GNUV850_v14.01/libgcc.a(_usi_to_df.o)
 .note.renesas  0x0000000000000000       0xb4 /usr/local/athrill-gcc/lib/gcc/v850-elf/4.9-GNUV850_v14.01/libgcc.a(_muldi3.o)
 .note.renesas  0x0000000000000000       0xb4 /usr/local/athrill-gcc/lib/gcc/v850-elf/4.9-GNUV850_v14.01/libgcc.a(_clzsi2.o)
 .note.renesas  0x0000000000000000       0xb4 /usr/local/athrill-gcc/lib/gcc/v850-elf/4.9-GNUV850_v14.01/libgcc.a(_make_sf.o)
 .note.renesas  0x0000000000000000       0xb4 /usr/local/athrill-gcc/lib/gcc/v850-elf/4.9-GNUV850_v14.01/libgcc.a(_pack_df.o)
 .note.renesas  0x0000000000000000       0xb4 /usr/local/athrill-gcc/lib/gcc/v850-elf/4.9-GNUV850_v14.01/libgcc.a(_unpack_df.o)
 .note.renesas  0x0000000000000000       0xb4 /usr/local/athrill-gcc/lib/gcc/v850-elf/4.9-GNUV850_v14.01/libgcc.a(_fpcmp_parts_df.o)
 .note.renesas  0x0000000000000000       0xb4 /usr/local/athrill-gcc/lib/gcc/v850-elf/4.9-GNUV850_v14.01/libgcc.a(_clz.o)
 .note.renesas  0x0000000000000000       0xb4 /usr/local/athrill-gcc/lib/gcc/v850-elf/4.9-GNUV850_v14.01/libgcc.a(_pack_sf.o)

.debug
 *(.debug)

.line
 *(.line)

.debug_srcinfo
 *(.debug_srcinfo)

.debug_sfnames
 *(.debug_sfnames)

.debug_aranges  0x0000000000000000      0x670
 *(.debug_aranges)
 .debug_aranges
                0x0000000000000000       0x20 lwip-athrill.o
 .debug_aranges
                0x0000000000000020       0x20 start.o
 .debug_aranges
                0x0000000000000040       0x20 vector.o
 .debug_aranges
                0x0000000000000060       0x20 software_init.o
 .debug_aranges
                0x0000000000000080       0x20 interrupt.o
 .debug_aranges
                0x00000000000000a0       0x20 interrupt_table.o
 .debug_aranges
                0x00000000000000c0       0x20 timer.o
 .debug_aranges
                0x00000000000000e0       0x20 interrupt_asm.o
 .debug_aranges
                0x0000000000000100       0x20 EthernetInterface.o
 .debug_aranges
                0x0000000000000120       0x20 Endpoint.o
 .debug_aranges
                0x0000000000000140       0x20 Socket.o
 .debug_aranges
                0x0000000000000160       0x20 TCPSocketConnection.o
 .debug_aranges
                0x0000000000000180       0x20 TCPSocketServer.o
 .debug_aranges
                0x00000000000001a0       0x20 main.o
 .debug_aranges
                0x00000000000001c0       0x20 /usr/local/athrill-gcc/lib/gcc/v850-elf/4.9-GNUV850_v14.01/libgcc.a(_mulsi3.o)
 .debug_aranges
                0x00000000000001e0       0x20 /usr/local/athrill-gcc/lib/gcc/v850-elf/4.9-GNUV850_v14.01/libgcc.a(_divsi3.o)
 .debug_aranges
                0x0000000000000200       0x20 /usr/local/athrill-gcc/lib/gcc/v850-elf/4.9-GNUV850_v14.01/libgcc.a(_udivsi3.o)
 .debug_aranges
                0x0000000000000220       0x20 /usr/local/athrill-gcc/lib/gcc/v850-elf/4.9-GNUV850_v14.01/libgcc.a(_modsi3.o)
 .debug_aranges
                0x0000000000000240       0x20 /usr/local/athrill-gcc/lib/gcc/v850-elf/4.9-GNUV850_v14.01/libgcc.a(_umodsi3.o)
 .debug_aranges
                0x0000000000000260       0x20 /usr/local/athrill-gcc/lib/gcc/v850-elf/4.9-GNUV850_v14.01/libgcc.a(_save_20c.o)
 .debug_aranges
                0x0000000000000280       0x20 /usr/local/athrill-gcc/lib/gcc/v850-elf/4.9-GNUV850_v14.01/libgcc.a(_save_21c.o)
 .debug_aranges
                0x00000000000002a0       0x20 /usr/local/athrill-gcc/lib/gcc/v850-elf/4.9-GNUV850_v14.01/libgcc.a(_save_23c.o)
 .debug_aranges
                0x00000000000002c0       0x20 /usr/local/athrill-gcc/lib/gcc/v850-elf/4.9-GNUV850_v14.01/libgcc.a(_save_24c.o)
 .debug_aranges
                0x00000000000002e0       0x20 /usr/local/athrill-gcc/lib/gcc/v850-elf/4.9-GNUV850_v14.01/libgcc.a(_save_25c.o)
 .debug_aranges
                0x0000000000000300       0x20 /usr/local/athrill-gcc/lib/gcc/v850-elf/4.9-GNUV850_v14.01/libgcc.a(_save_26c.o)
 .debug_aranges
                0x0000000000000320       0x20 /usr/local/athrill-gcc/lib/gcc/v850-elf/4.9-GNUV850_v14.01/libgcc.a(_save_27c.o)
 .debug_aranges
                0x0000000000000340       0x20 /usr/local/athrill-gcc/lib/gcc/v850-elf/4.9-GNUV850_v14.01/libgcc.a(_save_28c.o)
 .debug_aranges
                0x0000000000000360       0x20 /usr/local/athrill-gcc/lib/gcc/v850-elf/4.9-GNUV850_v14.01/libgcc.a(_save_29c.o)
 .debug_aranges
                0x0000000000000380       0x20 /usr/local/athrill-gcc/lib/gcc/v850-elf/4.9-GNUV850_v14.01/libgcc.a(_save_31c.o)
 .debug_aranges
                0x00000000000003a0       0x20 /usr/local/athrill-gcc/lib/gcc/v850-elf/4.9-GNUV850_v14.01/libgcc.a(_fixunsdfsi.o)
 .debug_aranges
                0x00000000000003c0       0x20 /usr/local/athrill-gcc/lib/gcc/v850-elf/4.9-GNUV850_v14.01/libgcc.a(_addsub_df.o)
 .debug_aranges
                0x00000000000003e0       0x20 /usr/local/athrill-gcc/lib/gcc/v850-elf/4.9-GNUV850_v14.01/libgcc.a(_mul_df.o)
 .debug_aranges
                0x0000000000000400       0x20 /usr/local/athrill-gcc/lib/gcc/v850-elf/4.9-GNUV850_v14.01/libgcc.a(_div_df.o)
 .debug_aranges
                0x0000000000000420       0x20 /usr/local/athrill-gcc/lib/gcc/v850-elf/4.9-GNUV850_v14.01/libgcc.a(_eq_df.o)
 .debug_aranges
                0x0000000000000440       0x20 /usr/local/athrill-gcc/lib/gcc/v850-elf/4.9-GNUV850_v14.01/libgcc.a(_ne_df.o)
 .debug_aranges
                0x0000000000000460       0x20 /usr/local/athrill-gcc/lib/gcc/v850-elf/4.9-GNUV850_v14.01/libgcc.a(_gt_df.o)
 .debug_aranges
                0x0000000000000480       0x20 /usr/local/athrill-gcc/lib/gcc/v850-elf/4.9-GNUV850_v14.01/libgcc.a(_ge_df.o)
 .debug_aranges
                0x00000000000004a0       0x20 /usr/local/athrill-gcc/lib/gcc/v850-elf/4.9-GNUV850_v14.01/libgcc.a(_lt_df.o)
 .debug_aranges
                0x00000000000004c0       0x20 /usr/local/athrill-gcc/lib/gcc/v850-elf/4.9-GNUV850_v14.01/libgcc.a(_le_df.o)
 .debug_aranges
                0x00000000000004e0       0x20 /usr/local/athrill-gcc/lib/gcc/v850-elf/4.9-GNUV850_v14.01/libgcc.a(_si_to_df.o)
 .debug_aranges
                0x0000000000000500       0x20 /usr/local/athrill-gcc/lib/gcc/v850-elf/4.9-GNUV850_v14.01/libgcc.a(_df_to_si.o)
 .debug_aranges
                0x0000000000000520       0x20 /usr/local/athrill-gcc/lib/gcc/v850-elf/4.9-GNUV850_v14.01/libgcc.a(_df_to_sf.o)
 .debug_aranges
                0x0000000000000540       0x18 /usr/local/athrill-gcc/lib/gcc/v850-elf/4.9-GNUV850_v14.01/libgcc.a(_thenan_df.o)
 .debug_aranges
                0x0000000000000558       0x20 /usr/local/athrill-gcc/lib/gcc/v850-elf/4.9-GNUV850_v14.01/libgcc.a(_usi_to_df.o)
 .debug_aranges
                0x0000000000000578       0x20 /usr/local/athrill-gcc/lib/gcc/v850-elf/4.9-GNUV850_v14.01/libgcc.a(_muldi3.o)
 .debug_aranges
                0x0000000000000598       0x20 /usr/local/athrill-gcc/lib/gcc/v850-elf/4.9-GNUV850_v14.01/libgcc.a(_clzsi2.o)
 .debug_aranges
                0x00000000000005b8       0x20 /usr/local/athrill-gcc/lib/gcc/v850-elf/4.9-GNUV850_v14.01/libgcc.a(_make_sf.o)
 .debug_aranges
                0x00000000000005d8       0x20 /usr/local/athrill-gcc/lib/gcc/v850-elf/4.9-GNUV850_v14.01/libgcc.a(_pack_df.o)
 .debug_aranges
                0x00000000000005f8       0x20 /usr/local/athrill-gcc/lib/gcc/v850-elf/4.9-GNUV850_v14.01/libgcc.a(_unpack_df.o)
 .debug_aranges
                0x0000000000000618       0x20 /usr/local/athrill-gcc/lib/gcc/v850-elf/4.9-GNUV850_v14.01/libgcc.a(_fpcmp_parts_df.o)
 .debug_aranges
                0x0000000000000638       0x18 /usr/local/athrill-gcc/lib/gcc/v850-elf/4.9-GNUV850_v14.01/libgcc.a(_clz.o)
 .debug_aranges
                0x0000000000000650       0x20 /usr/local/athrill-gcc/lib/gcc/v850-elf/4.9-GNUV850_v14.01/libgcc.a(_pack_sf.o)

.debug_pubnames
 *(.debug_pubnames)
OUTPUT(sample elf32-v850-rh850)

.debug_frame    0x0000000000000000     0x1f38
 .debug_frame   0x0000000000000000      0x53c lwip-athrill.o
 .debug_frame   0x000000000000053c       0x64 software_init.o
 .debug_frame   0x00000000000005a0       0xfc interrupt.o
 .debug_frame   0x000000000000069c       0x88 interrupt_table.o
 .debug_frame   0x0000000000000724       0x64 timer.o
 .debug_frame   0x0000000000000788       0xf0 EthernetInterface.o
 .debug_frame   0x0000000000000878       0xc8 Endpoint.o
 .debug_frame   0x0000000000000940      0x164 Socket.o
 .debug_frame   0x0000000000000aa4       0xec TCPSocketConnection.o
 .debug_frame   0x0000000000000b90       0x90 TCPSocketServer.o
 .debug_frame   0x0000000000000c20       0x2c main.o
 .debug_frame   0x0000000000000c4c       0x20 /usr/local/athrill-gcc/lib/gcc/v850-elf/4.9-GNUV850_v14.01/../../../../v850-elf/lib/libc.a(lib_a-memcpy.o)
 .debug_frame   0x0000000000000c6c       0x20 /usr/local/athrill-gcc/lib/gcc/v850-elf/4.9-GNUV850_v14.01/../../../../v850-elf/lib/libc.a(lib_a-memset.o)
 .debug_frame   0x0000000000000c8c       0x50 /usr/local/athrill-gcc/lib/gcc/v850-elf/4.9-GNUV850_v14.01/../../../../v850-elf/lib/libc.a(lib_a-sscanf.o)
 .debug_frame   0x0000000000000cdc       0x98 /usr/local/athrill-gcc/lib/gcc/v850-elf/4.9-GNUV850_v14.01/../../../../v850-elf/lib/libc.a(lib_a-stdio.o)
 .debug_frame   0x0000000000000d74       0x20 /usr/local/athrill-gcc/lib/gcc/v850-elf/4.9-GNUV850_v14.01/../../../../v850-elf/lib/libc.a(lib_a-strlen.o)
 .debug_frame   0x0000000000000d94       0x48 /usr/local/athrill-gcc/lib/gcc/v850-elf/4.9-GNUV850_v14.01/../../../../v850-elf/lib/libc.a(lib_a-svfscanf.o)
 .debug_frame   0x0000000000000ddc       0x38 /usr/local/athrill-gcc/lib/gcc/v850-elf/4.9-GNUV850_v14.01/../../../../v850-elf/lib/libc.a(lib_a-writer.o)
 .debug_frame   0x0000000000000e14       0x20 /usr/local/athrill-gcc/lib/gcc/v850-elf/4.9-GNUV850_v14.01/../../../../v850-elf/lib/libc.a(lib_a-chmod.o)
 .debug_frame   0x0000000000000e34       0x38 /usr/local/athrill-gcc/lib/gcc/v850-elf/4.9-GNUV850_v14.01/../../../../v850-elf/lib/libc.a(lib_a-closer.o)
 .debug_frame   0x0000000000000e6c       0x20 /usr/local/athrill-gcc/lib/gcc/v850-elf/4.9-GNUV850_v14.01/../../../../v850-elf/lib/libc.a(lib_a-iswspace.o)
 .debug_frame   0x0000000000000e8c       0xac /usr/local/athrill-gcc/lib/gcc/v850-elf/4.9-GNUV850_v14.01/../../../../v850-elf/lib/libc.a(lib_a-locale.o)
 .debug_frame   0x0000000000000f38       0x38 /usr/local/athrill-gcc/lib/gcc/v850-elf/4.9-GNUV850_v14.01/../../../../v850-elf/lib/libc.a(lib_a-lseekr.o)
 .debug_frame   0x0000000000000f70       0x4c /usr/local/athrill-gcc/lib/gcc/v850-elf/4.9-GNUV850_v14.01/../../../../v850-elf/lib/libc.a(lib_a-mbrtowc.o)
 .debug_frame   0x0000000000000fbc       0x48 /usr/local/athrill-gcc/lib/gcc/v850-elf/4.9-GNUV850_v14.01/../../../../v850-elf/lib/libc.a(lib_a-mbtowc_r.o)
 .debug_frame   0x0000000000001004       0x38 /usr/local/athrill-gcc/lib/gcc/v850-elf/4.9-GNUV850_v14.01/../../../../v850-elf/lib/libc.a(lib_a-readr.o)
 .debug_frame   0x000000000000103c       0x20 /usr/local/athrill-gcc/lib/gcc/v850-elf/4.9-GNUV850_v14.01/../../../../v850-elf/lib/libc.a(lib_a-sccl.o)
 .debug_frame   0x000000000000105c       0x20 /usr/local/athrill-gcc/lib/gcc/v850-elf/4.9-GNUV850_v14.01/../../../../v850-elf/lib/libc.a(lib_a-sf_nan.o)
 .debug_frame   0x000000000000107c       0x20 /usr/local/athrill-gcc/lib/gcc/v850-elf/4.9-GNUV850_v14.01/../../../../v850-elf/lib/libc.a(lib_a-s_fpclassify.o)
 .debug_frame   0x000000000000109c       0x40 /usr/local/athrill-gcc/lib/gcc/v850-elf/4.9-GNUV850_v14.01/../../../../v850-elf/lib/libc.a(lib_a-sprintf.o)