Archive member included because of file (symbol)

/usr/local/athrill-gcc/lib/gcc/v850-elf/4.9-GNUV850_v14.01/../../../../v850-elf/lib/libsupc++.a(del_op.o)
                              main.o (__ZdlPv)
/usr/local/athrill-gcc/lib/gcc/v850-elf/4.9-GNUV850_v14.01/../../../../v850-elf/lib/libsupc++.a(new_op.o)
                              main.o (__Znwj)
/usr/local/athrill-gcc/lib/gcc/v850-elf/4.9-GNUV850_v14.01/../../../../v850-elf/lib/libsupc++.a(bad_alloc.o)
                              /usr/local/athrill-gcc/lib/gcc/v850-elf/4.9-GNUV850_v14.01/../../../../v850-elf/lib/libsupc++.a(new_op.o) (__ZTVSt9bad_alloc)
/usr/local/athrill-gcc/lib/gcc/v850-elf/4.9-GNUV850_v14.01/../../../../v850-elf/lib/libsupc++.a(eh_alloc.o)
                              /usr/local/athrill-gcc/lib/gcc/v850-elf/4.9-GNUV850_v14.01/../../../../v850-elf/lib/libsupc++.a(new_op.o) (___cxa_allocate_exception)
/usr/local/athrill-gcc/lib/gcc/v850-elf/4.9-GNUV850_v14.01/../../../../v850-elf/lib/libsupc++.a(eh_exception.o)
                              /usr/local/athrill-gcc/lib/gcc/v850-elf/4.9-GNUV850_v14.01/../../../../v850-elf/lib/libsupc++.a(bad_alloc.o) (__ZNSt9exceptionD2Ev)
/usr/local/athrill-gcc/lib/gcc/v850-elf/4.9-GNUV850_v14.01/../../../../v850-elf/lib/libsupc++.a(eh_terminate.o)
                              /usr/local/athrill-gcc/lib/gcc/v850-elf/4.9-GNUV850_v14.01/../../../../v850-elf/lib/libsupc++.a(eh_alloc.o) (__ZSt9terminatev)
/usr/local/athrill-gcc/lib/gcc/v850-elf/4.9-GNUV850_v14.01/../../../../v850-elf/lib/libsupc++.a(eh_throw.o)
                              /usr/local/athrill-gcc/lib/gcc/v850-elf/4.9-GNUV850_v14.01/../../../../v850-elf/lib/libsupc++.a(new_op.o) (___cxa_throw)
/usr/local/athrill-gcc/lib/gcc/v850-elf/4.9-GNUV850_v14.01/../../../../v850-elf/lib/libsupc++.a(eh_unex_handler.o)
                              /usr/local/athrill-gcc/lib/gcc/v850-elf/4.9-GNUV850_v14.01/../../../../v850-elf/lib/libsupc++.a(eh_terminate.o) (__ZN10__cxxabiv120__unexpected_handlerE)
/usr/local/athrill-gcc/lib/gcc/v850-elf/4.9-GNUV850_v14.01/../../../../v850-elf/lib/libsupc++.a(new_handler.o)
                              /usr/local/athrill-gcc/lib/gcc/v850-elf/4.9-GNUV850_v14.01/../../../../v850-elf/lib/libsupc++.a(new_op.o) (__ZSt15get_new_handlerv)
/usr/local/athrill-gcc/lib/gcc/v850-elf/4.9-GNUV850_v14.01/../../../../v850-elf/lib/libsupc++.a(pure.o)
                              /usr/local/athrill-gcc/lib/gcc/v850-elf/4.9-GNUV850_v14.01/../../../../v850-elf/lib/libsupc++.a(eh_exception.o) (___cxa_pure_virtual)
/usr/local/athrill-gcc/lib/gcc/v850-elf/4.9-GNUV850_v14.01/../../../../v850-elf/lib/libsupc++.a(si_class_type_info.o)
                              /usr/local/athrill-gcc/lib/gcc/v850-elf/4.9-GNUV850_v14.01/../../../../v850-elf/lib/libsupc++.a(bad_alloc.o) (__ZTVN10__cxxabiv120__si_class_type_infoE)
/usr/local/athrill-gcc/lib/gcc/v850-elf/4.9-GNUV850_v14.01/../../../../v850-elf/lib/libsupc++.a(tinfo.o)
                              /usr/local/athrill-gcc/lib/gcc/v850-elf/4.9-GNUV850_v14.01/../../../../v850-elf/lib/libsupc++.a(si_class_type_info.o) (__ZNKSt9type_info14__is_pointer_pEv)
/usr/local/athrill-gcc/lib/gcc/v850-elf/4.9-GNUV850_v14.01/../../../../v850-elf/lib/libsupc++.a(class_type_info.o)
                              /usr/local/athrill-gcc/lib/gcc/v850-elf/4.9-GNUV850_v14.01/../../../../v850-elf/lib/libsupc++.a(si_class_type_info.o) (__ZNK10__cxxabiv117__class_type_info11__do_upcastEPKS0_PPv)
/usr/local/athrill-gcc/lib/gcc/v850-elf/4.9-GNUV850_v14.01/../../../../v850-elf/lib/libsupc++.a(eh_catch.o)
                              /usr/local/athrill-gcc/lib/gcc/v850-elf/4.9-GNUV850_v14.01/../../../../v850-elf/lib/libsupc++.a(eh_terminate.o) (___cxa_begin_catch)
/usr/local/athrill-gcc/lib/gcc/v850-elf/4.9-GNUV850_v14.01/../../../../v850-elf/lib/libsupc++.a(eh_globals.o)
                              /usr/local/athrill-gcc/lib/gcc/v850-elf/4.9-GNUV850_v14.01/../../../../v850-elf/lib/libsupc++.a(eh_catch.o) (___cxa_get_globals_fast)
/usr/local/athrill-gcc/lib/gcc/v850-elf/4.9-GNUV850_v14.01/../../../../v850-elf/lib/libsupc++.a(eh_personality.o)
                              /usr/local/athrill-gcc/lib/gcc/v850-elf/4.9-GNUV850_v14.01/../../../../v850-elf/lib/libsupc++.a(eh_terminate.o) (___gxx_personality_sj0)
/usr/local/athrill-gcc/lib/gcc/v850-elf/4.9-GNUV850_v14.01/../../../../v850-elf/lib/libsupc++.a(eh_term_handler.o)
                              /usr/local/athrill-gcc/lib/gcc/v850-elf/4.9-GNUV850_v14.01/../../../../v850-elf/lib/libsupc++.a(eh_terminate.o) (__ZN10__cxxabiv119__terminate_handlerE)
/usr/local/athrill-gcc/lib/gcc/v850-elf/4.9-GNUV850_v14.01/../../../../v850-elf/lib/libsupc++.a(vterminate.o)
                              /usr/local/athrill-gcc/lib/gcc/v850-elf/4.9-GNUV850_v14.01/../../../../v850-elf/lib/libsupc++.a(eh_term_handler.o) (__ZN9__gnu_cxx27__verbose_terminate_handlerEv)
/usr/local/athrill-gcc/lib/gcc/v850-elf/4.9-GNUV850_v14.01/../../../../v850-elf/lib/libsupc++.a(cp-demangle.o)
[...]
Memory Configuration

Name             Origin             Length             Attributes
INTROM           0x0000000000000000 0x0000000000080000 axrl
INTRAM           0x0000000006ff7000 0x0000000000080000 axw
INTMMAP          0x0000000007ff0000 0x0000000000080000 axw
ADEV             0x00000000dead0000 0x0000000000000400 axw
*default*        0x0000000000000000 0xffffffffffffffff

Linker script and memory map

LOAD lwip-athrill.o
LOAD start.o
LOAD vector.o
LOAD software_init.o
LOAD interrupt.o
LOAD interrupt_table.o
LOAD timer.o
LOAD interrupt_asm.o
LOAD EthernetInterface.o
LOAD Endpoint.o
LOAD Socket.o
LOAD TCPSocketConnection.o
LOAD TCPSocketServer.o
LOAD main.o
LOAD /usr/local/athrill-gcc/lib/gcc/v850-elf/4.9-GNUV850_v14.01/../../../../v850-elf/lib/libsupc++.a
LOAD /usr/local/athrill-gcc/lib/gcc/v850-elf/4.9-GNUV850_v14.01/../../../../v850-elf/lib/libstdc++.a
LOAD /usr/local/athrill-gcc/lib/gcc/v850-elf/4.9-GNUV850_v14.01/../../../../v850-elf/lib/libm.a
LOAD /usr/local/athrill-gcc/lib/gcc/v850-elf/4.9-GNUV850_v14.01/../../../../v850-elf/lib/libc.a
LOAD /usr/local/athrill-gcc/lib/gcc/v850-elf/4.9-GNUV850_v14.01/libgcc.a

.vector         0x0000000000000000      0x7d0
 *(.vectors)
 .vectors       0x0000000000000000      0x7d0 vector.o
                0x0000000000000000                __reset

.init
 *(.init)

.text           0x00000000000007d0    0x1af12
                0x00000000000007d0                __text = .
                0x00000000000007d0                __tp = .
 *(.text .stub .text.* .gnu.linkonce.t.*)
 .text          0x00000000000007d0      0xbbe lwip-athrill.o
                0x0000000000000c26                _lwip_socket_init
                0x0000000000000c3a                _lwip_accept
                0x0000000000000cb2                _lwip_bind
                0x0000000000000d40                _lwip_shutdown
                0x0000000000000d5e                _lwip_getpeername
                0x0000000000000d82                _lwip_getsockname
                0x0000000000000da6                _lwip_getsockopt
                0x0000000000000dce                _lwip_setsockopt
                0x0000000000000df6                _lwip_close
                0x0000000000000e2c                _lwip_connect
                0x0000000000000efa                _lwip_listen
                0x0000000000000f48                _lwip_recv
                0x0000000000000fb0                _lwip_read
                0x0000000000000fd4                _lwip_recvfrom
                0x0000000000000ffc                _lwip_send
                0x0000000000001064                _lwip_sendto
                0x000000000000108c                _lwip_socket
                0x00000000000010d2                _lwip_write
                0x00000000000010f6                _lwip_select
                0x000000000000111e                _lwip_ioctl
                0x0000000000001142                _lwip_fcntl
                0x0000000000001166                _lwip_gethostbyname
                0x0000000000001180                _ipaddr_ntoa_r
                0x00000000000011a4                _malloc
                0x00000000000011d6                _free
                0x000000000000120a                _calloc
                0x0000000000001246                _realloc
                0x0000000000001284                __malloc_r
                0x00000000000012bc                __calloc_r
                0x00000000000012fc                __realloc_r
                0x000000000000133c                __free_r
                0x0000000000001374                _raise
 *fill*         0x000000000000138e        0x2 
 .text          0x0000000000001390       0x30 start.o
                0x0000000000001390                _start
 .text          0x00000000000013c0        0x0 vector.o
 .text          0x00000000000013c0       0xc2 software_init.o
                0x00000000000013c0                _bss_clear
                0x000000000000140a                _data_init
                0x0000000000001470                _ctors_init
 .text          0x0000000000001482      0x1de interrupt.o
                0x00000000000014fa                _default_int_handler
                0x000000000000150e                _x_enable_int
                0x000000000000157c                _x_clear_int
                0x00000000000015e8                _interrupt_handler
 .text          0x0000000000001660      0x102 interrupt_table.o
                0x000000000000168c                _register_interrupt_handler
                0x0000000000001706                _do_interrupt_handler
 .text          0x0000000000001762       0xbc timer.o
                0x00000000000017ec                _timer_init
 *fill*         0x000000000000181e        0x2 
 .text          0x0000000000001820       0x90 interrupt_asm.o
                0x0000000000001820                _interrupt
 .text          0x00000000000018b0       0xc6 EthernetInterface.o
                0x00000000000018b0                __ZN17EthernetInterface4initEv
                0x00000000000018c4                __ZN17EthernetInterface4initEPKcS1_S1_
                0x00000000000018e8                __ZN17EthernetInterface7connectEj
                0x0000000000001902                __ZN17EthernetInterface10disconnectEv
                0x0000000000001916                __ZN17EthernetInterface13getMACAddressEv
                0x000000000000192e                __ZN17EthernetInterface12getIPAddressEv
                0x0000000000001946                __ZN17EthernetInterface10getGatewayEv
                0x000000000000195e                __ZN17EthernetInterface14getNetworkMaskEv
 .text          0x0000000000001976      0x214 Endpoint.o
                0x0000000000001976                __ZN8EndpointC2Ev
                0x0000000000001976                __ZN8EndpointC1Ev
                0x00000000000019a8                __ZN8EndpointD1Ev
                0x00000000000019a8                __ZN8EndpointD2Ev
                0x00000000000019c0                __ZN8Endpoint13reset_addressEv
                0x0000000000001a06                __ZN8Endpoint11set_addressEPKci
                0x0000000000001b06                __ZN8Endpoint11get_addressEv
                0x0000000000001b6a                __ZN8Endpoint8get_portEv
 .text          0x0000000000001b8a      0x48c Socket.o
                0x0000000000001b8a                __ZN6SocketC2Ev
                0x0000000000001b8a                __ZN6SocketC1Ev
                0x0000000000001bc2                __ZN6Socket12set_blockingEbj
                0x0000000000001bfe                __ZN6Socket11init_socketEi
                0x0000000000001c68                __ZN6Socket10set_optionEiiPKvj
                0x0000000000001cc4                __ZN6Socket10get_optionEiiPvPj
                0x0000000000001d20                __ZN6Socket6selectEP7timevalbb
                0x0000000000001e80                __ZN6Socket13wait_readableER12TimeInterval
                0x0000000000001ec2                __ZN6Socket13wait_writableER12TimeInterval
                0x0000000000001f04                __ZN6Socket5closeEb
                0x0000000000001f82                __ZN6SocketD2Ev
                0x0000000000001f82                __ZN6SocketD1Ev
                0x0000000000001fb6                __ZN12TimeIntervalC1Ej
                0x0000000000001fb6                __ZN12TimeIntervalC2Ej
 .text          0x0000000000002016      0x568 TCPSocketConnection.o
                0x0000000000002016                __ZN19TCPSocketConnectionC1Ev
                0x0000000000002016                __ZN19TCPSocketConnectionC2Ev
                0x0000000000002068                __ZN19TCPSocketConnection7connectEPKci
                0x0000000000002136                __ZN19TCPSocketConnection12is_connectedEv
                0x0000000000002156                __ZN19TCPSocketConnection4sendEPci
                0x0000000000002240                __ZN19TCPSocketConnection8send_allEPci
                0x000000000000236a                __ZN19TCPSocketConnection7receiveEPci
                0x0000000000002454                __ZN19TCPSocketConnection11receive_allEPci
 .text          0x000000000000257e      0x268 TCPSocketServer.o
                0x000000000000257e                __ZN15TCPSocketServerC2Ev
                0x000000000000257e                __ZN15TCPSocketServerC1Ev
                0x00000000000025b2                __ZN15TCPSocketServer4bindEi
                0x0000000000002670                __ZN15TCPSocketServer6listenEi
                0x00000000000026e6                __ZN15TCPSocketServer6acceptER19TCPSocketConnection
 .text          0x00000000000027e6      0x17e main.o
                0x0000000000002840                _main
 .text._ZN19TCPSocketConnectionD2Ev
                0x0000000000002964       0x4a main.o
                0x0000000000002964                __ZN19TCPSocketConnectionD2Ev
                0x0000000000002964                __ZN19TCPSocketConnectionD1Ev
 .text          0x00000000000029ae        0x0 /usr/local/athrill-gcc/lib/gcc/v850-elf/4.9-GNUV850_v14.01/../../../../v850-elf/lib/libsupc++.a(del_op.o)
 .text._ZdlPv   0x00000000000029ae       0x16 /usr/local/athrill-gcc/lib/gcc/v850-elf/4.9-GNUV850_v14.01/../../../../v850-elf/lib/libsupc++.a(del_op.o)
                0x00000000000029ae                __ZdlPv
 .text          0x00000000000029c4        0x0 /usr/local/athrill-gcc/lib/gcc/v850-elf/4.9-GNUV850_v14.01/../../../../v850-elf/lib/libsupc++.a(new_op.o)
 .text._Znwj    0x00000000000029c4       0x90 /usr/local/athrill-gcc/lib/gcc/v850-elf/4.9-GNUV850_v14.01/../../../../v850-elf/lib/libsupc++.a(new_op.o)
                0x00000000000029c4                __Znwj
 .text          0x0000000000002a54        0x0 /usr/local/athrill-gcc/lib/gcc/v850-elf/4.9-GNUV850_v14.01/../../../../v850-elf/lib/libsupc++.a(bad_alloc.o)
 .text._ZNKSt9bad_alloc4whatEv
                0x0000000000002a54       0x14 /usr/local/athrill-gcc/lib/gcc/v850-elf/4.9-GNUV850_v14.01/../../../../v850-elf/lib/libsupc++.a(bad_alloc.o)
                0x0000000000002a54                __ZNKSt9bad_alloc4whatEv
 .text._ZNSt9bad_allocD2Ev
                0x0000000000002a68       0x22 /usr/local/athrill-gcc/lib/gcc/v850-elf/4.9-GNUV850_v14.01/../../../../v850-elf/lib/libsupc++.a(bad_alloc.o)
                0x0000000000002a68                __ZNSt9bad_allocD1Ev
                0x0000000000002a68                __ZNSt9bad_allocD2Ev
 .text._ZNSt9bad_allocD0Ev
                0x0000000000002a8a       0x2e /usr/local/athrill-gcc/lib/gcc/v850-elf/4.9-GNUV850_v14.01/../../../../v850-elf/lib/libsupc++.a(bad_alloc.o)
                0x0000000000002a8a                __ZNSt9bad_allocD0Ev
 .text          0x0000000000002ab8        0x0 /usr/local/athrill-gcc/lib/gcc/v850-elf/4.9-GNUV850_v14.01/../../../../v850-elf/lib/libsupc++.a(eh_alloc.o)
 .text.__cxa_allocate_exception
                0x0000000000002ab8       0x78 /usr/local/athrill-gcc/lib/gcc/v850-elf/4.9-GNUV850_v14.01/../../../../v850-elf/lib/libsupc++.a(eh_alloc.o)
                0x0000000000002ab8                ___cxa_allocate_exception
 .text.__cxa_free_exception
                0x0000000000002b30       0x52 /usr/local/athrill-gcc/lib/gcc/v850-elf/4.9-GNUV850_v14.01/../../../../v850-elf/lib/libsupc++.a(eh_alloc.o)
                0x0000000000002b30                ___cxa_free_exception
 .text.__cxa_allocate_dependent_exception
                0x0000000000002b82       0x6a /usr/local/athrill-gcc/lib/gcc/v850-elf/4.9-GNUV850_v14.01/../../../../v850-elf/lib/libsupc++.a(eh_alloc.o)
                0x0000000000002b82                ___cxa_allocate_dependent_exception
 .text.__cxa_free_dependent_exception
                0x0000000000002bec       0x4e /usr/local/athrill-gcc/lib/gcc/v850-elf/4.9-GNUV850_v14.01/../../../../v850-elf/lib/libsupc++.a(eh_alloc.o)
                0x0000000000002bec                ___cxa_free_dependent_exception
 .text          0x0000000000002c3a        0x0 /usr/local/athrill-gcc/lib/gcc/v850-elf/4.9-GNUV850_v14.01/../../../../v850-elf/lib/libsupc++.a(eh_exception.o)
 .text._ZNSt9exceptionD2Ev
                0x0000000000002c3a        0xc /usr/local/athrill-gcc/lib/gcc/v850-elf/4.9-GNUV850_v14.01/../../../../v850-elf/lib/libsupc++.a(eh_exception.o)
                0x0000000000002c3a                __ZNSt9exceptionD2Ev
                0x0000000000002c3a                __ZNSt9exceptionD1Ev
 .text._ZNSt13bad_exceptionD2Ev
                0x0000000000002c46        0xc /usr/local/athrill-gcc/lib/gcc/v850-elf/4.9-GNUV850_v14.01/../../../../v850-elf/lib/libsupc++.a(eh_exception.o)
                0x0000000000002c46                __ZNSt13bad_exceptionD1Ev
                0x0000000000002c46                __ZNSt13bad_exceptionD2Ev
 .text._ZNKSt9exception4whatEv
                0x0000000000002c52       0x14 /usr/local/athrill-gcc/lib/gcc/v850-elf/4.9-GNUV850_v14.01/../../../../v850-elf/lib/libsupc++.a(eh_exception.o)
                0x0000000000002c52                __ZNKSt9exception4whatEv
 .text._ZNKSt13bad_exception4whatEv
                0x0000000000002c66       0x14 /usr/local/athrill-gcc/lib/gcc/v850-elf/4.9-GNUV850_v14.01/../../../../v850-elf/lib/libsupc++.a(eh_exception.o)
                0x0000000000002c66                __ZNKSt13bad_exception4whatEv
 .text._ZNSt9exceptionD0Ev
                0x0000000000002c7a       0x16 /usr/local/athrill-gcc/lib/gcc/v850-elf/4.9-GNUV850_v14.01/../../../../v850-elf/lib/libsupc++.a(eh_exception.o)
                0x0000000000002c7a                __ZNSt9exceptionD0Ev
 .text._ZNSt13bad_exceptionD0Ev
                0x0000000000002c90       0x16 /usr/local/athrill-gcc/lib/gcc/v850-elf/4.9-GNUV850_v14.01/../../../../v850-elf/lib/libsupc++.a(eh_exception.o)
                0x0000000000002c90                __ZNSt13bad_exceptionD0Ev
 .text._ZN10__cxxabiv115__forced_unwindD2Ev
                0x0000000000002ca6        0xc /usr/local/athrill-gcc/lib/gcc/v850-elf/4.9-GNUV850_v14.01/../../../../v850-elf/lib/libsupc++.a(eh_exception.o)
                0x0000000000002ca6                __ZN10__cxxabiv115__forced_unwindD1Ev
                0x0000000000002ca6                __ZN10__cxxabiv115__forced_unwindD2Ev
 .text._ZN10__cxxabiv115__forced_unwindD0Ev
                0x0000000000002cb2       0x16 /usr/local/athrill-gcc/lib/gcc/v850-elf/4.9-GNUV850_v14.01/../../../../v850-elf/lib/libsupc++.a(eh_exception.o)
                0x0000000000002cb2                __ZN10__cxxabiv115__forced_unwindD0Ev
 .text._ZN10__cxxabiv119__foreign_exceptionD2Ev
                0x0000000000002cc8        0xc /usr/local/athrill-gcc/lib/gcc/v850-elf/4.9-GNUV850_v14.01/../../../../v850-elf/lib/libsupc++.a(eh_exception.o)
                0x0000000000002cc8                __ZN10__cxxabiv119__foreign_exceptionD1Ev
                0x0000000000002cc8                __ZN10__cxxabiv119__foreign_exceptionD2Ev
 .text._ZN10__cxxabiv119__foreign_exceptionD0Ev
                0x0000000000002cd4       0x16 /usr/local/athrill-gcc/lib/gcc/v850-elf/4.9-GNUV850_v14.01/../../../../v850-elf/lib/libsupc++.a(eh_exception.o)
                0x0000000000002cd4                __ZN10__cxxabiv119__foreign_exceptionD0Ev
 .text          0x0000000000002cea        0x0 /usr/local/athrill-gcc/lib/gcc/v850-elf/4.9-GNUV850_v14.01/../../../../v850-elf/lib/libsupc++.a(eh_terminate.o)
 .text._ZN10__cxxabiv111__terminateEPFvvE
                0x0000000000002cea       0xca /usr/local/athrill-gcc/lib/gcc/v850-elf/4.9-GNUV850_v14.01/../../../../v850-elf/lib/libsupc++.a(eh_terminate.o)
                0x0000000000002cea                __ZN10__cxxabiv111__terminateEPFvvE
 .text._ZSt9terminatev
                0x0000000000002db4       0x18 /usr/local/athrill-gcc/lib/gcc/v850-elf/4.9-GNUV850_v14.01/../../../../v850-elf/lib/libsupc++.a(eh_terminate.o)
                0x0000000000002db4                __ZSt9terminatev
 .text._ZN10__cxxabiv112__unexpectedEPFvvE
                0x0000000000002dcc       0x18 /usr/local/athrill-gcc/lib/gcc/v850-elf/4.9-GNUV850_v14.01/../../../../v850-elf/lib/libsupc++.a(eh_terminate.o)
                0x0000000000002dcc                __ZN10__cxxabiv112__unexpectedEPFvvE
 .text._ZSt10unexpectedv
                0x0000000000002de4       0x18 /usr/local/athrill-gcc/lib/gcc/v850-elf/4.9-GNUV850_v14.01/../../../../v850-elf/lib/libsupc++.a(eh_terminate.o)
                0x0000000000002de4                __ZSt10unexpectedv
 .text._ZSt13set_terminatePFvvE
                0x0000000000002dfc       0x18 /usr/local/athrill-gcc/lib/gcc/v850-elf/4.9-GNUV850_v14.01/../../../../v850-elf/lib/libsupc++.a(eh_terminate.o)
                0x0000000000002dfc                __ZSt13set_terminatePFvvE
 .text._ZSt13get_terminatev
                0x0000000000002e14       0x14 /usr/local/athrill-gcc/lib/gcc/v850-elf/4.9-GNUV850_v14.01/../../../../v850-elf/lib/libsupc++.a(eh_terminate.o)
                0x0000000000002e14                __ZSt13get_terminatev
 .text._ZSt14set_unexpectedPFvvE
                0x0000000000002e28       0x18 /usr/local/athrill-gcc/lib/gcc/v850-elf/4.9-GNUV850_v14.01/../../../../v850-elf/lib/libsupc++.a(eh_terminate.o)
                0x0000000000002e28                __ZSt14set_unexpectedPFvvE
 .text._ZSt14get_unexpectedv
                0x0000000000002e40       0x14 /usr/local/athrill-gcc/lib/gcc/v850-elf/4.9-GNUV850_v14.01/../../../../v850-elf/lib/libsupc++.a(eh_terminate.o)
                0x0000000000002e40                __ZSt14get_unexpectedv
 .text          0x0000000000002e54        0x0 /usr/local/athrill-gcc/lib/gcc/v850-elf/4.9-GNUV850_v14.01/../../../../v850-elf/lib/libsupc++.a(eh_throw.o)
 .text._ZL23__gxx_exception_cleanup19_Unwind_Reason_CodeP17_Unwind_Exception
                0x0000000000002e54       0x3e /usr/local/athrill-gcc/lib/gcc/v850-elf/4.9-GNUV850_v14.01/../../../../v850-elf/lib/libsupc++.a(eh_throw.o)
 .text.__cxa_throw
                0x0000000000002e92       0x84 /usr/local/athrill-gcc/lib/gcc/v850-elf/4.9-GNUV850_v14.01/../../../../v850-elf/lib/libsupc++.a(eh_throw.o)
                0x0000000000002e92                ___cxa_throw
 .text.__cxa_rethrow
                0x0000000000002f16       0x74 /usr/local/athrill-gcc/lib/gcc/v850-elf/4.9-GNUV850_v14.01/../../../../v850-elf/lib/libsupc++.a(eh_throw.o)
                0x0000000000002f16                ___cxa_rethrow
 .text          0x0000000000002f8a        0x0 /usr/local/athrill-gcc/lib/gcc/v850-elf/4.9-GNUV850_v14.01/../../../../v850-elf/lib/libsupc++.a(eh_unex_handler.o)
 .text          0x0000000000002f8a        0x0 /usr/local/athrill-gcc/lib/gcc/v850-elf/4.9-GNUV850_v14.01/../../../../v850-elf/lib/libsupc++.a(new_handler.o)
 .text._ZSt15set_new_handlerPFvvE
                0x0000000000002f8a       0x18 /usr/local/athrill-gcc/lib/gcc/v850-elf/4.9-GNUV850_v14.01/../../../../v850-elf/lib/libsupc++.a(new_handler.o)
                0x0000000000002f8a                __ZSt15set_new_handlerPFvvE
 .text._ZSt15get_new_handlerv
                0x0000000000002fa2       0x14 /usr/local/athrill-gcc/lib/gcc/v850-elf/4.9-GNUV850_v14.01/../../../../v850-elf/lib/libsupc++.a(new_handler.o)
                0x0000000000002fa2                __ZSt15get_new_handlerv
 .text          0x0000000000002fb6        0x0 /usr/local/athrill-gcc/lib/gcc/v850-elf/4.9-GNUV850_v14.01/../../../../v850-elf/lib/libsupc++.a(pure.o)
 .text.__cxa_pure_virtual
                0x0000000000002fb6       0x22 /usr/local/athrill-gcc/lib/gcc/v850-elf/4.9-GNUV850_v14.01/../../../../v850-elf/lib/libsupc++.a(pure.o)
                0x0000000000002fb6                ___cxa_pure_virtual
 .text.__cxa_deleted_virtual
                0x0000000000002fd8       0x22 /usr/local/athrill-gcc/lib/gcc/v850-elf/4.9-GNUV850_v14.01/../../../../v850-elf/lib/libsupc++.a(pure.o)
                0x0000000000002fd8                ___cxa_deleted_virtual
 .text          0x0000000000002ffa        0x0 /usr/local/athrill-gcc/lib/gcc/v850-elf/4.9-GNUV850_v14.01/../../../../v850-elf/lib/libsupc++.a(si_class_type_info.o)
 .text._ZN10__cxxabiv120__si_class_type_infoD2Ev
                0x0000000000002ffa       0x22 /usr/local/athrill-gcc/lib/gcc/v850-elf/4.9-GNUV850_v14.01/../../../../v850-elf/lib/libsupc++.a(si_class_type_info.o)
                0x0000000000002ffa                __ZN10__cxxabiv120__si_class_type_infoD1Ev
                0x0000000000002ffa                __ZN10__cxxabiv120__si_class_type_infoD2Ev
 .text._ZN10__cxxabiv120__si_class_type_infoD0Ev
                0x000000000000301c       0x2e /usr/local/athrill-gcc/lib/gcc/v850-elf/4.9-GNUV850_v14.01/../../../../v850-elf/lib/libsupc++.a(si_class_type_info.o)
                0x000000000000301c                __ZN10__cxxabiv120__si_class_type_infoD0Ev
 .text._ZNK10__cxxabiv120__si_class_type_info12__do_dyncastEiNS_17__class_type_info10__sub_kindEPKS1_PKvS4_S6_RNS1_16__dyncast_resultE
                0x000000000000304a      0x104 /usr/local/athrill-gcc/lib/gcc/v850-elf/4.9-GNUV850_v14.01/../../../../v850-elf/lib/libsupc++.a(si_class_type_info.o)
                0x000000000000304a                __ZNK10__cxxabiv120__si_class_type_info12__do_dyncastEiNS_17__class_type_info10__sub_kindEPKS1_PKvS4_S6_RNS1_16__dyncast_resultE
 .text._ZNK10__cxxabiv120__si_class_type_info20__do_find_public_srcEiPKvPKNS_17__class_type_infoES2_
                0x000000000000314e       0x7e /usr/local/athrill-gcc/lib/gcc/v850-elf/4.9-GNUV850_v14.01/../../../../v850-elf/lib/libsupc++.a(si_class_type_info.o)
                0x000000000000314e                __ZNK10__cxxabiv120__si_class_type_info20__do_find_public_srcEiPKvPKNS_17__class_type_infoES2_
 .text._ZNK10__cxxabiv120__si_class_type_info11__do_upcastEPKNS_17__class_type_infoEPKvRNS1_15__upcast_resultE
                0x00000000000031cc       0x54 /usr/local/athrill-gcc/lib/gcc/v850-elf/4.9-GNUV850_v14.01/../../../../v850-elf/lib/libsupc++.a(si_class_type_info.o)
                0x00000000000031cc                __ZNK10__cxxabiv120__si_class_type_info11__do_upcastEPKNS_17__class_type_infoEPKvRNS1_15__upcast_resultE
 .text          0x0000000000003220        0x0 /usr/local/athrill-gcc/lib/gcc/v850-elf/4.9-GNUV850_v14.01/../../../../v850-elf/lib/libsupc++.a(tinfo.o)
 .text._ZNSt9type_infoD2Ev
                0x0000000000003220        0xc /usr/local/athrill-gcc/lib/gcc/v850-elf/4.9-GNUV850_v14.01/../../../../v850-elf/lib/libsupc++.a(tinfo.o)
                0x0000000000003220                __ZNSt9type_infoD1Ev
                0x0000000000003220                __ZNSt9type_infoD2Ev
 .text._ZNKSt9type_info14__is_pointer_pEv
                0x000000000000322c        0xe /usr/local/athrill-gcc/lib/gcc/v850-elf/4.9-GNUV850_v14.01/../../../../v850-elf/lib/libsupc++.a(tinfo.o)
                0x000000000000322c                __ZNKSt9type_info14__is_pointer_pEv
 .text._ZNKSt9type_info15__is_function_pEv
                0x000000000000323a        0xe /usr/local/athrill-gcc/lib/gcc/v850-elf/4.9-GNUV850_v14.01/../../../../v850-elf/lib/libsupc++.a(tinfo.o)
                0x000000000000323a                __ZNKSt9type_info15__is_function_pEv
 .text._ZNKSt9type_info11__do_upcastEPKN10__cxxabiv117__class_type_infoEPPv
                0x0000000000003248        0xe /usr/local/athrill-gcc/lib/gcc/v850-elf/4.9-GNUV850_v14.01/../../../../v850-elf/lib/libsupc++.a(tinfo.o)
                0x0000000000003248                __ZNKSt9type_info11__do_upcastEPKN10__cxxabiv117__class_type_infoEPPv
 .text._ZNSt9type_infoD0Ev
                0x0000000000003256       0x16 /usr/local/athrill-gcc/lib/gcc/v850-elf/4.9-GNUV850_v14.01/../../../../v850-elf/lib/libsupc++.a(tinfo.o)
                0x0000000000003256                __ZNSt9type_infoD0Ev
 .text._ZNKSt9type_info10__do_catchEPKS_PPvj
                0x000000000000326c       0x46 /usr/local/athrill-gcc/lib/gcc/v850-elf/4.9-GNUV850_v14.01/../../../../v850-elf/lib/libsupc++.a(tinfo.o)
                0x000000000000326c                __ZNKSt9type_info10__do_catchEPKS_PPvj
 .text          0x00000000000032b2        0x0 /usr/local/athrill-gcc/lib/gcc/v850-elf/4.9-GNUV850_v14.01/../../../../v850-elf/lib/libsupc++.a(class_type_info.o)
 .text._ZNK10__cxxabiv117__class_type_info11__do_upcastEPKS0_PPv
                0x00000000000032b2       0x6a /usr/local/athrill-gcc/lib/gcc/v850-elf/4.9-GNUV850_v14.01/../../../../v850-elf/lib/libsupc++.a(class_type_info.o)
                0x00000000000032b2                __ZNK10__cxxabiv117__class_type_info11__do_upcastEPKS0_PPv
 .text._ZNK10__cxxabiv117__class_type_info20__do_find_public_srcEiPKvPKS0_S2_
                0x000000000000331c       0x1e /usr/local/athrill-gcc/lib/gcc/v850-elf/4.9-GNUV850_v14.01/../../../../v850-elf/lib/libsupc++.a(class_type_info.o)
                0x000000000000331c                __ZNK10__cxxabiv117__class_type_info20__do_find_public_srcEiPKvPKS0_S2_
 .text._ZN10__cxxabiv117__class_type_infoD2Ev
                0x000000000000333a       0x22 /usr/local/athrill-gcc/lib/gcc/v850-elf/4.9-GNUV850_v14.01/../../../../v850-elf/lib/libsupc++.a(class_type_info.o)
                0x000000000000333a                __ZN10__cxxabiv117__class_type_infoD2Ev
                0x000000000000333a                __ZN10__cxxabiv117__class_type_infoD1Ev
 .text._ZN10__cxxabiv117__class_type_infoD0Ev
                0x000000000000335c       0x2e /usr/local/athrill-gcc/lib/gcc/v850-elf/4.9-GNUV850_v14.01/../../../../v850-elf/lib/libsupc++.a(class_type_info.o)
                0x000000000000335c                __ZN10__cxxabiv117__class_type_infoD0Ev
 .text._ZNK10__cxxabiv117__class_type_info11__do_upcastEPKS0_PKvRNS0_15__upcast_resultE
                0x000000000000338a       0x5a /usr/local/athrill-gcc/lib/gcc/v850-elf/4.9-GNUV850_v14.01/../../../../v850-elf/lib/libsupc++.a(class_type_info.o)
                0x000000000000338a                __ZNK10__cxxabiv117__class_type_info11__do_upcastEPKS0_PKvRNS0_15__upcast_resultE
 .text._ZNK10__cxxabiv117__class_type_info10__do_catchEPKSt9type_infoPPvj
                0x00000000000033e4       0x80 /usr/local/athrill-gcc/lib/gcc/v850-elf/4.9-GNUV850_v14.01/../../../../v850-elf/lib/libsupc++.a(class_type_info.o)
                0x00000000000033e4                __ZNK10__cxxabiv117__class_type_info10__do_catchEPKSt9type_infoPPvj
 .text._ZNK10__cxxabiv117__class_type_info12__do_dyncastEiNS0_10__sub_kindEPKS0_PKvS3_S5_RNS0_16__dyncast_resultE
                0x0000000000003464       0xe4 /usr/local/athrill-gcc/lib/gcc/v850-elf/4.9-GNUV850_v14.01/../../../../v850-elf/lib/libsupc++.a(class_type_info.o)
                0x0000000000003464                __ZNK10__cxxabiv117__class_type_info12__do_dyncastEiNS0_10__sub_kindEPKS0_PKvS3_S5_RNS0_16__dyncast_resultE
 .text          0x0000000000003548        0x0 /usr/local/athrill-gcc/lib/gcc/v850-elf/4.9-GNUV850_v14.01/../../../../v850-elf/lib/libsupc++.a(eh_catch.o)
 .text.__cxa_get_exception_ptr
                0x0000000000003548       0x10 /usr/local/athrill-gcc/lib/gcc/v850-elf/4.9-GNUV850_v14.01/../../../../v850-elf/lib/libsupc++.a(eh_catch.o)
                0x0000000000003548                ___cxa_get_exception_ptr
 .text.__cxa_begin_catch
                0x0000000000003558       0x94 /usr/local/athrill-gcc/lib/gcc/v850-elf/4.9-GNUV850_v14.01/../../../../v850-elf/lib/libsupc++.a(eh_catch.o)
                0x0000000000003558                ___cxa_begin_catch
 .text.__cxa_end_catch
                0x00000000000035ec       0x92 /usr/local/athrill-gcc/lib/gcc/v850-elf/4.9-GNUV850_v14.01/../../../../v850-elf/lib/libsupc++.a(eh_catch.o)
                0x00000000000035ec                ___cxa_end_catch
 .text._ZSt18uncaught_exceptionv
                0x000000000000367e       0x20 /usr/local/athrill-gcc/lib/gcc/v850-elf/4.9-GNUV850_v14.01/../../../../v850-elf/lib/libsupc++.a(eh_catch.o)
                0x000000000000367e                __ZSt18uncaught_exceptionv
 .text          0x000000000000369e        0x0 /usr/local/athrill-gcc/lib/gcc/v850-elf/4.9-GNUV850_v14.01/../../../../v850-elf/lib/libsupc++.a(eh_globals.o)
 .text.__cxa_get_globals_fast
                0x000000000000369e       0x14 /usr/local/athrill-gcc/lib/gcc/v850-elf/4.9-GNUV850_v14.01/../../../../v850-elf/lib/libsupc++.a(eh_globals.o)
                0x000000000000369e                ___cxa_get_globals_fast
 .text.__cxa_get_globals
                0x00000000000036b2       0x14 /usr/local/athrill-gcc/lib/gcc/v850-elf/4.9-GNUV850_v14.01/../../../../v850-elf/lib/libsupc++.a(eh_globals.o)
                0x00000000000036b2                ___cxa_get_globals
 .text          0x00000000000036c6        0x0 /usr/local/athrill-gcc/lib/gcc/v850-elf/4.9-GNUV850_v14.01/../../../../v850-elf/lib/libsupc++.a(eh_personality.o)
 .text._ZL12read_sleb128PKhPl
                0x00000000000036c6       0x4a /usr/local/athrill-gcc/lib/gcc/v850-elf/4.9-GNUV850_v14.01/../../../../v850-elf/lib/libsupc++.a(eh_personality.o)
 .text._ZL16get_adjusted_ptrPKSt9type_infoS1_PPv
                0x0000000000003710       0x7c /usr/local/athrill-gcc/lib/gcc/v850-elf/4.9-GNUV850_v14.01/../../../../v850-elf/lib/libsupc++.a(eh_personality.o)
 .text._ZL28read_encoded_value_with_basehjPKhPj
                0x000000000000378c      0x182 /usr/local/athrill-gcc/lib/gcc/v850-elf/4.9-GNUV850_v14.01/../../../../v850-elf/lib/libsupc++.a(eh_personality.o)
 .text._ZL15get_ttype_entryP16lsda_header_infom
                0x000000000000390e       0x82 /usr/local/athrill-gcc/lib/gcc/v850-elf/4.9-GNUV850_v14.01/../../../../v850-elf/lib/libsupc++.a(eh_personality.o)
 .text._ZL20check_exception_specP16lsda_header_infoPKSt9type_infoPvl
                0x0000000000003990       0x76 /usr/local/athrill-gcc/lib/gcc/v850-elf/4.9-GNUV850_v14.01/../../../../v850-elf/lib/libsupc++.a(eh_personality.o)
 .text._ZL21base_of_encoded_valuehP15_Unwind_Context
                0x0000000000003a06       0x76 /usr/local/athrill-gcc/lib/gcc/v850-elf/4.9-GNUV850_v14.01/../../../../v850-elf/lib/libsupc++.a(eh_personality.o)
 .text._ZL17parse_lsda_headerP15_Unwind_ContextPKhP16lsda_header_info
                0x0000000000003a7c       0xde /usr/local/athrill-gcc/lib/gcc/v850-elf/4.9-GNUV850_v14.01/../../../../v850-elf/lib/libsupc++.a(eh_personality.o)
 .text.__gxx_personality_sj0
                0x0000000000003b5a      0x4e4 /usr/local/athrill-gcc/lib/gcc/v850-elf/4.9-GNUV850_v14.01/../../../../v850-elf/lib/libsupc++.a(eh_personality.o)
                0x0000000000003b5a                ___gxx_personality_sj0
 .text.__cxa_call_unexpected
                0x000000000000403e      0x17e /usr/local/athrill-gcc/lib/gcc/v850-elf/4.9-GNUV850_v14.01/../../../../v850-elf/lib/libsupc++.a(eh_personality.o)
                0x000000000000403e                ___cxa_call_unexpected
 .text          0x00000000000041bc        0x0 /usr/local/athrill-gcc/lib/gcc/v850-elf/4.9-GNUV850_v14.01/../../../../v850-elf/lib/libsupc++.a(eh_term_handler.o)
 .text          0x00000000000041bc        0x0 /usr/local/athrill-gcc/lib/gcc/v850-elf/4.9-GNUV850_v14.01/../../../../v850-elf/lib/libsupc++.a(vterminate.o)
 .text._ZN9__gnu_cxx27__verbose_terminate_handlerEv
                0x00000000000041bc      0x256 /usr/local/athrill-gcc/lib/gcc/v850-elf/4.9-GNUV850_v14.01/../../../../v850-elf/lib/libsupc++.a(vterminate.o)
                0x00000000000041bc                __ZN9__gnu_cxx27__verbose_terminate_handlerEv
 .text          0x0000000000004412     0xc922 /usr/local/athrill-gcc/lib/gcc/v850-elf/4.9-GNUV850_v14.01/../../../../v850-elf/lib/libsupc++.a(cp-demangle.o)
                0x0000000000010c16                ___cxa_demangle
                0x0000000000010d12                ___gcclibcxx_demangle_callback
 .text          0x0000000000010d34        0x0 /usr/local/athrill-gcc/lib/gcc/v850-elf/4.9-GNUV850_v14.01/../../../../v850-elf/lib/libsupc++.a(eh_call.o)
 .text.__cxa_call_terminate
                0x0000000000010d34       0x50 /usr/local/athrill-gcc/lib/gcc/v850-elf/4.9-GNUV850_v14.01/../../../../v850-elf/lib/libsupc++.a(eh_call.o)
                0x0000000000010d34                ___cxa_call_terminate
 .text          0x0000000000010d84        0x0 /usr/local/athrill-gcc/lib/gcc/v850-elf/4.9-GNUV850_v14.01/../../../../v850-elf/lib/libsupc++.a(eh_type.o)
 .text.__cxa_current_exception_type
                0x0000000000010d84       0x36 /usr/local/athrill-gcc/lib/gcc/v850-elf/4.9-GNUV850_v14.01/../../../../v850-elf/lib/libsupc++.a(eh_type.o)
                0x0000000000010d84                ___cxa_current_exception_type
 .text          0x0000000000010dba       0x10 /usr/local/athrill-gcc/lib/gcc/v850-elf/4.9-GNUV850_v14.01/../../../../v850-elf/lib/libc.a(lib_a-abort.o)
                0x0000000000010dba                _abort
 .text          0x0000000000010dca       0x4e /usr/local/athrill-gcc/lib/gcc/v850-elf/4.9-GNUV850_v14.01/../../../../v850-elf/lib/libc.a(lib_a-_exit.o)
                0x0000000000010dca                __exit
 .text          0x0000000000010e18       0x4e /usr/local/athrill-gcc/lib/gcc/v850-elf/4.9-GNUV850_v14.01/../../../../v850-elf/lib/libc.a(lib_a-fputc.o)
                0x0000000000010e18                __fputc_r
                0x0000000000010e50                _fputc
 .text          0x0000000000010e66       0x9a /usr/local/athrill-gcc/lib/gcc/v850-elf/4.9-GNUV850_v14.01/../../../../v850-elf/lib/libc.a(lib_a-fputs.o)
                0x0000000000010e66                __fputs_r
                0x0000000000010eea                _fputs
 .text          0x0000000000010f00      0x36c /usr/local/athrill-gcc/lib/gcc/v850-elf/4.9-GNUV850_v14.01/../../../../v850-elf/lib/libc.a(lib_a-fvwrite.o)
                0x0000000000010f00                ___sfvwrite_r
 .text          0x000000000001126c       0xd2 /usr/local/athrill-gcc/lib/gcc/v850-elf/4.9-GNUV850_v14.01/../../../../v850-elf/lib/libc.a(lib_a-fwrite.o)
                0x000000000001126c                __fwrite_r
                0x000000000001131a                _fwrite
 .text          0x000000000001133e        0x0 /usr/local/athrill-gcc/lib/gcc/v850-elf/4.9-GNUV850_v14.01/../../../../v850-elf/lib/libc.a(lib_a-impure.o)
 .text          0x000000000001133e       0x22 /usr/local/athrill-gcc/lib/gcc/v850-elf/4.9-GNUV850_v14.01/../../../../v850-elf/lib/libc.a(lib_a-memchr.o)
                0x000000000001133e                _memchr
 .text          0x0000000000011360       0x28 /usr/local/athrill-gcc/lib/gcc/v850-elf/4.9-GNUV850_v14.01/../../../../v850-elf/lib/libc.a(lib_a-memcmp.o)
                0x0000000000011360                _memcmp
 .text          0x0000000000011388       0x1a /usr/local/athrill-gcc/lib/gcc/v850-elf/4.9-GNUV850_v14.01/../../../../v850-elf/lib/libc.a(lib_a-memcpy.o)
                0x0000000000011388                _memcpy
 .text          0x00000000000113a2       0x44 /usr/local/athrill-gcc/lib/gcc/v850-elf/4.9-GNUV850_v14.01/../../../../v850-elf/lib/libc.a(lib_a-memmove.o)
                0x00000000000113a2                _memmove
 .text          0x00000000000113e6       0x14 /usr/local/athrill-gcc/lib/gcc/v850-elf/4.9-GNUV850_v14.01/../../../../v850-elf/lib/libc.a(lib_a-memset.o)
                0x00000000000113e6                _memset
 .text          0x00000000000113fa       0x9a /usr/local/athrill-gcc/lib/gcc/v850-elf/4.9-GNUV850_v14.01/../../../../v850-elf/lib/libc.a(lib_a-putc.o)
                0x00000000000113fa                __putc_r
                0x000000000001147e                _putc
 .text          0x0000000000011494       0x9c /usr/local/athrill-gcc/lib/gcc/v850-elf/4.9-GNUV850_v14.01/../../../../v850-elf/lib/libc.a(lib_a-sprintf.o)
                0x0000000000011494                __sprintf_r
                0x00000000000114e0                _sprintf
 .text          0x0000000000011530       0xb6 /usr/local/athrill-gcc/lib/gcc/v850-elf/4.9-GNUV850_v14.01/../../../../v850-elf/lib/libc.a(lib_a-sscanf.o)
                0x0000000000011530                _sscanf
                0x0000000000011588                __sscanf_r
 .text          0x00000000000115e6       0xe8 /usr/local/athrill-gcc/lib/gcc/v850-elf/4.9-GNUV850_v14.01/../../../../v850-elf/lib/libc.a(lib_a-stdio.o)
                0x00000000000115e6                ___sread
                0x0000000000011620                ___seofread
                0x0000000000011624                ___swrite
                0x000000000001167e                ___sseek
                0x00000000000116ba                ___sclose
 .text          0x00000000000116ce       0x2c /usr/local/athrill-gcc/lib/gcc/v850-elf/4.9-GNUV850_v14.01/../../../../v850-elf/lib/libc.a(lib_a-strcmp.o)
                0x00000000000116ce                _strcmp
 .text          0x00000000000116fa       0x12 /usr/local/athrill-gcc/lib/gcc/v850-elf/4.9-GNUV850_v14.01/../../../../v850-elf/lib/libc.a(lib_a-strlen.o)
                0x00000000000116fa                _strlen
 .text          0x000000000001170c       0x42 /usr/local/athrill-gcc/lib/gcc/v850-elf/4.9-GNUV850_v14.01/../../../../v850-elf/lib/libc.a(lib_a-strncmp.o)
                0x000000000001170c                _strncmp
 .text          0x000000000001174e     0x13f4 /usr/local/athrill-gcc/lib/gcc/v850-elf/4.9-GNUV850_v14.01/../../../../v850-elf/lib/libc.a(lib_a-svfprintf.o)
                0x000000000001174e                __svfprintf_r
 .text          0x0000000000012b42      0xeca /usr/local/athrill-gcc/lib/gcc/v850-elf/4.9-GNUV850_v14.01/../../../../v850-elf/lib/libc.a(lib_a-svfscanf.o)
                0x0000000000012b42                ___ssvfscanf_r
 .text          0x0000000000013a0c       0x1a /usr/local/athrill-gcc/lib/gcc/v850-elf/4.9-GNUV850_v14.01/../../../../v850-elf/lib/libc.a(lib_a-syswrite.o)
                0x0000000000013a0c                _write
 .text          0x0000000000013a26       0x12 /usr/local/athrill-gcc/lib/gcc/v850-elf/4.9-GNUV850_v14.01/../../../../v850-elf/lib/libc.a(lib_a-trap.o)
                0x0000000000013a26                ___trap0
 .text          0x0000000000013a38       0xf2 /usr/local/athrill-gcc/lib/gcc/v850-elf/4.9-GNUV850_v14.01/../../../../v850-elf/lib/libc.a(lib_a-wbuf.o)
                0x0000000000013a38                ___swbuf_r
                0x0000000000013b14                ___swbuf
 .text          0x0000000000013b2a       0x36 /usr/local/athrill-gcc/lib/gcc/v850-elf/4.9-GNUV850_v14.01/../../../../v850-elf/lib/libc.a(lib_a-writer.o)
                0x0000000000013b2a                __write_r
 .text          0x0000000000013b60      0x116 /usr/local/athrill-gcc/lib/gcc/v850-elf/4.9-GNUV850_v14.01/../../../../v850-elf/lib/libc.a(lib_a-wsetup.o)
                0x0000000000013b60                ___swsetup_r
 .text          0x0000000000013c76       0x32 /usr/local/athrill-gcc/lib/gcc/v850-elf/4.9-GNUV850_v14.01/../../../../v850-elf/lib/libc.a(lib_a-closer.o)
                0x0000000000013c76                __close_r
 .text          0x0000000000013ca8        0x0 /usr/local/athrill-gcc/lib/gcc/v850-elf/4.9-GNUV850_v14.01/../../../../v850-elf/lib/libc.a(lib_a-ctype_.o)
 .text          0x0000000000013ca8     0x10be /usr/local/athrill-gcc/lib/gcc/v850-elf/4.9-GNUV850_v14.01/../../../../v850-elf/lib/libc.a(lib_a-dtoa.o)
                0x0000000000013e80                __dtoa_r
 .text          0x0000000000014d66      0x216 /usr/local/athrill-gcc/lib/gcc/v850-elf/4.9-GNUV850_v14.01/../../../../v850-elf/lib/libc.a(lib_a-fflush.o)
                0x0000000000014d66                ___sflush_r
                0x0000000000014f12                __fflush_r
                0x0000000000014f4e                _fflush
 .text          0x0000000000014f7c      0x2e2 /usr/local/athrill-gcc/lib/gcc/v850-elf/4.9-GNUV850_v14.01/../../../../v850-elf/lib/libc.a(lib_a-findfp.o)
                0x0000000000014f84                __cleanup_r
                0x0000000000014f98                ___sfmoreglue
                0x0000000000014fec                __cleanup
                0x0000000000014ffc                ___sinit
                0x000000000001516e                ___sfp
                0x0000000000015226                ___sfp_lock_acquire
                0x0000000000015228                ___sfp_lock_release
                0x000000000001522a                ___sinit_lock_acquire
                0x000000000001522c                ___sinit_lock_release
                0x000000000001522e                ___fp_lock_all
                0x0000000000015246                ___fp_unlock_all
 .text          0x000000000001525e       0xe8 /usr/local/athrill-gcc/lib/gcc/v850-elf/4.9-GNUV850_v14.01/../../../../v850-elf/lib/libc.a(lib_a-fwalk.o)
                0x000000000001525e                __fwalk
                0x00000000000152ce                __fwalk_reent
 .text          0x0000000000015346       0x20 /usr/local/athrill-gcc/lib/gcc/v850-elf/4.9-GNUV850_v14.01/../../../../v850-elf/lib/libc.a(lib_a-iswspace.o)
                0x0000000000015346                _iswspace
 .text          0x0000000000015366       0xbe /usr/local/athrill-gcc/lib/gcc/v850-elf/4.9-GNUV850_v14.01/../../../../v850-elf/lib/libc.a(lib_a-locale.o)
                0x0000000000015366                __setlocale_r
                0x00000000000153d8                ___locale_charset
                0x00000000000153e2                ___locale_mb_cur_max
                0x00000000000153ec                ___locale_msgcharset
                0x00000000000153f6                ___locale_cjk_lang
                0x00000000000153fa                __localeconv_r
                0x0000000000015404                _setlocale
                0x000000000001541a                _localeconv
 .text          0x0000000000015424       0x36 /usr/local/athrill-gcc/lib/gcc/v850-elf/4.9-GNUV850_v14.01/../../../../v850-elf/lib/libc.a(lib_a-lseekr.o)
                0x0000000000015424                __lseek_r
 .text          0x000000000001545a      0x150 /usr/local/athrill-gcc/lib/gcc/v850-elf/4.9-GNUV850_v14.01/../../../../v850-elf/lib/libc.a(lib_a-makebuf.o)
                0x000000000001545a                ___smakebuf_r
 .text          0x00000000000155aa       0xbc /usr/local/athrill-gcc/lib/gcc/v850-elf/4.9-GNUV850_v14.01/../../../../v850-elf/lib/libc.a(lib_a-mbrtowc.o)
                0x00000000000155aa                __mbrtowc_r
                0x0000000000015642                _mbrtowc
 .text          0x0000000000015666       0x88 /usr/local/athrill-gcc/lib/gcc/v850-elf/4.9-GNUV850_v14.01/../../../../v850-elf/lib/libc.a(lib_a-mbtowc_r.o)
                0x0000000000015666                ___ascii_mbtowc
                0x000000000001569a                __mbtowc_r
 .text          0x00000000000156ee      0xb8e /usr/local/athrill-gcc/lib/gcc/v850-elf/4.9-GNUV850_v14.01/../../../../v850-elf/lib/libc.a(lib_a-mprec.o)
                0x00000000000156ee                __Balloc
                0x000000000001576a                __Bfree
                0x0000000000015788                ___multadd
                0x000000000001589c                ___s2b
                0x0000000000015952                ___hi0bits
                0x000000000001599e                ___lo0bits
                0x0000000000015a12                ___i2b
                0x0000000000015a32                ___multiply
                0x0000000000015c48                ___pow5mult
                0x0000000000015cf0                ___lshift
                0x0000000000015dd6                ___mcmp
                0x0000000000015e16                ___mdiff
                0x0000000000015f20                ___ulp
                0x0000000000015f62                ___b2d
                0x0000000000016028                ___d2b
                0x0000000000016132                ___ratio
                0x00000000000161ae                __mprec_log10
                0x00000000000161f6                ___copybits
                0x000000000001622c                ___any_on
 .text          0x000000000001627c       0x36 /usr/local/athrill-gcc/lib/gcc/v850-elf/4.9-GNUV850_v14.01/../../../../v850-elf/lib/libc.a(lib_a-readr.o)
                0x000000000001627c                __read_r
 .text          0x00000000000162b2       0x9c /usr/local/athrill-gcc/lib/gcc/v850-elf/4.9-GNUV850_v14.01/../../../../v850-elf/lib/libc.a(lib_a-sccl.o)
                0x00000000000162b2                ___sccl
 .text          0x000000000001634e        0x6 /usr/local/athrill-gcc/lib/gcc/v850-elf/4.9-GNUV850_v14.01/../../../../v850-elf/lib/libc.a(lib_a-sf_nan.o)
                0x000000000001634e                _nanf
 .text          0x0000000000016354       0x60 /usr/local/athrill-gcc/lib/gcc/v850-elf/4.9-GNUV850_v14.01/../../../../v850-elf/lib/libc.a(lib_a-s_fpclassify.o)
                0x0000000000016354                ___fpclassifyd
 .text          0x00000000000163b4     0x1114 /usr/local/athrill-gcc/lib/gcc/v850-elf/4.9-GNUV850_v14.01/../../../../v850-elf/lib/libc.a(lib_a-strtod.o)
                0x0000000000016436                __strtod_r
                0x0000000000017472                _strtod
                0x0000000000017488                _strtof
 .text          0x00000000000174c8      0x1c6 /usr/local/athrill-gcc/lib/gcc/v850-elf/4.9-GNUV850_v14.01/../../../../v850-elf/lib/libc.a(lib_a-strtol.o)
                0x00000000000174c8                __strtol_r
                0x0000000000017674                _strtol
 .text          0x000000000001768e      0x19c /usr/local/athrill-gcc/lib/gcc/v850-elf/4.9-GNUV850_v14.01/../../../../v850-elf/lib/libc.a(lib_a-strtoul.o)
                0x000000000001768e                __strtoul_r
                0x0000000000017810                _strtoul
 .text          0x000000000001782a      0xb78 /usr/local/athrill-gcc/lib/gcc/v850-elf/4.9-GNUV850_v14.01/../../../../v850-elf/lib/libc.a(lib_a-svfiprintf.o)
                0x000000000001782a                ___ssprint_r
                0x0000000000017982                __svfiprintf_r
 .text          0x00000000000183a2      0xbd6 /usr/local/athrill-gcc/lib/gcc/v850-elf/4.9-GNUV850_v14.01/../../../../v850-elf/lib/libc.a(lib_a-svfiscanf.o)
                0x00000000000183a2                __sungetc_r
                0x0000000000018460                ___ssrefill_r
                0x00000000000184ba                __sfread_r
                0x0000000000018574                ___ssvfiscanf_r
 .text          0x0000000000018f78      0x1f2 /usr/local/athrill-gcc/lib/gcc/v850-elf/4.9-GNUV850_v14.01/../../../../v850-elf/lib/libc.a(lib_a-ungetc.o)
                0x0000000000018f78                ___submore
                0x0000000000019012                __ungetc_r
                0x0000000000019154                _ungetc
 .text          0x000000000001916a       0x18 /usr/local/athrill-gcc/lib/gcc/v850-elf/4.9-GNUV850_v14.01/../../../../v850-elf/lib/libc.a(lib_a-write.o)
                0x000000000001916a                __write
 .text          0x0000000000019182       0x14 /usr/local/athrill-gcc/lib/gcc/v850-elf/4.9-GNUV850_v14.01/../../../../v850-elf/lib/libc.a(lib_a-close.o)
                0x0000000000019182                __close
 .text          0x0000000000019196       0xbc /usr/local/athrill-gcc/lib/gcc/v850-elf/4.9-GNUV850_v14.01/../../../../v850-elf/lib/libc.a(lib_a-fclose.o)
                0x0000000000019196                __fclose_r
                0x0000000000019240                _fclose
 .text          0x0000000000019252       0x34 /usr/local/athrill-gcc/lib/gcc/v850-elf/4.9-GNUV850_v14.01/../../../../v850-elf/lib/libc.a(lib_a-fstatr.o)
                0x0000000000019252                __fstat_r
 .text          0x0000000000019286      0x6e8 /usr/local/athrill-gcc/lib/gcc/v850-elf/4.9-GNUV850_v14.01/../../../../v850-elf/lib/libc.a(lib_a-gdtoa-gethex.o)
                0x000000000001930e                ___hexdig_fun
                0x0000000000019344                ___gethex
 .text          0x000000000001996e      0x1c8 /usr/local/athrill-gcc/lib/gcc/v850-elf/4.9-GNUV850_v14.01/../../../../v850-elf/lib/libc.a(lib_a-gdtoa-hexnan.o)
                0x00000000000199a2                ___hexnan
 .text          0x0000000000019b36       0x32 /usr/local/athrill-gcc/lib/gcc/v850-elf/4.9-GNUV850_v14.01/../../../../v850-elf/lib/libc.a(lib_a-isattyr.o)
                0x0000000000019b36                __isatty_r
 .text          0x0000000000019b68       0x1a /usr/local/athrill-gcc/lib/gcc/v850-elf/4.9-GNUV850_v14.01/../../../../v850-elf/lib/libc.a(lib_a-lseek.o)
                0x0000000000019b68                __lseek
 .text          0x0000000000019b82       0x18 /usr/local/athrill-gcc/lib/gcc/v850-elf/4.9-GNUV850_v14.01/../../../../v850-elf/lib/libc.a(lib_a-read.o)
                0x0000000000019b82                __read
 .text          0x0000000000019b9a       0x18 /usr/local/athrill-gcc/lib/gcc/v850-elf/4.9-GNUV850_v14.01/../../../../v850-elf/lib/libc.a(lib_a-fstat.o)
                0x0000000000019b9a                __fstat
 .text          0x0000000000019bb2        0x4 /usr/local/athrill-gcc/lib/gcc/v850-elf/4.9-GNUV850_v14.01/../../../../v850-elf/lib/libc.a(lib_a-isatty.o)
                0x0000000000019bb2                __isatty
 .text          0x0000000000019bb6       0x3e /usr/local/athrill-gcc/lib/gcc/v850-elf/4.9-GNUV850_v14.01/libgcc.a(_mulsi3.o)
                0x0000000000019bb6                ___mulsi3
 .text          0x0000000000019bf4       0x32 /usr/local/athrill-gcc/lib/gcc/v850-elf/4.9-GNUV850_v14.01/libgcc.a(_divsi3.o)
                0x0000000000019bf4                ___divsi3
 .text          0x0000000000019c26       0x36 /usr/local/athrill-gcc/lib/gcc/v850-elf/4.9-GNUV850_v14.01/libgcc.a(_udivsi3.o)
                0x0000000000019c26                ___udivsi3
 .text          0x0000000000019c5c       0x2a /usr/local/athrill-gcc/lib/gcc/v850-elf/4.9-GNUV850_v14.01/libgcc.a(_modsi3.o)
                0x0000000000019c5c                ___modsi3
 .text          0x0000000000019c86       0x2a /usr/local/athrill-gcc/lib/gcc/v850-elf/4.9-GNUV850_v14.01/libgcc.a(_umodsi3.o)
                0x0000000000019c86                ___umodsi3
 .text          0x0000000000019cb0       0x10 /usr/local/athrill-gcc/lib/gcc/v850-elf/4.9-GNUV850_v14.01/libgcc.a(_save_29.o)
                0x0000000000019cb0                __save_r29
                0x0000000000019cb8                __return_r29
 .text          0x0000000000019cc0       0x68 /usr/local/athrill-gcc/lib/gcc/v850-elf/4.9-GNUV850_v14.01/libgcc.a(_save_20c.o)
                0x0000000000019cc0                __save_r20_r31
                0x0000000000019cf4                __return_r20_r31
 .text          0x0000000000019d28       0x60 /usr/local/athrill-gcc/lib/gcc/v850-elf/4.9-GNUV850_v14.01/libgcc.a(_save_21c.o)
                0x0000000000019d28                __save_r21_r31
                0x0000000000019d58                __return_r21_r31
 .text          0x0000000000019d88       0x58 /usr/local/athrill-gcc/lib/gcc/v850-elf/4.9-GNUV850_v14.01/libgcc.a(_save_22c.o)
                0x0000000000019d88                __save_r22_r31
                0x0000000000019db4                __return_r22_r31
 .text          0x0000000000019de0       0x50 /usr/local/athrill-gcc/lib/gcc/v850-elf/4.9-GNUV850_v14.01/libgcc.a(_save_23c.o)
                0x0000000000019de0                __save_r23_r31
                0x0000000000019e08                __return_r23_r31
 .text          0x0000000000019e30       0x48 /usr/local/athrill-gcc/lib/gcc/v850-elf/4.9-GNUV850_v14.01/libgcc.a(_save_24c.o)
                0x0000000000019e30                __save_r24_r31
                0x0000000000019e54                __return_r24_r31
 .text          0x0000000000019e78       0x40 /usr/local/athrill-gcc/lib/gcc/v850-elf/4.9-GNUV850_v14.01/libgcc.a(_save_25c.o)
                0x0000000000019e78                __save_r25_r31
                0x0000000000019e98                __return_r25_r31
 .text          0x0000000000019eb8       0x38 /usr/local/athrill-gcc/lib/gcc/v850-elf/4.9-GNUV850_v14.01/libgcc.a(_save_26c.o)
                0x0000000000019eb8                __save_r26_r31
                0x0000000000019ed4                __return_r26_r31
 .text          0x0000000000019ef0       0x30 /usr/local/athrill-gcc/lib/gcc/v850-elf/4.9-GNUV850_v14.01/libgcc.a(_save_27c.o)
                0x0000000000019ef0                __save_r27_r31
                0x0000000000019f08                __return_r27_r31
 .text          0x0000000000019f20       0x28 /usr/local/athrill-gcc/lib/gcc/v850-elf/4.9-GNUV850_v14.01/libgcc.a(_save_28c.o)
                0x0000000000019f20                __save_r28_r31
                0x0000000000019f34                __return_r28_r31
 .text          0x0000000000019f48       0x20 /usr/local/athrill-gcc/lib/gcc/v850-elf/4.9-GNUV850_v14.01/libgcc.a(_save_29c.o)
                0x0000000000019f48                __save_r29_r31
                0x0000000000019f58                __return_r29_r31
 .text          0x0000000000019f68       0x18 /usr/local/athrill-gcc/lib/gcc/v850-elf/4.9-GNUV850_v14.01/libgcc.a(_save_31c.o)
                0x0000000000019f68                __save_r31
                0x0000000000019f74                __return_r31
 .text          0x0000000000019f80       0x4c /usr/local/athrill-gcc/lib/gcc/v850-elf/4.9-GNUV850_v14.01/libgcc.a(_fixunsdfsi.o)
                0x0000000000019f80                ___fixunsdfsi
 .text          0x0000000000019fcc      0x3f2 /usr/local/athrill-gcc/lib/gcc/v850-elf/4.9-GNUV850_v14.01/libgcc.a(_addsub_df.o)
                0x000000000001a2de                ___adddf3
                0x000000000001a348                ___subdf3
 .text          0x000000000001a3be      0x278 /usr/local/athrill-gcc/lib/gcc/v850-elf/4.9-GNUV850_v14.01/libgcc.a(_mul_df.o)
                0x000000000001a3be                ___muldf3
 .text          0x000000000001a636      0x192 /usr/local/athrill-gcc/lib/gcc/v850-elf/4.9-GNUV850_v14.01/libgcc.a(_div_df.o)
                0x000000000001a636                ___divdf3
 .text          0x000000000001a7c8       0x7a /usr/local/athrill-gcc/lib/gcc/v850-elf/4.9-GNUV850_v14.01/libgcc.a(_eq_df.o)
                0x000000000001a7c8                ___eqdf2
 .text          0x000000000001a842       0x7a /usr/local/athrill-gcc/lib/gcc/v850-elf/4.9-GNUV850_v14.01/libgcc.a(_ne_df.o)
                0x000000000001a842                ___nedf2
 .text          0x000000000001a8bc       0x7a /usr/local/athrill-gcc/lib/gcc/v850-elf/4.9-GNUV850_v14.01/libgcc.a(_gt_df.o)
                0x000000000001a8bc                ___gtdf2
 .text          0x000000000001a936       0x7a /usr/local/athrill-gcc/lib/gcc/v850-elf/4.9-GNUV850_v14.01/libgcc.a(_ge_df.o)
                0x000000000001a936                ___gedf2
 .text          0x000000000001a9b0       0x7a /usr/local/athrill-gcc/lib/gcc/v850-elf/4.9-GNUV850_v14.01/libgcc.a(_lt_df.o)
                0x000000000001a9b0                ___ltdf2
 .text          0x000000000001aa2a       0x7a /usr/local/athrill-gcc/lib/gcc/v850-elf/4.9-GNUV850_v14.01/libgcc.a(_le_df.o)
                0x000000000001aa2a                ___ledf2
 .text          0x000000000001aaa4       0x8e /usr/local/athrill-gcc/lib/gcc/v850-elf/4.9-GNUV850_v14.01/libgcc.a(_si_to_df.o)
                0x000000000001aaa4                ___floatsidf
 .text          0x000000000001ab32       0xb0 /usr/local/athrill-gcc/lib/gcc/v850-elf/4.9-GNUV850_v14.01/libgcc.a(_df_to_si.o)
                0x000000000001ab32                ___fixdfsi
 .text          0x000000000001abe2       0x54 /usr/local/athrill-gcc/lib/gcc/v850-elf/4.9-GNUV850_v14.01/libgcc.a(_df_to_sf.o)
                0x000000000001abe2                ___truncdfsf2
 .text          0x000000000001ac36        0x0 /usr/local/athrill-gcc/lib/gcc/v850-elf/4.9-GNUV850_v14.01/libgcc.a(_thenan_df.o)
 .text          0x000000000001ac36       0x78 /usr/local/athrill-gcc/lib/gcc/v850-elf/4.9-GNUV850_v14.01/libgcc.a(_usi_to_df.o)
                0x000000000001ac36                ___floatunsidf
 .text          0x000000000001acae      0x496 /usr/local/athrill-gcc/lib/gcc/v850-elf/4.9-GNUV850_v14.01/libgcc.a(unwind-sjlj.o)
                0x000000000001ae32                __Unwind_SjLj_Register
                0x000000000001ae4e                __Unwind_SjLj_Unregister
                0x000000000001ae66                __Unwind_GetGR
                0x000000000001ae80                __Unwind_GetCFA
                0x000000000001aea0                __Unwind_SetGR
                0x000000000001aeba                __Unwind_GetIP
                0x000000000001aed0                __Unwind_GetIPInfo
                0x000000000001aef6                __Unwind_SetIP
                0x000000000001af0c                __Unwind_GetLanguageSpecificData
                0x000000000001af20                __Unwind_GetRegionStart
                0x000000000001af2e                __Unwind_FindEnclosingFunction
                0x000000000001af3c                __Unwind_GetDataRelBase
                0x000000000001af4a                __Unwind_GetTextRelBase
                0x000000000001af58                __Unwind_SjLj_RaiseException
                0x000000000001affe                __Unwind_SjLj_ForcedUnwind
                0x000000000001b038                __Unwind_SjLj_Resume
                0x000000000001b074                __Unwind_SjLj_Resume_or_Rethrow
                0x000000000001b0b6                __Unwind_DeleteException
                0x000000000001b0dc                __Unwind_Backtrace
 .text          0x000000000001b144       0xde /usr/local/athrill-gcc/lib/gcc/v850-elf/4.9-GNUV850_v14.01/libgcc.a(_muldi3.o)
                0x000000000001b144                ___muldi3
 .text          0x000000000001b222       0x58 /usr/local/athrill-gcc/lib/gcc/v850-elf/4.9-GNUV850_v14.01/libgcc.a(_clzsi2.o)
                0x000000000001b222                ___clzsi2
 .text          0x000000000001b27a       0x24 /usr/local/athrill-gcc/lib/gcc/v850-elf/4.9-GNUV850_v14.01/libgcc.a(_make_sf.o)
                0x000000000001b27a                ___make_fp
 .text          0x000000000001b29e      0x1c0 /usr/local/athrill-gcc/lib/gcc/v850-elf/4.9-GNUV850_v14.01/libgcc.a(_pack_df.o)
                0x000000000001b29e                ___pack_d
 .text          0x000000000001b45e       0xe4 /usr/local/athrill-gcc/lib/gcc/v850-elf/4.9-GNUV850_v14.01/libgcc.a(_unpack_df.o)
                0x000000000001b45e                ___unpack_d
 .text          0x000000000001b542       0xa0 /usr/local/athrill-gcc/lib/gcc/v850-elf/4.9-GNUV850_v14.01/libgcc.a(_fpcmp_parts_df.o)
                0x000000000001b542                ___fpcmp_parts_d
 .text          0x000000000001b5e2        0x0 /usr/local/athrill-gcc/lib/gcc/v850-elf/4.9-GNUV850_v14.01/libgcc.a(_clz.o)
 .text          0x000000000001b5e2      0x100 /usr/local/athrill-gcc/lib/gcc/v850-elf/4.9-GNUV850_v14.01/libgcc.a(_pack_sf.o)
                0x000000000001b5e2                ___pack_f
                0x000000000001b6e2                _etext = .

.fini
 *(.fini)
                0x000000000001b6e2                _etext = .
                0x000000000001b6e2                PROVIDE (etext, .)

.gcc_except_table
                0x000000000001b6e4       0x50
 *(.gcc_except_table)
 .gcc_except_table
                0x000000000001b6e4       0x18 /usr/local/athrill-gcc/lib/gcc/v850-elf/4.9-GNUV850_v14.01/../../../../v850-elf/lib/libsupc++.a(eh_terminate.o)
 .gcc_except_table
                0x000000000001b6fc       0x20 /usr/local/athrill-gcc/lib/gcc/v850-elf/4.9-GNUV850_v14.01/../../../../v850-elf/lib/libsupc++.a(eh_personality.o)
 .gcc_except_table
                0x000000000001b71c       0x18 /usr/local/athrill-gcc/lib/gcc/v850-elf/4.9-GNUV850_v14.01/../../../../v850-elf/lib/libsupc++.a(vterminate.o)

.ctors
 *crtbegin.o(.ctors)
 *(EXCLUDE_FILE(*crtend.o) .ctors)
 *(SORT(.ctors.*))
 *(.ctors)
                0x000000000001b734                ___ctors_end = .
                0x000000000001b734                ___dtors = .

.dtors
 *crtbegin.o(.dtors)
 *(EXCLUDE_FILE(*crtend.o) .dtors)
 *(SORT(.dtors.*))
 *(.dtors)
                0x000000000001b734                ___dtors_end = .

.rodata         0x000000000001b734     0x15c4
 *(.rodata)
 .rodata        0x000000000001b734       0x30 timer.o
 .rodata        0x000000000001b764       0x10 Endpoint.o
 .rodata        0x000000000001b774       0x34 main.o
 .rodata        0x000000000001b7a8        0xf /usr/local/athrill-gcc/lib/gcc/v850-elf/4.9-GNUV850_v14.01/../../../../v850-elf/lib/libsupc++.a(bad_alloc.o)
 .rodata        0x000000000001b7b7       0x22 /usr/local/athrill-gcc/lib/gcc/v850-elf/4.9-GNUV850_v14.01/../../../../v850-elf/lib/libsupc++.a(eh_exception.o)
 .rodata        0x000000000001b7d9       0x3b /usr/local/athrill-gcc/lib/gcc/v850-elf/4.9-GNUV850_v14.01/../../../../v850-elf/lib/libsupc++.a(pure.o)
 .rodata        0x000000000001b814       0x8c /usr/local/athrill-gcc/lib/gcc/v850-elf/4.9-GNUV850_v14.01/../../../../v850-elf/lib/libsupc++.a(vterminate.o)
 .rodata        0x000000000001b8a0      0xe44 /usr/local/athrill-gcc/lib/gcc/v850-elf/4.9-GNUV850_v14.01/../../../../v850-elf/lib/libsupc++.a(cp-demangle.o)
 .rodata        0x000000000001c6e4        0x2 /usr/local/athrill-gcc/lib/gcc/v850-elf/4.9-GNUV850_v14.01/../../../../v850-elf/lib/libc.a(lib_a-impure.o)
 .rodata        0x000000000001c6e6       0x54 /usr/local/athrill-gcc/lib/gcc/v850-elf/4.9-GNUV850_v14.01/../../../../v850-elf/lib/libc.a(lib_a-svfprintf.o)
 .rodata        0x000000000001c73a       0x28 /usr/local/athrill-gcc/lib/gcc/v850-elf/4.9-GNUV850_v14.01/../../../../v850-elf/lib/libc.a(lib_a-svfscanf.o)
 .rodata        0x000000000001c762      0x281 /usr/local/athrill-gcc/lib/gcc/v850-elf/4.9-GNUV850_v14.01/../../../../v850-elf/lib/libc.a(lib_a-ctype_.o)
                0x000000000001c762                __ctype_
 .rodata        0x000000000001c9e3        0xf /usr/local/athrill-gcc/lib/gcc/v850-elf/4.9-GNUV850_v14.01/../../../../v850-elf/lib/libc.a(lib_a-dtoa.o)
 .rodata        0x000000000001c9f2        0xb /usr/local/athrill-gcc/lib/gcc/v850-elf/4.9-GNUV850_v14.01/../../../../v850-elf/lib/libc.a(lib_a-locale.o)
 .rodata        0x000000000001c9fd        0x1 /usr/local/athrill-gcc/lib/gcc/v850-elf/4.9-GNUV850_v14.01/../../../../v850-elf/lib/libc.a(lib_a-mbrtowc.o)
 *fill*         0x000000000001c9fe        0x2 
 .rodata        0x000000000001ca00      0x124 /usr/local/athrill-gcc/lib/gcc/v850-elf/4.9-GNUV850_v14.01/../../../../v850-elf/lib/libc.a(lib_a-mprec.o)
                0x000000000001ca0c                ___mprec_tinytens
                0x000000000001ca34                ___mprec_bigtens
                0x000000000001ca5c                ___mprec_tens
 .rodata        0x000000000001cb24       0x5c /usr/local/athrill-gcc/lib/gcc/v850-elf/4.9-GNUV850_v14.01/../../../../v850-elf/lib/libc.a(lib_a-strtod.o)
 .rodata        0x000000000001cb80       0x42 /usr/local/athrill-gcc/lib/gcc/v850-elf/4.9-GNUV850_v14.01/../../../../v850-elf/lib/libc.a(lib_a-svfiprintf.o)
 .rodata        0x000000000001cbc2       0x22 /usr/local/athrill-gcc/lib/gcc/v850-elf/4.9-GNUV850_v14.01/../../../../v850-elf/lib/libc.a(lib_a-svfiscanf.o)
 .rodata        0x000000000001cbe4       0x14 /usr/local/athrill-gcc/lib/gcc/v850-elf/4.9-GNUV850_v14.01/libgcc.a(_thenan_df.o)
                0x000000000001cbe4                ___thenan_df
 .rodata        0x000000000001cbf8      0x100 /usr/local/athrill-gcc/lib/gcc/v850-elf/4.9-GNUV850_v14.01/libgcc.a(_clz.o)
                0x000000000001cbf8                ___clz_tab

.rodata._ZTSSt9bad_alloc
                0x000000000001ccf8        0xd
 .rodata._ZTSSt9bad_alloc
                0x000000000001ccf8        0xd /usr/local/athrill-gcc/lib/gcc/v850-elf/4.9-GNUV850_v14.01/../../../../v850-elf/lib/libsupc++.a(bad_alloc.o)
                0x000000000001ccf8                __ZTSSt9bad_alloc

.rodata._ZTISt9bad_alloc
                0x000000000001cd08        0xc
 .rodata._ZTISt9bad_alloc
                0x000000000001cd08        0xc /usr/local/athrill-gcc/lib/gcc/v850-elf/4.9-GNUV850_v14.01/../../../../v850-elf/lib/libsupc++.a(bad_alloc.o)
                0x000000000001cd08                __ZTISt9bad_alloc

.rodata._ZTVSt9bad_alloc
                0x000000000001cd14       0x14
 .rodata._ZTVSt9bad_alloc
                0x000000000001cd14       0x14 /usr/local/athrill-gcc/lib/gcc/v850-elf/4.9-GNUV850_v14.01/../../../../v850-elf/lib/libsupc++.a(bad_alloc.o)
                0x000000000001cd14                __ZTVSt9bad_alloc

.rodata._ZTSSt9exception
                0x000000000001cd28        0xd
 .rodata._ZTSSt9exception
                0x000000000001cd28        0xd /usr/local/athrill-gcc/lib/gcc/v850-elf/4.9-GNUV850_v14.01/../../../../v850-elf/lib/libsupc++.a(eh_exception.o)
                0x000000000001cd28                __ZTSSt9exception

.rodata._ZTISt9exception
                0x000000000001cd38        0x8
 .rodata._ZTISt9exception
                0x000000000001cd38        0x8 /usr/local/athrill-gcc/lib/gcc/v850-elf/4.9-GNUV850_v14.01/../../../../v850-elf/lib/libsupc++.a(eh_exception.o)
                0x000000000001cd38                __ZTISt9exception

.rodata._ZTSSt13bad_exception
                0x000000000001cd40       0x12
 .rodata._ZTSSt13bad_exception
                0x000000000001cd40       0x12 /usr/local/athrill-gcc/lib/gcc/v850-elf/4.9-GNUV850_v14.01/../../../../v850-elf/lib/libsupc++.a(eh_exception.o)
                0x000000000001cd40                __ZTSSt13bad_exception

.rodata._ZTISt13bad_exception
                0x000000000001cd54        0xc
 .rodata._ZTISt13bad_exception
                0x000000000001cd54        0xc /usr/local/athrill-gcc/lib/gcc/v850-elf/4.9-GNUV850_v14.01/../../../../v850-elf/lib/libsupc++.a(eh_exception.o)
                0x000000000001cd54                __ZTISt13bad_exception

.rodata._ZTSN10__cxxabiv115__forced_unwindE
                0x000000000001cd60       0x20
 .rodata._ZTSN10__cxxabiv115__forced_unwindE
                0x000000000001cd60       0x20 /usr/local/athrill-gcc/lib/gcc/v850-elf/4.9-GNUV850_v14.01/../../../../v850-elf/lib/libsupc++.a(eh_exception.o)
                0x000000000001cd60                __ZTSN10__cxxabiv115__forced_unwindE

.rodata._ZTIN10__cxxabiv115__forced_unwindE
                0x000000000001cd80        0x8
 .rodata._ZTIN10__cxxabiv115__forced_unwindE
                0x000000000001cd80        0x8 /usr/local/athrill-gcc/lib/gcc/v850-elf/4.9-GNUV850_v14.01/../../../../v850-elf/lib/libsupc++.a(eh_exception.o)
                0x000000000001cd80                __ZTIN10__cxxabiv115__forced_unwindE

.rodata._ZTSN10__cxxabiv119__foreign_exceptionE
                0x000000000001cd88       0x24
 .rodata._ZTSN10__cxxabiv119__foreign_exceptionE
                0x000000000001cd88       0x24 /usr/local/athrill-gcc/lib/gcc/v850-elf/4.9-GNUV850_v14.01/../../../../v850-elf/lib/libsupc++.a(eh_exception.o)
                0x000000000001cd88                __ZTSN10__cxxabiv119__foreign_exceptionE

.rodata._ZTIN10__cxxabiv119__foreign_exceptionE
                0x000000000001cdac        0x8
 .rodata._ZTIN10__cxxabiv119__foreign_exceptionE
                0x000000000001cdac        0x8 /usr/local/athrill-gcc/lib/gcc/v850-elf/4.9-GNUV850_v14.01/../../../../v850-elf/lib/libsupc++.a(eh_exception.o)
                0x000000000001cdac                __ZTIN10__cxxabiv119__foreign_exceptionE

.rodata._ZTVSt9exception
                0x000000000001cdb4       0x14
 .rodata._ZTVSt9exception
                0x000000000001cdb4       0x14 /usr/local/athrill-gcc/lib/gcc/v850-elf/4.9-GNUV850_v14.01/../../../../v850-elf/lib/libsupc++.a(eh_exception.o)
                0x000000000001cdb4                __ZTVSt9exception

.rodata._ZTVSt13bad_exception
                0x000000000001cdc8       0x14
 .rodata._ZTVSt13bad_exception
                0x000000000001cdc8       0x14 /usr/local/athrill-gcc/lib/gcc/v850-elf/4.9-GNUV850_v14.01/../../../../v850-elf/lib/libsupc++.a(eh_exception.o)
                0x000000000001cdc8                __ZTVSt13bad_exception

.rodata._ZTVN10__cxxabiv115__forced_unwindE
                0x000000000001cddc       0x14
 .rodata._ZTVN10__cxxabiv115__forced_unwindE
                0x000000000001cddc       0x14 /usr/local/athrill-gcc/lib/gcc/v850-elf/4.9-GNUV850_v14.01/../../../../v850-elf/lib/libsupc++.a(eh_exception.o)
                0x000000000001cddc                __ZTVN10__cxxabiv115__forced_unwindE

.rodata._ZTVN10__cxxabiv119__foreign_exceptionE
                0x000000000001cdf0       0x14
 .rodata._ZTVN10__cxxabiv119__foreign_exceptionE
                0x000000000001cdf0       0x14 /usr/local/athrill-gcc/lib/gcc/v850-elf/4.9-GNUV850_v14.01/../../../../v850-elf/lib/libsupc++.a(eh_exception.o)
                0x000000000001cdf0                __ZTVN10__cxxabiv119__foreign_exceptionE

.rodata._ZSt7nothrow
                0x000000000001ce04        0x1
 .rodata._ZSt7nothrow
                0x000000000001ce04        0x1 /usr/local/athrill-gcc/lib/gcc/v850-elf/4.9-GNUV850_v14.01/../../../../v850-elf/lib/libsupc++.a(new_handler.o)
                0x000000000001ce04                __ZSt7nothrow

.rodata._ZTSN10__cxxabiv120__si_class_type_infoE
                0x000000000001ce05       0x25
 .rodata._ZTSN10__cxxabiv120__si_class_type_infoE
                0x000000000001ce05       0x25 /usr/local/athrill-gcc/lib/gcc/v850-elf/4.9-GNUV850_v14.01/../../../../v850-elf/lib/libsupc++.a(si_class_type_info.o)
                0x000000000001ce05                __ZTSN10__cxxabiv120__si_class_type_infoE

.rodata._ZTIN10__cxxabiv120__si_class_type_infoE
                0x000000000001ce2c        0xc
 .rodata._ZTIN10__cxxabiv120__si_class_type_infoE
                0x000000000001ce2c        0xc /usr/local/athrill-gcc/lib/gcc/v850-elf/4.9-GNUV850_v14.01/../../../../v850-elf/lib/libsupc++.a(si_class_type_info.o)
                0x000000000001ce2c                __ZTIN10__cxxabiv120__si_class_type_infoE

.rodata._ZTVN10__cxxabiv120__si_class_type_infoE
                0x000000000001ce38       0x2c
 .rodata._ZTVN10__cxxabiv120__si_class_type_infoE
                0x000000000001ce38       0x2c /usr/local/athrill-gcc/lib/gcc/v850-elf/4.9-GNUV850_v14.01/../../../../v850-elf/lib/libsupc++.a(si_class_type_info.o)
                0x000000000001ce38                __ZTVN10__cxxabiv120__si_class_type_infoE

.rodata._ZTSSt9type_info
                0x000000000001ce64        0xd
 .rodata._ZTSSt9type_info
                0x000000000001ce64        0xd /usr/local/athrill-gcc/lib/gcc/v850-elf/4.9-GNUV850_v14.01/../../../../v850-elf/lib/libsupc++.a(tinfo.o)
                0x000000000001ce64                __ZTSSt9type_info

.rodata._ZTISt9type_info
                0x000000000001ce74        0x8
 .rodata._ZTISt9type_info
                0x000000000001ce74        0x8 /usr/local/athrill-gcc/lib/gcc/v850-elf/4.9-GNUV850_v14.01/../../../../v850-elf/lib/libsupc++.a(tinfo.o)
                0x000000000001ce74                __ZTISt9type_info

.rodata._ZTVSt9type_info
                0x000000000001ce7c       0x20
 .rodata._ZTVSt9type_info
                0x000000000001ce7c       0x20 /usr/local/athrill-gcc/lib/gcc/v850-elf/4.9-GNUV850_v14.01/../../../../v850-elf/lib/libsupc++.a(tinfo.o)
                0x000000000001ce7c                __ZTVSt9type_info

.rodata._ZTSN10__cxxabiv117__class_type_infoE
                0x000000000001ce9c       0x22
 .rodata._ZTSN10__cxxabiv117__class_type_infoE
                0x000000000001ce9c       0x22 /usr/local/athrill-gcc/lib/gcc/v850-elf/4.9-GNUV850_v14.01/../../../../v850-elf/lib/libsupc++.a(class_type_info.o)
                0x000000000001ce9c                __ZTSN10__cxxabiv117__class_type_infoE

.rodata._ZTIN10__cxxabiv117__class_type_infoE
                0x000000000001cec0        0xc
 .rodata._ZTIN10__cxxabiv117__class_type_infoE
                0x000000000001cec0        0xc /usr/local/athrill-gcc/lib/gcc/v850-elf/4.9-GNUV850_v14.01/../../../../v850-elf/lib/libsupc++.a(class_type_info.o)
                0x000000000001cec0                __ZTIN10__cxxabiv117__class_type_infoE

.rodata._ZTVN10__cxxabiv117__class_type_infoE
                0x000000000001cecc       0x2c
 .rodata._ZTVN10__cxxabiv117__class_type_infoE
                0x000000000001cecc       0x2c /usr/local/athrill-gcc/lib/gcc/v850-elf/4.9-GNUV850_v14.01/../../../../v850-elf/lib/libsupc++.a(class_type_info.o)
                0x000000000001cecc                __ZTVN10__cxxabiv117__class_type_infoE

.rodata.cst4    0x000000000001cef8       0x28
 .rodata.cst4   0x000000000001cef8        0x4 /usr/local/athrill-gcc/lib/gcc/v850-elf/4.9-GNUV850_v14.01/../../../../v850-elf/lib/libsupc++.a(eh_personality.o)
 .rodata.cst4   0x000000000001cefc        0x8 /usr/local/athrill-gcc/lib/gcc/v850-elf/4.9-GNUV850_v14.01/../../../../v850-elf/lib/libsupc++.a(cp-demangle.o)
 .rodata.cst4   0x000000000001cf04        0x4 /usr/local/athrill-gcc/lib/gcc/v850-elf/4.9-GNUV850_v14.01/../../../../v850-elf/lib/libc.a(lib_a-svfscanf.o)
 .rodata.cst4   0x000000000001cf08       0x10 /usr/local/athrill-gcc/lib/gcc/v850-elf/4.9-GNUV850_v14.01/../../../../v850-elf/lib/libc.a(lib_a-strtod.o)
 .rodata.cst4   0x000000000001cf18        0x8 /usr/local/athrill-gcc/lib/gcc/v850-elf/4.9-GNUV850_v14.01/../../../../v850-elf/lib/libc.a(lib_a-svfiscanf.o)

.rosdata        0x0000000006ff7000        0x4
 *(.rosdata)
 .rosdata       0x0000000006ff7000        0x4 /usr/local/athrill-gcc/lib/gcc/v850-elf/4.9-GNUV850_v14.01/../../../../v850-elf/lib/libc.a(lib_a-impure.o)
                0x0000000006ff7000                __global_impure_ptr
                0x0000000006ff7004                __gp = .
                0x0000000006ff7004                . = ALIGN (0x4)
                0x0000000006ff7004                __idata_start = .

.data           0x0000000006ff7004      0x4ac
                0x0000000006ff7004                . = ALIGN (0x4)
                0x0000000006ff7004                __data_start = .
 *(.data)
 .data          0x0000000006ff7004        0x0 lwip-athrill.o
 .data          0x0000000006ff7004        0x0 start.o
 .data          0x0000000006ff7004        0x0 vector.o
 .data          0x0000000006ff7004        0x0 software_init.o
 .data          0x0000000006ff7004        0x0 interrupt.o
 .data          0x0000000006ff7004        0x0 interrupt_table.o
 .data          0x0000000006ff7004        0x0 timer.o
 .data          0x0000000006ff7004        0x0 interrupt_asm.o
 .data          0x0000000006ff7004        0x0 EthernetInterface.o
 .data          0x0000000006ff7004        0x0 Endpoint.o
 .data          0x0000000006ff7004        0x0 Socket.o
 .data          0x0000000006ff7004        0x0 TCPSocketConnection.o
 .data          0x0000000006ff7004        0x0 TCPSocketServer.o
 .data          0x0000000006ff7004        0x0 main.o
 .data          0x0000000006ff7004        0x0 /usr/local/athrill-gcc/lib/gcc/v850-elf/4.9-GNUV850_v14.01/../../../../v850-elf/lib/libsupc++.a(del_op.o)
 .data          0x0000000006ff7004        0x0 /usr/local/athrill-gcc/lib/gcc/v850-elf/4.9-GNUV850_v14.01/../../../../v850-elf/lib/libsupc++.a(new_op.o)
 .data          0x0000000006ff7004        0x0 /usr/local/athrill-gcc/lib/gcc/v850-elf/4.9-GNUV850_v14.01/../../../../v850-elf/lib/libsupc++.a(bad_alloc.o)
 .data          0x0000000006ff7004        0x0 /usr/local/athrill-gcc/lib/gcc/v850-elf/4.9-GNUV850_v14.01/../../../../v850-elf/lib/libsupc++.a(eh_alloc.o)
 .data          0x0000000006ff7004        0x0 /usr/local/athrill-gcc/lib/gcc/v850-elf/4.9-GNUV850_v14.01/../../../../v850-elf/lib/libsupc++.a(eh_exception.o)
 .data          0x0000000006ff7004        0x0 /usr/local/athrill-gcc/lib/gcc/v850-elf/4.9-GNUV850_v14.01/../../../../v850-elf/lib/libsupc++.a(eh_terminate.o)
 .data          0x0000000006ff7004        0x0 /usr/local/athrill-gcc/lib/gcc/v850-elf/4.9-GNUV850_v14.01/../../../../v850-elf/lib/libsupc++.a(eh_throw.o)
 .data          0x0000000006ff7004        0x0 /usr/local/athrill-gcc/lib/gcc/v850-elf/4.9-GNUV850_v14.01/../../../../v850-elf/lib/libsupc++.a(eh_unex_handler.o)
 .data          0x0000000006ff7004        0x0 /usr/local/athrill-gcc/lib/gcc/v850-elf/4.9-GNUV850_v14.01/../../../../v850-elf/lib/libsupc++.a(new_handler.o)
 .data          0x0000000006ff7004        0x0 /usr/local/athrill-gcc/lib/gcc/v850-elf/4.9-GNUV850_v14.01/../../../../v850-elf/lib/libsupc++.a(pure.o)
 .data          0x0000000006ff7004        0x0 /usr/local/athrill-gcc/lib/gcc/v850-elf/4.9-GNUV850_v14.01/../../../../v850-elf/lib/libsupc++.a(si_class_type_info.o)
 .data          0x0000000006ff7004        0x0 /usr/local/athrill-gcc/lib/gcc/v850-elf/4.9-GNUV850_v14.01/../../../../v850-elf/lib/libsupc++.a(tinfo.o)
 .data          0x0000000006ff7004        0x0 /usr/local/athrill-gcc/lib/gcc/v850-elf/4.9-GNUV850_v14.01/../../../../v850-elf/lib/libsupc++.a(class_type_info.o)
 .data          0x0000000006ff7004        0x0 /usr/local/athrill-gcc/lib/gcc/v850-elf/4.9-GNUV850_v14.01/../../../../v850-elf/lib/libsupc++.a(eh_catch.o)
 .data          0x0000000006ff7004        0x0 /usr/local/athrill-gcc/lib/gcc/v850-elf/4.9-GNUV850_v14.01/../../../../v850-elf/lib/libsupc++.a(eh_globals.o)
 .data          0x0000000006ff7004        0x0 /usr/local/athrill-gcc/lib/gcc/v850-elf/4.9-GNUV850_v14.01/../../../../v850-elf/lib/libsupc++.a(eh_personality.o)
 .data          0x0000000006ff7004        0x0 /usr/local/athrill-gcc/lib/gcc/v850-elf/4.9-GNUV850_v14.01/../../../../v850-elf/lib/libsupc++.a(eh_term_handler.o)
 .data          0x0000000006ff7004        0x0 /usr/local/athrill-gcc/lib/gcc/v850-elf/4.9-GNUV850_v14.01/../../../../v850-elf/lib/libsupc++.a(vterminate.o)
 .data          0x0000000006ff7004        0x0 /usr/local/athrill-gcc/lib/gcc/v850-elf/4.9-GNUV850_v14.01/../../../../v850-elf/lib/libsupc++.a(cp-demangle.o)
 .data          0x0000000006ff7004        0x0 /usr/local/athrill-gcc/lib/gcc/v850-elf/4.9-GNUV850_v14.01/../../../../v850-elf/lib/libsupc++.a(eh_call.o)
 .data          0x0000000006ff7004        0x0 /usr/local/athrill-gcc/lib/gcc/v850-elf/4.9-GNUV850_v14.01/../../../../v850-elf/lib/libsupc++.a(eh_type.o)
 .data          0x0000000006ff7004        0x0 /usr/local/athrill-gcc/lib/gcc/v850-elf/4.9-GNUV850_v14.01/../../../../v850-elf/lib/libc.a(lib_a-abort.o)
 .data          0x0000000006ff7004        0x4 /usr/local/athrill-gcc/lib/gcc/v850-elf/4.9-GNUV850_v14.01/../../../../v850-elf/lib/libc.a(lib_a-_exit.o)
 .data          0x0000000006ff7008        0x0 /usr/local/athrill-gcc/lib/gcc/v850-elf/4.9-GNUV850_v14.01/../../../../v850-elf/lib/libc.a(lib_a-fputc.o)
 .data          0x0000000006ff7008        0x0 /usr/local/athrill-gcc/lib/gcc/v850-elf/4.9-GNUV850_v14.01/../../../../v850-elf/lib/libc.a(lib_a-fputs.o)
 .data          0x0000000006ff7008        0x0 /usr/local/athrill-gcc/lib/gcc/v850-elf/4.9-GNUV850_v14.01/../../../../v850-elf/lib/libc.a(lib_a-fvwrite.o)
 .data          0x0000000006ff7008        0x0 /usr/local/athrill-gcc/lib/gcc/v850-elf/4.9-GNUV850_v14.01/../../../../v850-elf/lib/libc.a(lib_a-fwrite.o)
 .data          0x0000000006ff7008      0x424 /usr/local/athrill-gcc/lib/gcc/v850-elf/4.9-GNUV850_v14.01/../../../../v850-elf/lib/libc.a(lib_a-impure.o)
 .data          0x0000000006ff742c        0x0 /usr/local/athrill-gcc/lib/gcc/v850-elf/4.9-GNUV850_v14.01/../../../../v850-elf/lib/libc.a(lib_a-memchr.o)
 .data          0x0000000006ff742c        0x0 /usr/local/athrill-gcc/lib/gcc/v850-elf/4.9-GNUV850_v14.01/../../../../v850-elf/lib/libc.a(lib_a-memcmp.o)
 .data          0x0000000006ff742c        0x0 /usr/local/athrill-gcc/lib/gcc/v850-elf/4.9-GNUV850_v14.01/../../../../v850-elf/lib/libc.a(lib_a-memcpy.o)
 .data          0x0000000006ff742c        0x0 /usr/local/athrill-gcc/lib/gcc/v850-elf/4.9-GNUV850_v14.01/../../../../v850-elf/lib/libc.a(lib_a-memmove.o)
 .data          0x0000000006ff742c        0x0 /usr/local/athrill-gcc/lib/gcc/v850-elf/4.9-GNUV850_v14.01/../../../../v850-elf/lib/libc.a(lib_a-memset.o)
 .data          0x0000000006ff742c        0x0 /usr/local/athrill-gcc/lib/gcc/v850-elf/4.9-GNUV850_v14.01/../../../../v850-elf/lib/libc.a(lib_a-putc.o)
 .data          0x0000000006ff742c        0x0 /usr/local/athrill-gcc/lib/gcc/v850-elf/4.9-GNUV850_v14.01/../../../../v850-elf/lib/libc.a(lib_a-sprintf.o)
 .data          0x0000000006ff742c        0x0 /usr/local/athrill-gcc/lib/gcc/v850-elf/4.9-GNUV850_v14.01/../../../../v850-elf/lib/libc.a(lib_a-sscanf.o)
 .data          0x0000000006ff742c        0x0 /usr/local/athrill-gcc/lib/gcc/v850-elf/4.9-GNUV850_v14.01/../../../../v850-elf/lib/libc.a(lib_a-stdio.o)
 .data          0x0000000006ff742c        0x0 /usr/local/athrill-gcc/lib/gcc/v850-elf/4.9-GNUV850_v14.01/../../../../v850-elf/lib/libc.a(lib_a-strcmp.o)
 .data          0x0000000006ff742c        0x0 /usr/local/athrill-gcc/lib/gcc/v850-elf/4.9-GNUV850_v14.01/../../../../v850-elf/lib/libc.a(lib_a-strlen.o)
 .data          0x0000000006ff742c        0x0 /usr/local/athrill-gcc/lib/gcc/v850-elf/4.9-GNUV850_v14.01/../../../../v850-elf/lib/libc.a(lib_a-strncmp.o)
 .data          0x0000000006ff742c        0x0 /usr/local/athrill-gcc/lib/gcc/v850-elf/4.9-GNUV850_v14.01/../../../../v850-elf/lib/libc.a(lib_a-svfprintf.o)
 .data          0x0000000006ff742c        0x0 /usr/local/athrill-gcc/lib/gcc/v850-elf/4.9-GNUV850_v14.01/../../../../v850-elf/lib/libc.a(lib_a-svfscanf.o)
 .data          0x0000000006ff742c        0x0 /usr/local/athrill-gcc/lib/gcc/v850-elf/4.9-GNUV850_v14.01/../../../../v850-elf/lib/libc.a(lib_a-syswrite.o)
 .data          0x0000000006ff742c        0x0 /usr/local/athrill-gcc/lib/gcc/v850-elf/4.9-GNUV850_v14.01/../../../../v850-elf/lib/libc.a(lib_a-trap.o)
 .data          0x0000000006ff742c        0x0 /usr/local/athrill-gcc/lib/gcc/v850-elf/4.9-GNUV850_v14.01/../../../../v850-elf/lib/libc.a(lib_a-wbuf.o)
 .data          0x0000000006ff742c        0x0 /usr/local/athrill-gcc/lib/gcc/v850-elf/4.9-GNUV850_v14.01/../../../../v850-elf/lib/libc.a(lib_a-writer.o)
 .data          0x0000000006ff742c        0x0 /usr/local/athrill-gcc/lib/gcc/v850-elf/4.9-GNUV850_v14.01/../../../../v850-elf/lib/libc.a(lib_a-wsetup.o)
 .data          0x0000000006ff742c        0x0 /usr/local/athrill-gcc/lib/gcc/v850-elf/4.9-GNUV850_v14.01/../../../../v850-elf/lib/libc.a(lib_a-closer.o)
 .data          0x0000000006ff742c        0x4 /usr/local/athrill-gcc/lib/gcc/v850-elf/4.9-GNUV850_v14.01/../../../../v850-elf/lib/libc.a(lib_a-ctype_.o)
                0x0000000006ff742c                ___ctype_ptr__
 .data          0x0000000006ff7430        0x0 /usr/local/athrill-gcc/lib/gcc/v850-elf/4.9-GNUV850_v14.01/../../../../v850-elf/lib/libc.a(lib_a-dtoa.o)
 .data          0x0000000006ff7430        0x0 /usr/local/athrill-gcc/lib/gcc/v850-elf/4.9-GNUV850_v14.01/../../../../v850-elf/lib/libc.a(lib_a-fflush.o)
 .data          0x0000000006ff7430        0x0 /usr/local/athrill-gcc/lib/gcc/v850-elf/4.9-GNUV850_v14.01/../../../../v850-elf/lib/libc.a(lib_a-findfp.o)
 .data          0x0000000006ff7430        0x0 /usr/local/athrill-gcc/lib/gcc/v850-elf/4.9-GNUV850_v14.01/../../../../v850-elf/lib/libc.a(lib_a-fwalk.o)
 .data          0x0000000006ff7430        0x0 /usr/local/athrill-gcc/lib/gcc/v850-elf/4.9-GNUV850_v14.01/../../../../v850-elf/lib/libc.a(lib_a-iswspace.o)
 .data          0x0000000006ff7430       0x7c /usr/local/athrill-gcc/lib/gcc/v850-elf/4.9-GNUV850_v14.01/../../../../v850-elf/lib/libc.a(lib_a-locale.o)
                0x0000000006ff74a8                ___mb_cur_max
 .data          0x0000000006ff74ac        0x0 /usr/local/athrill-gcc/lib/gcc/v850-elf/4.9-GNUV850_v14.01/../../../../v850-elf/lib/libc.a(lib_a-lseekr.o)
 .data          0x0000000006ff74ac        0x0 /usr/local/athrill-gcc/lib/gcc/v850-elf/4.9-GNUV850_v14.01/../../../../v850-elf/lib/libc.a(lib_a-makebuf.o)
 .data          0x0000000006ff74ac        0x0 /usr/local/athrill-gcc/lib/gcc/v850-elf/4.9-GNUV850_v14.01/../../../../v850-elf/lib/libc.a(lib_a-mbrtowc.o)
 .data          0x0000000006ff74ac        0x4 /usr/local/athrill-gcc/lib/gcc/v850-elf/4.9-GNUV850_v14.01/../../../../v850-elf/lib/libc.a(lib_a-mbtowc_r.o)
                0x0000000006ff74ac                ___mbtowc
 .data          0x0000000006ff74b0        0x0 /usr/local/athrill-gcc/lib/gcc/v850-elf/4.9-GNUV850_v14.01/../../../../v850-elf/lib/libc.a(lib_a-mprec.o)
 .data          0x0000000006ff74b0        0x0 /usr/local/athrill-gcc/lib/gcc/v850-elf/4.9-GNUV850_v14.01/../../../../v850-elf/lib/libc.a(lib_a-readr.o)
 .data          0x0000000006ff74b0        0x0 /usr/local/athrill-gcc/lib/gcc/v850-elf/4.9-GNUV850_v14.01/../../../../v850-elf/lib/libc.a(lib_a-sccl.o)
 .data          0x0000000006ff74b0        0x0 /usr/local/athrill-gcc/lib/gcc/v850-elf/4.9-GNUV850_v14.01/../../../../v850-elf/lib/libc.a(lib_a-sf_nan.o)
 .data          0x0000000006ff74b0        0x0 /usr/local/athrill-gcc/lib/gcc/v850-elf/4.9-GNUV850_v14.01/../../../../v850-elf/lib/libc.a(lib_a-s_fpclassify.o)
 .data          0x0000000006ff74b0        0x0 /usr/local/athrill-gcc/lib/gcc/v850-elf/4.9-GNUV850_v14.01/../../../../v850-elf/lib/libc.a(lib_a-strtod.o)
 .data          0x0000000006ff74b0        0x0 /usr/local/athrill-gcc/lib/gcc/v850-elf/4.9-GNUV850_v14.01/../../../../v850-elf/lib/libc.a(lib_a-strtol.o)
 .data          0x0000000006ff74b0        0x0 /usr/local/athrill-gcc/lib/gcc/v850-elf/4.9-GNUV850_v14.01/../../../../v850-elf/lib/libc.a(lib_a-strtoul.o)
 .data          0x0000000006ff74b0        0x0 /usr/local/athrill-gcc/lib/gcc/v850-elf/4.9-GNUV850_v14.01/../../../../v850-elf/lib/libc.a(lib_a-svfiprintf.o)
 .data          0x0000000006ff74b0        0x0 /usr/local/athrill-gcc/lib/gcc/v850-elf/4.9-GNUV850_v14.01/../../../../v850-elf/lib/libc.a(lib_a-svfiscanf.o)
 .data          0x0000000006ff74b0        0x0 /usr/local/athrill-gcc/lib/gcc/v850-elf/4.9-GNUV850_v14.01/../../../../v850-elf/lib/libc.a(lib_a-ungetc.o)
 .data          0x0000000006ff74b0        0x0 /usr/local/athrill-gcc/lib/gcc/v850-elf/4.9-GNUV850_v14.01/../../../../v850-elf/lib/libc.a(lib_a-write.o)
 .data          0x0000000006ff74b0        0x0 /usr/local/athrill-gcc/lib/gcc/v850-elf/4.9-GNUV850_v14.01/../../../../v850-elf/lib/libc.a(lib_a-close.o)
 .data          0x0000000006ff74b0        0x0 /usr/local/athrill-gcc/lib/gcc/v850-elf/4.9-GNUV850_v14.01/../../../../v850-elf/lib/libc.a(lib_a-fclose.o)
 .data          0x0000000006ff74b0        0x0 /usr/local/athrill-gcc/lib/gcc/v850-elf/4.9-GNUV850_v14.01/../../../../v850-elf/lib/libc.a(lib_a-fstatr.o)
 .data          0x0000000006ff74b0        0x0 /usr/local/athrill-gcc/lib/gcc/v850-elf/4.9-GNUV850_v14.01/../../../../v850-elf/lib/libc.a(lib_a-gdtoa-gethex.o)
 .data          0x0000000006ff74b0        0x0 /usr/local/athrill-gcc/lib/gcc/v850-elf/4.9-GNUV850_v14.01/../../../../v850-elf/lib/libc.a(lib_a-gdtoa-hexnan.o)
 .data          0x0000000006ff74b0        0x0 /usr/local/athrill-gcc/lib/gcc/v850-elf/4.9-GNUV850_v14.01/../../../../v850-elf/lib/libc.a(lib_a-isattyr.o)
 .data          0x0000000006ff74b0        0x0 /usr/local/athrill-gcc/lib/gcc/v850-elf/4.9-GNUV850_v14.01/../../../../v850-elf/lib/libc.a(lib_a-lseek.o)
 .data          0x0000000006ff74b0        0x0 /usr/local/athrill-gcc/lib/gcc/v850-elf/4.9-GNUV850_v14.01/../../../../v850-elf/lib/libc.a(lib_a-read.o)
 .data          0x0000000006ff74b0        0x0 /usr/local/athrill-gcc/lib/gcc/v850-elf/4.9-GNUV850_v14.01/../../../../v850-elf/lib/libc.a(lib_a-fstat.o)
 .data          0x0000000006ff74b0        0x0 /usr/local/athrill-gcc/lib/gcc/v850-elf/4.9-GNUV850_v14.01/../../../../v850-elf/lib/libc.a(lib_a-isatty.o)
 .data          0x0000000006ff74b0        0x0 /usr/local/athrill-gcc/lib/gcc/v850-elf/4.9-GNUV850_v14.01/libgcc.a(_mulsi3.o)
 .data          0x0000000006ff74b0        0x0 /usr/local/athrill-gcc/lib/gcc/v850-elf/4.9-GNUV850_v14.01/libgcc.a(_divsi3.o)
 .data          0x0000000006ff74b0        0x0 /usr/local/athrill-gcc/lib/gcc/v850-elf/4.9-GNUV850_v14.01/libgcc.a(_udivsi3.o)
 .data          0x0000000006ff74b0        0x0 /usr/local/athrill-gcc/lib/gcc/v850-elf/4.9-GNUV850_v14.01/libgcc.a(_modsi3.o)
 .data          0x0000000006ff74b0        0x0 /usr/local/athrill-gcc/lib/gcc/v850-elf/4.9-GNUV850_v14.01/libgcc.a(_umodsi3.o)
 .data          0x0000000006ff74b0        0x0 /usr/local/athrill-gcc/lib/gcc/v850-elf/4.9-GNUV850_v14.01/libgcc.a(_save_29.o)
 .data          0x0000000006ff74b0        0x0 /usr/local/athrill-gcc/lib/gcc/v850-elf/4.9-GNUV850_v14.01/libgcc.a(_save_20c.o)
 .data          0x0000000006ff74b0        0x0 /usr/local/athrill-gcc/lib/gcc/v850-elf/4.9-GNUV850_v14.01/libgcc.a(_save_21c.o)
 .data          0x0000000006ff74b0        0x0 /usr/local/athrill-gcc/lib/gcc/v850-elf/4.9-GNUV850_v14.01/libgcc.a(_save_22c.o)
 .data          0x0000000006ff74b0        0x0 /usr/local/athrill-gcc/lib/gcc/v850-elf/4.9-GNUV850_v14.01/libgcc.a(_save_23c.o)
 .data          0x0000000006ff74b0        0x0 /usr/local/athrill-gcc/lib/gcc/v850-elf/4.9-GNUV850_v14.01/libgcc.a(_save_24c.o)
 .data          0x0000000006ff74b0        0x0 /usr/local/athrill-gcc/lib/gcc/v850-elf/4.9-GNUV850_v14.01/libgcc.a(_save_25c.o)
 .data          0x0000000006ff74b0        0x0 /usr/local/athrill-gcc/lib/gcc/v850-elf/4.9-GNUV850_v14.01/libgcc.a(_save_26c.o)
 .data          0x0000000006ff74b0        0x0 /usr/local/athrill-gcc/lib/gcc/v850-elf/4.9-GNUV850_v14.01/libgcc.a(_save_27c.o)
 .data          0x0000000006ff74b0        0x0 /usr/local/athrill-gcc/lib/gcc/v850-elf/4.9-GNUV850_v14.01/libgcc.a(_save_28c.o)
 .data          0x0000000006ff74b0        0x0 /usr/local/athrill-gcc/lib/gcc/v850-elf/4.9-GNUV850_v14.01/libgcc.a(_save_29c.o)
 .data          0x0000000006ff74b0        0x0 /usr/local/athrill-gcc/lib/gcc/v850-elf/4.9-GNUV850_v14.01/libgcc.a(_save_31c.o)
 .data          0x0000000006ff74b0        0x0 /usr/local/athrill-gcc/lib/gcc/v850-elf/4.9-GNUV850_v14.01/libgcc.a(_fixunsdfsi.o)
 .data          0x0000000006ff74b0        0x0 /usr/local/athrill-gcc/lib/gcc/v850-elf/4.9-GNUV850_v14.01/libgcc.a(_addsub_df.o)
 .data          0x0000000006ff74b0        0x0 /usr/local/athrill-gcc/lib/gcc/v850-elf/4.9-GNUV850_v14.01/libgcc.a(_mul_df.o)
 .data          0x0000000006ff74b0        0x0 /usr/local/athrill-gcc/lib/gcc/v850-elf/4.9-GNUV850_v14.01/libgcc.a(_div_df.o)
 .data          0x0000000006ff74b0        0x0 /usr/local/athrill-gcc/lib/gcc/v850-elf/4.9-GNUV850_v14.01/libgcc.a(_eq_df.o)
 .data          0x0000000006ff74b0        0x0 /usr/local/athrill-gcc/lib/gcc/v850-elf/4.9-GNUV850_v14.01/libgcc.a(_ne_df.o)
 .data          0x0000000006ff74b0        0x0 /usr/local/athrill-gcc/lib/gcc/v850-elf/4.9-GNUV850_v14.01/libgcc.a(_gt_df.o)
 .data          0x0000000006ff74b0        0x0 /usr/local/athrill-gcc/lib/gcc/v850-elf/4.9-GNUV850_v14.01/libgcc.a(_ge_df.o)
 .data          0x0000000006ff74b0        0x0 /usr/local/athrill-gcc/lib/gcc/v850-elf/4.9-GNUV850_v14.01/libgcc.a(_lt_df.o)
 .data          0x0000000006ff74b0        0x0 /usr/local/athrill-gcc/lib/gcc/v850-elf/4.9-GNUV850_v14.01/libgcc.a(_le_df.o)
 .data          0x0000000006ff74b0        0x0 /usr/local/athrill-gcc/lib/gcc/v850-elf/4.9-GNUV850_v14.01/libgcc.a(_si_to_df.o)
 .data          0x0000000006ff74b0        0x0 /usr/local/athrill-gcc/lib/gcc/v850-elf/4.9-GNUV850_v14.01/libgcc.a(_df_to_si.o)
 .data          0x0000000006ff74b0        0x0 /usr/local/athrill-gcc/lib/gcc/v850-elf/4.9-GNUV850_v14.01/libgcc.a(_df_to_sf.o)
 .data          0x0000000006ff74b0        0x0 /usr/local/athrill-gcc/lib/gcc/v850-elf/4.9-GNUV850_v14.01/libgcc.a(_thenan_df.o)
 .data          0x0000000006ff74b0        0x0 /usr/local/athrill-gcc/lib/gcc/v850-elf/4.9-GNUV850_v14.01/libgcc.a(_usi_to_df.o)
 .data          0x0000000006ff74b0        0x0 /usr/local/athrill-gcc/lib/gcc/v850-elf/4.9-GNUV850_v14.01/libgcc.a(unwind-sjlj.o)
 .data          0x0000000006ff74b0        0x0 /usr/local/athrill-gcc/lib/gcc/v850-elf/4.9-GNUV850_v14.01/libgcc.a(_muldi3.o)
 .data          0x0000000006ff74b0        0x0 /usr/local/athrill-gcc/lib/gcc/v850-elf/4.9-GNUV850_v14.01/libgcc.a(_clzsi2.o)
 .data          0x0000000006ff74b0        0x0 /usr/local/athrill-gcc/lib/gcc/v850-elf/4.9-GNUV850_v14.01/libgcc.a(_make_sf.o)
 .data          0x0000000006ff74b0        0x0 /usr/local/athrill-gcc/lib/gcc/v850-elf/4.9-GNUV850_v14.01/libgcc.a(_pack_df.o)
 .data          0x0000000006ff74b0        0x0 /usr/local/athrill-gcc/lib/gcc/v850-elf/4.9-GNUV850_v14.01/libgcc.a(_unpack_df.o)
 .data          0x0000000006ff74b0        0x0 /usr/local/athrill-gcc/lib/gcc/v850-elf/4.9-GNUV850_v14.01/libgcc.a(_fpcmp_parts_df.o)
 .data          0x0000000006ff74b0        0x0 /usr/local/athrill-gcc/lib/gcc/v850-elf/4.9-GNUV850_v14.01/libgcc.a(_clz.o)
 .data          0x0000000006ff74b0        0x0 /usr/local/athrill-gcc/lib/gcc/v850-elf/4.9-GNUV850_v14.01/libgcc.a(_pack_sf.o)
                0x0000000006ff74b0                . = ALIGN (0x4)
                0x0000000006ff74b0                _edata = .
                0x0000000006ff74b0                __idata_end = (__idata_start + SIZEOF (.data))

.data._ZN10__cxxabiv120__unexpected_handlerE
                0x0000000006ff74b0        0x4
 .data._ZN10__cxxabiv120__unexpected_handlerE
                0x0000000006ff74b0        0x4 /usr/local/athrill-gcc/lib/gcc/v850-elf/4.9-GNUV850_v14.01/../../../../v850-elf/lib/libsupc++.a(eh_unex_handler.o)
                0x0000000006ff74b0                __ZN10__cxxabiv120__unexpected_handlerE

.data._ZN10__cxxabiv119__terminate_handlerE
                0x0000000006ff74b4        0x4
 .data._ZN10__cxxabiv119__terminate_handlerE
                0x0000000006ff74b4        0x4 /usr/local/athrill-gcc/lib/gcc/v850-elf/4.9-GNUV850_v14.01/../../../../v850-elf/lib/libsupc++.a(eh_term_handler.o)
                0x0000000006ff74b4                __ZN10__cxxabiv119__terminate_handlerE

.sdata          0x0000000006ff74b8        0x4
 .sdata         0x0000000006ff74b8        0x4 /usr/local/athrill-gcc/lib/gcc/v850-elf/4.9-GNUV850_v14.01/../../../../v850-elf/lib/libc.a(lib_a-impure.o)
                0x0000000006ff74b8                __impure_ptr

.bss            0x0000000006ff74bc       0xec
                0x0000000006ff74bc                . = ALIGN (0x4)
                0x0000000006ff74bc                __bss_start = .
 *(.bss)
 .bss           0x0000000006ff74bc        0x4 lwip-athrill.o
                0x0000000006ff74bc                ___dso_handle
 .bss           0x0000000006ff74c0        0x0 start.o
 .bss           0x0000000006ff74c0        0x0 vector.o
 .bss           0x0000000006ff74c0        0x0 software_init.o
 .bss           0x0000000006ff74c0        0x0 interrupt.o
 .bss           0x0000000006ff74c0       0x78 interrupt_table.o
 .bss           0x0000000006ff7538        0x8 timer.o
 .bss           0x0000000006ff7540        0x0 interrupt_asm.o
 .bss           0x0000000006ff7540       0x46 EthernetInterface.o
 .bss           0x0000000006ff7586        0x0 Endpoint.o
 .bss           0x0000000006ff7586        0x0 Socket.o
 .bss           0x0000000006ff7586        0x0 TCPSocketConnection.o
 .bss           0x0000000006ff7586        0x0 TCPSocketServer.o
 *fill*         0x0000000006ff7586        0x2 
 .bss           0x0000000006ff7588        0xc main.o
                0x0000000006ff7588                _sock_conn