Archive member included because of file (symbol)

/usr/local/athrill-gcc/lib/gcc/v850-elf/4.9-GNUV850_v14.01/../../../../v850-elf/lib/libsupc++.a(del_op.o)
                              main.o (__ZdlPv)
/usr/local/athrill-gcc/lib/gcc/v850-elf/4.9-GNUV850_v14.01/../../../../v850-elf/lib/libsupc++.a(new_op.o)
                              main.o (__Znwj)
/usr/local/athrill-gcc/lib/gcc/v850-elf/4.9-GNUV850_v14.01/../../../../v850-elf/lib/libsupc++.a(bad_alloc.o)
                              /usr/local/athrill-gcc/lib/gcc/v850-elf/4.9-GNUV850_v14.01/../../../../v850-elf/lib/libsupc++.a(new_op.o) (__ZTVSt9bad_alloc)
/usr/local/athrill-gcc/lib/gcc/v850-elf/4.9-GNUV850_v14.01/../../../../v850-elf/lib/libsupc++.a(eh_alloc.o)
                              /usr/local/athrill-gcc/lib/gcc/v850-elf/4.9-GNUV850_v14.01/../../../../v850-elf/lib/libsupc++.a(new_op.o) (___cxa_allocate_exception)
/usr/local/athrill-gcc/lib/gcc/v850-elf/4.9-GNUV850_v14.01/../../../../v850-elf/lib/libsupc++.a(eh_exception.o)
                              /usr/local/athrill-gcc/lib/gcc/v850-elf/4.9-GNUV850_v14.01/../../../../v850-elf/lib/libsupc++.a(bad_alloc.o) (__ZNSt9exceptionD2Ev)
/usr/local/athrill-gcc/lib/gcc/v850-elf/4.9-GNUV850_v14.01/../../../../v850-elf/lib/libsupc++.a(eh_terminate.o)
                              /usr/local/athrill-gcc/lib/gcc/v850-elf/4.9-GNUV850_v14.01/../../../../v850-elf/lib/libsupc++.a(eh_alloc.o) (__ZSt9terminatev)
/usr/local/athrill-gcc/lib/gcc/v850-elf/4.9-GNUV850_v14.01/../../../../v850-elf/lib/libsupc++.a(eh_throw.o)
                              /usr/local/athrill-gcc/lib/gcc/v850-elf/4.9-GNUV850_v14.01/../../../../v850-elf/lib/libsupc++.a(new_op.o) (___cxa_throw)
/usr/local/athrill-gcc/lib/gcc/v850-elf/4.9-GNUV850_v14.01/../../../../v850-elf/lib/libsupc++.a(eh_unex_handler.o)
                              /usr/local/athrill-gcc/lib/gcc/v850-elf/4.9-GNUV850_v14.01/../../../../v850-elf/lib/libsupc++.a(eh_terminate.o) (__ZN10__cxxabiv120__unexpected_handlerE)
/usr/local/athrill-gcc/lib/gcc/v850-elf/4.9-GNUV850_v14.01/../../../../v850-elf/lib/libsupc++.a(new_handler.o)
                              /usr/local/athrill-gcc/lib/gcc/v850-elf/4.9-GNUV850_v14.01/../../../../v850-elf/lib/libsupc++.a(new_op.o) (__ZSt15get_new_handlerv)
/usr/local/athrill-gcc/lib/gcc/v850-elf/4.9-GNUV850_v14.01/../../../../v850-elf/lib/libsupc++.a(pure.o)
                              /usr/local/athrill-gcc/lib/gcc/v850-elf/4.9-GNUV850_v14.01/../../../../v850-elf/lib/libsupc++.a(eh_exception.o) (___cxa_pure_virtual)
/usr/local/athrill-gcc/lib/gcc/v850-elf/4.9-GNUV850_v14.01/../../../../v850-elf/lib/libsupc++.a(si_class_type_info.o)
                              /usr/local/athrill-gcc/lib/gcc/v850-elf/4.9-GNUV850_v14.01/../../../../v850-elf/lib/libsupc++.a(bad_alloc.o) (__ZTVN10__cxxabiv120__si_class_type_infoE)
/usr/local/athrill-gcc/lib/gcc/v850-elf/4.9-GNUV850_v14.01/../../../../v850-elf/lib/libsupc++.a(tinfo.o)
                              /usr/local/athrill-gcc/lib/gcc/v850-elf/4.9-GNUV850_v14.01/../../../../v850-elf/lib/libsupc++.a(si_class_type_info.o) (__ZNKSt9type_info14__is_pointer_pEv)
/usr/local/athrill-gcc/lib/gcc/v850-elf/4.9-GNUV850_v14.01/../../../../v850-elf/lib/libsupc++.a(class_type_info.o)
                              /usr/local/athrill-gcc/lib/gcc/v850-elf/4.9-GNUV850_v14.01/../../../../v850-elf/lib/libsupc++.a(si_class_type_info.o) (__ZNK10__cxxabiv117__class_type_info11__do_upcastEPKS0_PPv)
/usr/local/athrill-gcc/lib/gcc/v850-elf/4.9-GNUV850_v14.01/../../../../v850-elf/lib/libsupc++.a(eh_catch.o)
                              /usr/local/athrill-gcc/lib/gcc/v850-elf/4.9-GNUV850_v14.01/../../../../v850-elf/lib/libsupc++.a(eh_terminate.o) (___cxa_begin_catch)
/usr/local/athrill-gcc/lib/gcc/v850-elf/4.9-GNUV850_v14.01/../../../../v850-elf/lib/libsupc++.a(eh_globals.o)
                              /usr/local/athrill-gcc/lib/gcc/v850-elf/4.9-GNUV850_v14.01/../../../../v850-elf/lib/libsupc++.a(eh_catch.o) (___cxa_get_globals_fast)
/usr/local/athrill-gcc/lib/gcc/v850-elf/4.9-GNUV850_v14.01/../../../../v850-elf/lib/libsupc++.a(eh_personality.o)
                              /usr/local/athrill-gcc/lib/gcc/v850-elf/4.9-GNUV850_v14.01/../../../../v850-elf/lib/libsupc++.a(eh_terminate.o) (___gxx_personality_sj0)
/usr/local/athrill-gcc/lib/gcc/v850-elf/4.9-GNUV850_v14.01/../../../../v850-elf/lib/libsupc++.a(eh_term_handler.o)
                              /usr/local/athrill-gcc/lib/gcc/v850-elf/4.9-GNUV850_v14.01/../../../../v850-elf/lib/libsupc++.a(eh_terminate.o) (__ZN10__cxxabiv119__terminate_handlerE)
/usr/local/athrill-gcc/lib/gcc/v850-elf/4.9-GNUV850_v14.01/../../../../v850-elf/lib/libsupc++.a(vterminate.o)
                              /usr/local/athrill-gcc/lib/gcc/v850-elf/4.9-GNUV850_v14.01/../../../../v850-elf/lib/libsupc++.a(eh_term_handler.o) (__ZN9__gnu_cxx27__verbose_terminate_handlerEv)
/usr/local/athrill-gcc/lib/gcc/v850-elf/4.9-GNUV850_v14.01/../../../../v850-elf/lib/libsupc++.a(cp-demangle.o)
[...]
Memory Configuration

Name             Origin             Length             Attributes
INTROM           0x0000000000000000 0x0000000000080000 axrl
INTRAM           0x0000000006ff7000 0x0000000000080000 axw
INTMMAP          0x0000000007ff0000 0x0000000000080000 axw
ADEV             0x00000000dead0000 0x0000000000000400 axw
*default*        0x0000000000000000 0xffffffffffffffff

Linker script and memory map

LOAD lwip-athrill.o
LOAD start.o
LOAD vector.o
LOAD software_init.o
LOAD interrupt.o
LOAD interrupt_table.o
LOAD timer.o
LOAD interrupt_asm.o
LOAD EthernetInterface.o
LOAD Endpoint.o
LOAD Socket.o
LOAD TCPSocketConnection.o
LOAD TCPSocketServer.o
LOAD main.o
LOAD /usr/local/athrill-gcc/lib/gcc/v850-elf/4.9-GNUV850_v14.01/../../../../v850-elf/lib/libsupc++.a
LOAD /usr/local/athrill-gcc/lib/gcc/v850-elf/4.9-GNUV850_v14.01/../../../../v850-elf/lib/libstdc++.a
LOAD /usr/local/athrill-gcc/lib/gcc/v850-elf/4.9-GNUV850_v14.01/../../../../v850-elf/lib/libm.a
LOAD /usr/local/athrill-gcc/lib/gcc/v850-elf/4.9-GNUV850_v14.01/../../../../v850-elf/lib/libc.a
LOAD /usr/local/athrill-gcc/lib/gcc/v850-elf/4.9-GNUV850_v14.01/libgcc.a

.vector         0x0000000000000000      0x7d0
 *(.vectors)
 .vectors       0x0000000000000000      0x7d0 vector.o
                0x0000000000000000                __reset

.init
 *(.init)

.text           0x00000000000007d0    0x1b15a
                0x00000000000007d0                __text = .
                0x00000000000007d0                __tp = .
 *(.text .stub .text.* .gnu.linkonce.t.*)
 .text          0x00000000000007d0      0xbbe lwip-athrill.o
                0x0000000000000c26                _lwip_socket_init
                0x0000000000000c3a                _lwip_accept
                0x0000000000000cb2                _lwip_bind
                0x0000000000000d40                _lwip_shutdown
                0x0000000000000d5e                _lwip_getpeername
                0x0000000000000d82                _lwip_getsockname
                0x0000000000000da6                _lwip_getsockopt
                0x0000000000000dce                _lwip_setsockopt
                0x0000000000000df6                _lwip_close
                0x0000000000000e2c                _lwip_connect
                0x0000000000000efa                _lwip_listen
                0x0000000000000f48                _lwip_recv
                0x0000000000000fb0                _lwip_read
                0x0000000000000fd4                _lwip_recvfrom
                0x0000000000000ffc                _lwip_send
                0x0000000000001064                _lwip_sendto
                0x000000000000108c                _lwip_socket
                0x00000000000010d2                _lwip_write
                0x00000000000010f6                _lwip_select
                0x000000000000111e                _lwip_ioctl
                0x0000000000001142                _lwip_fcntl
                0x0000000000001166                _lwip_gethostbyname
                0x0000000000001180                _ipaddr_ntoa_r
                0x00000000000011a4                _malloc
                0x00000000000011d6                _free
                0x000000000000120a                _calloc
                0x0000000000001246                _realloc
                0x0000000000001284                __malloc_r
                0x00000000000012bc                __calloc_r
                0x00000000000012fc                __realloc_r
                0x000000000000133c                __free_r
                0x0000000000001374                _raise
 *fill*         0x000000000000138e        0x2 
 .text          0x0000000000001390       0x30 start.o
                0x0000000000001390                _start
 .text          0x00000000000013c0        0x0 vector.o
 .text          0x00000000000013c0       0xc2 software_init.o
                0x00000000000013c0                _bss_clear
                0x000000000000140a                _data_init
                0x0000000000001470                _ctors_init
 .text          0x0000000000001482      0x1de interrupt.o
                0x00000000000014fa                _default_int_handler
                0x000000000000150e                _x_enable_int
                0x000000000000157c                _x_clear_int
                0x00000000000015e8                _interrupt_handler
 .text          0x0000000000001660      0x102 interrupt_table.o
                0x000000000000168c                _register_interrupt_handler
                0x0000000000001706                _do_interrupt_handler
 .text          0x0000000000001762       0xbc timer.o
                0x00000000000017ec                _timer_init
 *fill*         0x000000000000181e        0x2 
 .text          0x0000000000001820       0x90 interrupt_asm.o
                0x0000000000001820                _interrupt
 .text          0x00000000000018b0       0xc6 EthernetInterface.o
                0x00000000000018b0                __ZN17EthernetInterface4initEv
                0x00000000000018c4                __ZN17EthernetInterface4initEPKcS1_S1_
                0x00000000000018e8                __ZN17EthernetInterface7connectEj
                0x0000000000001902                __ZN17EthernetInterface10disconnectEv
                0x0000000000001916                __ZN17EthernetInterface13getMACAddressEv
                0x000000000000192e                __ZN17EthernetInterface12getIPAddressEv
                0x0000000000001946                __ZN17EthernetInterface10getGatewayEv
                0x000000000000195e                __ZN17EthernetInterface14getNetworkMaskEv
 .text          0x0000000000001976      0x214 Endpoint.o
                0x0000000000001976                __ZN8EndpointC2Ev
                0x0000000000001976                __ZN8EndpointC1Ev
                0x00000000000019a8                __ZN8EndpointD1Ev
                0x00000000000019a8                __ZN8EndpointD2Ev
                0x00000000000019c0                __ZN8Endpoint13reset_addressEv
                0x0000000000001a06                __ZN8Endpoint11set_addressEPKci
                0x0000000000001b06                __ZN8Endpoint11get_addressEv
                0x0000000000001b6a                __ZN8Endpoint8get_portEv
 .text          0x0000000000001b8a      0x48c Socket.o
                0x0000000000001b8a                __ZN6SocketC2Ev
                0x0000000000001b8a                __ZN6SocketC1Ev
                0x0000000000001bc2                __ZN6Socket12set_blockingEbj
                0x0000000000001bfe                __ZN6Socket11init_socketEi
                0x0000000000001c68                __ZN6Socket10set_optionEiiPKvj
                0x0000000000001cc4                __ZN6Socket10get_optionEiiPvPj
                0x0000000000001d20                __ZN6Socket6selectEP7timevalbb
                0x0000000000001e80                __ZN6Socket13wait_readableER12TimeInterval
                0x0000000000001ec2                __ZN6Socket13wait_writableER12TimeInterval
                0x0000000000001f04                __ZN6Socket5closeEb
                0x0000000000001f82                __ZN6SocketD2Ev
                0x0000000000001f82                __ZN6SocketD1Ev
                0x0000000000001fb6                __ZN12TimeIntervalC1Ej
                0x0000000000001fb6                __ZN12TimeIntervalC2Ej
 .text          0x0000000000002016      0x568 TCPSocketConnection.o
                0x0000000000002016                __ZN19TCPSocketConnectionC1Ev
                0x0000000000002016                __ZN19TCPSocketConnectionC2Ev
                0x0000000000002068                __ZN19TCPSocketConnection7connectEPKci
                0x0000000000002136                __ZN19TCPSocketConnection12is_connectedEv
                0x0000000000002156                __ZN19TCPSocketConnection4sendEPci
                0x0000000000002240                __ZN19TCPSocketConnection8send_allEPci
                0x000000000000236a                __ZN19TCPSocketConnection7receiveEPci
                0x0000000000002454                __ZN19TCPSocketConnection11receive_allEPci
 .text          0x000000000000257e      0x268 TCPSocketServer.o
                0x000000000000257e                __ZN15TCPSocketServerC2Ev
                0x000000000000257e                __ZN15TCPSocketServerC1Ev
                0x00000000000025b2                __ZN15TCPSocketServer4bindEi
                0x0000000000002670                __ZN15TCPSocketServer6listenEi
                0x00000000000026e6                __ZN15TCPSocketServer6acceptER19TCPSocketConnection
 .text          0x00000000000027e6      0x392 main.o
                0x0000000000002840                _main
 .text._ZN19TCPSocketConnectionD2Ev
                0x0000000000002b78       0x4a main.o
                0x0000000000002b78                __ZN19TCPSocketConnectionD2Ev
                0x0000000000002b78                __ZN19TCPSocketConnectionD1Ev
 .text._ZN15TCPSocketServerD2Ev
                0x0000000000002bc2       0x34 main.o
                0x0000000000002bc2                __ZN15TCPSocketServerD1Ev
                0x0000000000002bc2                __ZN15TCPSocketServerD2Ev
 .text          0x0000000000002bf6        0x0 /usr/local/athrill-gcc/lib/gcc/v850-elf/4.9-GNUV850_v14.01/../../../../v850-elf/lib/libsupc++.a(del_op.o)
 .text._ZdlPv   0x0000000000002bf6       0x16 /usr/local/athrill-gcc/lib/gcc/v850-elf/4.9-GNUV850_v14.01/../../../../v850-elf/lib/libsupc++.a(del_op.o)
                0x0000000000002bf6                __ZdlPv
 .text          0x0000000000002c0c        0x0 /usr/local/athrill-gcc/lib/gcc/v850-elf/4.9-GNUV850_v14.01/../../../../v850-elf/lib/libsupc++.a(new_op.o)
 .text._Znwj    0x0000000000002c0c       0x90 /usr/local/athrill-gcc/lib/gcc/v850-elf/4.9-GNUV850_v14.01/../../../../v850-elf/lib/libsupc++.a(new_op.o)
                0x0000000000002c0c                __Znwj
 .text          0x0000000000002c9c        0x0 /usr/local/athrill-gcc/lib/gcc/v850-elf/4.9-GNUV850_v14.01/../../../../v850-elf/lib/libsupc++.a(bad_alloc.o)
 .text._ZNKSt9bad_alloc4whatEv
                0x0000000000002c9c       0x14 /usr/local/athrill-gcc/lib/gcc/v850-elf/4.9-GNUV850_v14.01/../../../../v850-elf/lib/libsupc++.a(bad_alloc.o)
                0x0000000000002c9c                __ZNKSt9bad_alloc4whatEv
 .text._ZNSt9bad_allocD2Ev
                0x0000000000002cb0       0x22 /usr/local/athrill-gcc/lib/gcc/v850-elf/4.9-GNUV850_v14.01/../../../../v850-elf/lib/libsupc++.a(bad_alloc.o)
                0x0000000000002cb0                __ZNSt9bad_allocD1Ev
                0x0000000000002cb0                __ZNSt9bad_allocD2Ev
 .text._ZNSt9bad_allocD0Ev
                0x0000000000002cd2       0x2e /usr/local/athrill-gcc/lib/gcc/v850-elf/4.9-GNUV850_v14.01/../../../../v850-elf/lib/libsupc++.a(bad_alloc.o)
                0x0000000000002cd2                __ZNSt9bad_allocD0Ev
 .text          0x0000000000002d00        0x0 /usr/local/athrill-gcc/lib/gcc/v850-elf/4.9-GNUV850_v14.01/../../../../v850-elf/lib/libsupc++.a(eh_alloc.o)
 .text.__cxa_allocate_exception
                0x0000000000002d00       0x78 /usr/local/athrill-gcc/lib/gcc/v850-elf/4.9-GNUV850_v14.01/../../../../v850-elf/lib/libsupc++.a(eh_alloc.o)
                0x0000000000002d00                ___cxa_allocate_exception
 .text.__cxa_free_exception
                0x0000000000002d78       0x52 /usr/local/athrill-gcc/lib/gcc/v850-elf/4.9-GNUV850_v14.01/../../../../v850-elf/lib/libsupc++.a(eh_alloc.o)
                0x0000000000002d78                ___cxa_free_exception
 .text.__cxa_allocate_dependent_exception
                0x0000000000002dca       0x6a /usr/local/athrill-gcc/lib/gcc/v850-elf/4.9-GNUV850_v14.01/../../../../v850-elf/lib/libsupc++.a(eh_alloc.o)
                0x0000000000002dca                ___cxa_allocate_dependent_exception
 .text.__cxa_free_dependent_exception
                0x0000000000002e34       0x4e /usr/local/athrill-gcc/lib/gcc/v850-elf/4.9-GNUV850_v14.01/../../../../v850-elf/lib/libsupc++.a(eh_alloc.o)
                0x0000000000002e34                ___cxa_free_dependent_exception
 .text          0x0000000000002e82        0x0 /usr/local/athrill-gcc/lib/gcc/v850-elf/4.9-GNUV850_v14.01/../../../../v850-elf/lib/libsupc++.a(eh_exception.o)
 .text._ZNSt9exceptionD2Ev
                0x0000000000002e82        0xc /usr/local/athrill-gcc/lib/gcc/v850-elf/4.9-GNUV850_v14.01/../../../../v850-elf/lib/libsupc++.a(eh_exception.o)
                0x0000000000002e82                __ZNSt9exceptionD2Ev
                0x0000000000002e82                __ZNSt9exceptionD1Ev
 .text._ZNSt13bad_exceptionD2Ev
                0x0000000000002e8e        0xc /usr/local/athrill-gcc/lib/gcc/v850-elf/4.9-GNUV850_v14.01/../../../../v850-elf/lib/libsupc++.a(eh_exception.o)
                0x0000000000002e8e                __ZNSt13bad_exceptionD1Ev
                0x0000000000002e8e                __ZNSt13bad_exceptionD2Ev
 .text._ZNKSt9exception4whatEv
                0x0000000000002e9a       0x14 /usr/local/athrill-gcc/lib/gcc/v850-elf/4.9-GNUV850_v14.01/../../../../v850-elf/lib/libsupc++.a(eh_exception.o)
                0x0000000000002e9a                __ZNKSt9exception4whatEv
 .text._ZNKSt13bad_exception4whatEv
                0x0000000000002eae       0x14 /usr/local/athrill-gcc/lib/gcc/v850-elf/4.9-GNUV850_v14.01/../../../../v850-elf/lib/libsupc++.a(eh_exception.o)
                0x0000000000002eae                __ZNKSt13bad_exception4whatEv
 .text._ZNSt9exceptionD0Ev
                0x0000000000002ec2       0x16 /usr/local/athrill-gcc/lib/gcc/v850-elf/4.9-GNUV850_v14.01/../../../../v850-elf/lib/libsupc++.a(eh_exception.o)
                0x0000000000002ec2                __ZNSt9exceptionD0Ev
 .text._ZNSt13bad_exceptionD0Ev
                0x0000000000002ed8       0x16 /usr/local/athrill-gcc/lib/gcc/v850-elf/4.9-GNUV850_v14.01/../../../../v850-elf/lib/libsupc++.a(eh_exception.o)
                0x0000000000002ed8                __ZNSt13bad_exceptionD0Ev
 .text._ZN10__cxxabiv115__forced_unwindD2Ev
                0x0000000000002eee        0xc /usr/local/athrill-gcc/lib/gcc/v850-elf/4.9-GNUV850_v14.01/../../../../v850-elf/lib/libsupc++.a(eh_exception.o)
                0x0000000000002eee                __ZN10__cxxabiv115__forced_unwindD1Ev
                0x0000000000002eee                __ZN10__cxxabiv115__forced_unwindD2Ev
 .text._ZN10__cxxabiv115__forced_unwindD0Ev
                0x0000000000002efa       0x16 /usr/local/athrill-gcc/lib/gcc/v850-elf/4.9-GNUV850_v14.01/../../../../v850-elf/lib/libsupc++.a(eh_exception.o)
                0x0000000000002efa                __ZN10__cxxabiv115__forced_unwindD0Ev
 .text._ZN10__cxxabiv119__foreign_exceptionD2Ev
                0x0000000000002f10        0xc /usr/local/athrill-gcc/lib/gcc/v850-elf/4.9-GNUV850_v14.01/../../../../v850-elf/lib/libsupc++.a(eh_exception.o)
                0x0000000000002f10                __ZN10__cxxabiv119__foreign_exceptionD1Ev
                0x0000000000002f10                __ZN10__cxxabiv119__foreign_exceptionD2Ev
 .text._ZN10__cxxabiv119__foreign_exceptionD0Ev
                0x0000000000002f1c       0x16 /usr/local/athrill-gcc/lib/gcc/v850-elf/4.9-GNUV850_v14.01/../../../../v850-elf/lib/libsupc++.a(eh_exception.o)
                0x0000000000002f1c                __ZN10__cxxabiv119__foreign_exceptionD0Ev
 .text          0x0000000000002f32        0x0 /usr/local/athrill-gcc/lib/gcc/v850-elf/4.9-GNUV850_v14.01/../../../../v850-elf/lib/libsupc++.a(eh_terminate.o)
 .text._ZN10__cxxabiv111__terminateEPFvvE
                0x0000000000002f32       0xca /usr/local/athrill-gcc/lib/gcc/v850-elf/4.9-GNUV850_v14.01/../../../../v850-elf/lib/libsupc++.a(eh_terminate.o)
                0x0000000000002f32                __ZN10__cxxabiv111__terminateEPFvvE
 .text._ZSt9terminatev
                0x0000000000002ffc       0x18 /usr/local/athrill-gcc/lib/gcc/v850-elf/4.9-GNUV850_v14.01/../../../../v850-elf/lib/libsupc++.a(eh_terminate.o)
                0x0000000000002ffc                __ZSt9terminatev
 .text._ZN10__cxxabiv112__unexpectedEPFvvE
                0x0000000000003014       0x18 /usr/local/athrill-gcc/lib/gcc/v850-elf/4.9-GNUV850_v14.01/../../../../v850-elf/lib/libsupc++.a(eh_terminate.o)
                0x0000000000003014                __ZN10__cxxabiv112__unexpectedEPFvvE
 .text._ZSt10unexpectedv
                0x000000000000302c       0x18 /usr/local/athrill-gcc/lib/gcc/v850-elf/4.9-GNUV850_v14.01/../../../../v850-elf/lib/libsupc++.a(eh_terminate.o)
                0x000000000000302c                __ZSt10unexpectedv
 .text._ZSt13set_terminatePFvvE
                0x0000000000003044       0x18 /usr/local/athrill-gcc/lib/gcc/v850-elf/4.9-GNUV850_v14.01/../../../../v850-elf/lib/libsupc++.a(eh_terminate.o)
                0x0000000000003044                __ZSt13set_terminatePFvvE
 .text._ZSt13get_terminatev
                0x000000000000305c       0x14 /usr/local/athrill-gcc/lib/gcc/v850-elf/4.9-GNUV850_v14.01/../../../../v850-elf/lib/libsupc++.a(eh_terminate.o)
                0x000000000000305c                __ZSt13get_terminatev
 .text._ZSt14set_unexpectedPFvvE
                0x0000000000003070       0x18 /usr/local/athrill-gcc/lib/gcc/v850-elf/4.9-GNUV850_v14.01/../../../../v850-elf/lib/libsupc++.a(eh_terminate.o)
                0x0000000000003070                __ZSt14set_unexpectedPFvvE
 .text._ZSt14get_unexpectedv
                0x0000000000003088       0x14 /usr/local/athrill-gcc/lib/gcc/v850-elf/4.9-GNUV850_v14.01/../../../../v850-elf/lib/libsupc++.a(eh_terminate.o)
                0x0000000000003088                __ZSt14get_unexpectedv
 .text          0x000000000000309c        0x0 /usr/local/athrill-gcc/lib/gcc/v850-elf/4.9-GNUV850_v14.01/../../../../v850-elf/lib/libsupc++.a(eh_throw.o)
 .text._ZL23__gxx_exception_cleanup19_Unwind_Reason_CodeP17_Unwind_Exception
                0x000000000000309c       0x3e /usr/local/athrill-gcc/lib/gcc/v850-elf/4.9-GNUV850_v14.01/../../../../v850-elf/lib/libsupc++.a(eh_throw.o)
 .text.__cxa_throw
                0x00000000000030da       0x84 /usr/local/athrill-gcc/lib/gcc/v850-elf/4.9-GNUV850_v14.01/../../../../v850-elf/lib/libsupc++.a(eh_throw.o)
                0x00000000000030da                ___cxa_throw
 .text.__cxa_rethrow
                0x000000000000315e       0x74 /usr/local/athrill-gcc/lib/gcc/v850-elf/4.9-GNUV850_v14.01/../../../../v850-elf/lib/libsupc++.a(eh_throw.o)
                0x000000000000315e                ___cxa_rethrow
 .text          0x00000000000031d2        0x0 /usr/local/athrill-gcc/lib/gcc/v850-elf/4.9-GNUV850_v14.01/../../../../v850-elf/lib/libsupc++.a(eh_unex_handler.o)
 .text          0x00000000000031d2        0x0 /usr/local/athrill-gcc/lib/gcc/v850-elf/4.9-GNUV850_v14.01/../../../../v850-elf/lib/libsupc++.a(new_handler.o)
 .text._ZSt15set_new_handlerPFvvE
                0x00000000000031d2       0x18 /usr/local/athrill-gcc/lib/gcc/v850-elf/4.9-GNUV850_v14.01/../../../../v850-elf/lib/libsupc++.a(new_handler.o)
                0x00000000000031d2                __ZSt15set_new_handlerPFvvE
 .text._ZSt15get_new_handlerv
                0x00000000000031ea       0x14 /usr/local/athrill-gcc/lib/gcc/v850-elf/4.9-GNUV850_v14.01/../../../../v850-elf/lib/libsupc++.a(new_handler.o)
                0x00000000000031ea                __ZSt15get_new_handlerv
 .text          0x00000000000031fe        0x0 /usr/local/athrill-gcc/lib/gcc/v850-elf/4.9-GNUV850_v14.01/../../../../v850-elf/lib/libsupc++.a(pure.o)
 .text.__cxa_pure_virtual
                0x00000000000031fe       0x22 /usr/local/athrill-gcc/lib/gcc/v850-elf/4.9-GNUV850_v14.01/../../../../v850-elf/lib/libsupc++.a(pure.o)
                0x00000000000031fe                ___cxa_pure_virtual
 .text.__cxa_deleted_virtual
                0x0000000000003220       0x22 /usr/local/athrill-gcc/lib/gcc/v850-elf/4.9-GNUV850_v14.01/../../../../v850-elf/lib/libsupc++.a(pure.o)
                0x0000000000003220                ___cxa_deleted_virtual
 .text          0x0000000000003242        0x0 /usr/local/athrill-gcc/lib/gcc/v850-elf/4.9-GNUV850_v14.01/../../../../v850-elf/lib/libsupc++.a(si_class_type_info.o)
 .text._ZN10__cxxabiv120__si_class_type_infoD2Ev
                0x0000000000003242       0x22 /usr/local/athrill-gcc/lib/gcc/v850-elf/4.9-GNUV850_v14.01/../../../../v850-elf/lib/libsupc++.a(si_class_type_info.o)
                0x0000000000003242                __ZN10__cxxabiv120__si_class_type_infoD1Ev
                0x0000000000003242                __ZN10__cxxabiv120__si_class_type_infoD2Ev
 .text._ZN10__cxxabiv120__si_class_type_infoD0Ev
                0x0000000000003264       0x2e /usr/local/athrill-gcc/lib/gcc/v850-elf/4.9-GNUV850_v14.01/../../../../v850-elf/lib/libsupc++.a(si_class_type_info.o)
                0x0000000000003264                __ZN10__cxxabiv120__si_class_type_infoD0Ev
 .text._ZNK10__cxxabiv120__si_class_type_info12__do_dyncastEiNS_17__class_type_info10__sub_kindEPKS1_PKvS4_S6_RNS1_16__dyncast_resultE
                0x0000000000003292      0x104 /usr/local/athrill-gcc/lib/gcc/v850-elf/4.9-GNUV850_v14.01/../../../../v850-elf/lib/libsupc++.a(si_class_type_info.o)
                0x0000000000003292                __ZNK10__cxxabiv120__si_class_type_info12__do_dyncastEiNS_17__class_type_info10__sub_kindEPKS1_PKvS4_S6_RNS1_16__dyncast_resultE
 .text._ZNK10__cxxabiv120__si_class_type_info20__do_find_public_srcEiPKvPKNS_17__class_type_infoES2_
                0x0000000000003396       0x7e /usr/local/athrill-gcc/lib/gcc/v850-elf/4.9-GNUV850_v14.01/../../../../v850-elf/lib/libsupc++.a(si_class_type_info.o)
                0x0000000000003396                __ZNK10__cxxabiv120__si_class_type_info20__do_find_public_srcEiPKvPKNS_17__class_type_infoES2_
 .text._ZNK10__cxxabiv120__si_class_type_info11__do_upcastEPKNS_17__class_type_infoEPKvRNS1_15__upcast_resultE
                0x0000000000003414       0x54 /usr/local/athrill-gcc/lib/gcc/v850-elf/4.9-GNUV850_v14.01/../../../../v850-elf/lib/libsupc++.a(si_class_type_info.o)
                0x0000000000003414                __ZNK10__cxxabiv120__si_class_type_info11__do_upcastEPKNS_17__class_type_infoEPKvRNS1_15__upcast_resultE
 .text          0x0000000000003468        0x0 /usr/local/athrill-gcc/lib/gcc/v850-elf/4.9-GNUV850_v14.01/../../../../v850-elf/lib/libsupc++.a(tinfo.o)
 .text._ZNSt9type_infoD2Ev
                0x0000000000003468        0xc /usr/local/athrill-gcc/lib/gcc/v850-elf/4.9-GNUV850_v14.01/../../../../v850-elf/lib/libsupc++.a(tinfo.o)
                0x0000000000003468                __ZNSt9type_infoD1Ev
                0x0000000000003468                __ZNSt9type_infoD2Ev
 .text._ZNKSt9type_info14__is_pointer_pEv
                0x0000000000003474        0xe /usr/local/athrill-gcc/lib/gcc/v850-elf/4.9-GNUV850_v14.01/../../../../v850-elf/lib/libsupc++.a(tinfo.o)
                0x0000000000003474                __ZNKSt9type_info14__is_pointer_pEv
 .text._ZNKSt9type_info15__is_function_pEv
                0x0000000000003482        0xe /usr/local/athrill-gcc/lib/gcc/v850-elf/4.9-GNUV850_v14.01/../../../../v850-elf/lib/libsupc++.a(tinfo.o)
                0x0000000000003482                __ZNKSt9type_info15__is_function_pEv
 .text._ZNKSt9type_info11__do_upcastEPKN10__cxxabiv117__class_type_infoEPPv
                0x0000000000003490        0xe /usr/local/athrill-gcc/lib/gcc/v850-elf/4.9-GNUV850_v14.01/../../../../v850-elf/lib/libsupc++.a(tinfo.o)
                0x0000000000003490                __ZNKSt9type_info11__do_upcastEPKN10__cxxabiv117__class_type_infoEPPv
 .text._ZNSt9type_infoD0Ev
                0x000000000000349e       0x16 /usr/local/athrill-gcc/lib/gcc/v850-elf/4.9-GNUV850_v14.01/../../../../v850-elf/lib/libsupc++.a(tinfo.o)
                0x000000000000349e                __ZNSt9type_infoD0Ev
 .text._ZNKSt9type_info10__do_catchEPKS_PPvj
                0x00000000000034b4       0x46 /usr/local/athrill-gcc/lib/gcc/v850-elf/4.9-GNUV850_v14.01/../../../../v850-elf/lib/libsupc++.a(tinfo.o)
                0x00000000000034b4                __ZNKSt9type_info10__do_catchEPKS_PPvj
 .text          0x00000000000034fa        0x0 /usr/local/athrill-gcc/lib/gcc/v850-elf/4.9-GNUV850_v14.01/../../../../v850-elf/lib/libsupc++.a(class_type_info.o)
 .text._ZNK10__cxxabiv117__class_type_info11__do_upcastEPKS0_PPv
                0x00000000000034fa       0x6a /usr/local/athrill-gcc/lib/gcc/v850-elf/4.9-GNUV850_v14.01/../../../../v850-elf/lib/libsupc++.a(class_type_info.o)
                0x00000000000034fa                __ZNK10__cxxabiv117__class_type_info11__do_upcastEPKS0_PPv
 .text._ZNK10__cxxabiv117__class_type_info20__do_find_public_srcEiPKvPKS0_S2_
                0x0000000000003564       0x1e /usr/local/athrill-gcc/lib/gcc/v850-elf/4.9-GNUV850_v14.01/../../../../v850-elf/lib/libsupc++.a(class_type_info.o)
                0x0000000000003564                __ZNK10__cxxabiv117__class_type_info20__do_find_public_srcEiPKvPKS0_S2_
 .text._ZN10__cxxabiv117__class_type_infoD2Ev
                0x0000000000003582       0x22 /usr/local/athrill-gcc/lib/gcc/v850-elf/4.9-GNUV850_v14.01/../../../../v850-elf/lib/libsupc++.a(class_type_info.o)
                0x0000000000003582                __ZN10__cxxabiv117__class_type_infoD2Ev
                0x0000000000003582                __ZN10__cxxabiv117__class_type_infoD1Ev
 .text._ZN10__cxxabiv117__class_type_infoD0Ev
                0x00000000000035a4       0x2e /usr/local/athrill-gcc/lib/gcc/v850-elf/4.9-GNUV850_v14.01/../../../../v850-elf/lib/libsupc++.a(class_type_info.o)
                0x00000000000035a4                __ZN10__cxxabiv117__class_type_infoD0Ev
 .text._ZNK10__cxxabiv117__class_type_info11__do_upcastEPKS0_PKvRNS0_15__upcast_resultE
                0x00000000000035d2       0x5a /usr/local/athrill-gcc/lib/gcc/v850-elf/4.9-GNUV850_v14.01/../../../../v850-elf/lib/libsupc++.a(class_type_info.o)
                0x00000000000035d2                __ZNK10__cxxabiv117__class_type_info11__do_upcastEPKS0_PKvRNS0_15__upcast_resultE
 .text._ZNK10__cxxabiv117__class_type_info10__do_catchEPKSt9type_infoPPvj
                0x000000000000362c       0x80 /usr/local/athrill-gcc/lib/gcc/v850-elf/4.9-GNUV850_v14.01/../../../../v850-elf/lib/libsupc++.a(class_type_info.o)
                0x000000000000362c                __ZNK10__cxxabiv117__class_type_info10__do_catchEPKSt9type_infoPPvj
 .text._ZNK10__cxxabiv117__class_type_info12__do_dyncastEiNS0_10__sub_kindEPKS0_PKvS3_S5_RNS0_16__dyncast_resultE
                0x00000000000036ac       0xe4 /usr/local/athrill-gcc/lib/gcc/v850-elf/4.9-GNUV850_v14.01/../../../../v850-elf/lib/libsupc++.a(class_type_info.o)
                0x00000000000036ac                __ZNK10__cxxabiv117__class_type_info12__do_dyncastEiNS0_10__sub_kindEPKS0_PKvS3_S5_RNS0_16__dyncast_resultE
 .text          0x0000000000003790        0x0 /usr/local/athrill-gcc/lib/gcc/v850-elf/4.9-GNUV850_v14.01/../../../../v850-elf/lib/libsupc++.a(eh_catch.o)
 .text.__cxa_get_exception_ptr
                0x0000000000003790       0x10 /usr/local/athrill-gcc/lib/gcc/v850-elf/4.9-GNUV850_v14.01/../../../../v850-elf/lib/libsupc++.a(eh_catch.o)
                0x0000000000003790                ___cxa_get_exception_ptr
 .text.__cxa_begin_catch
                0x00000000000037a0       0x94 /usr/local/athrill-gcc/lib/gcc/v850-elf/4.9-GNUV850_v14.01/../../../../v850-elf/lib/libsupc++.a(eh_catch.o)
                0x00000000000037a0                ___cxa_begin_catch
 .text.__cxa_end_catch
                0x0000000000003834       0x92 /usr/local/athrill-gcc/lib/gcc/v850-elf/4.9-GNUV850_v14.01/../../../../v850-elf/lib/libsupc++.a(eh_catch.o)
                0x0000000000003834                ___cxa_end_catch
 .text._ZSt18uncaught_exceptionv
                0x00000000000038c6       0x20 /usr/local/athrill-gcc/lib/gcc/v850-elf/4.9-GNUV850_v14.01/../../../../v850-elf/lib/libsupc++.a(eh_catch.o)
                0x00000000000038c6                __ZSt18uncaught_exceptionv
 .text          0x00000000000038e6        0x0 /usr/local/athrill-gcc/lib/gcc/v850-elf/4.9-GNUV850_v14.01/../../../../v850-elf/lib/libsupc++.a(eh_globals.o)
 .text.__cxa_get_globals_fast
                0x00000000000038e6       0x14 /usr/local/athrill-gcc/lib/gcc/v850-elf/4.9-GNUV850_v14.01/../../../../v850-elf/lib/libsupc++.a(eh_globals.o)
                0x00000000000038e6                ___cxa_get_globals_fast
 .text.__cxa_get_globals
                0x00000000000038fa       0x14 /usr/local/athrill-gcc/lib/gcc/v850-elf/4.9-GNUV850_v14.01/../../../../v850-elf/lib/libsupc++.a(eh_globals.o)
                0x00000000000038fa                ___cxa_get_globals
 .text          0x000000000000390e        0x0 /usr/local/athrill-gcc/lib/gcc/v850-elf/4.9-GNUV850_v14.01/../../../../v850-elf/lib/libsupc++.a(eh_personality.o)
 .text._ZL12read_sleb128PKhPl
                0x000000000000390e       0x4a /usr/local/athrill-gcc/lib/gcc/v850-elf/4.9-GNUV850_v14.01/../../../../v850-elf/lib/libsupc++.a(eh_personality.o)
 .text._ZL16get_adjusted_ptrPKSt9type_infoS1_PPv
                0x0000000000003958       0x7c /usr/local/athrill-gcc/lib/gcc/v850-elf/4.9-GNUV850_v14.01/../../../../v850-elf/lib/libsupc++.a(eh_personality.o)
 .text._ZL28read_encoded_value_with_basehjPKhPj
                0x00000000000039d4      0x182 /usr/local/athrill-gcc/lib/gcc/v850-elf/4.9-GNUV850_v14.01/../../../../v850-elf/lib/libsupc++.a(eh_personality.o)
 .text._ZL15get_ttype_entryP16lsda_header_infom
                0x0000000000003b56       0x82 /usr/local/athrill-gcc/lib/gcc/v850-elf/4.9-GNUV850_v14.01/../../../../v850-elf/lib/libsupc++.a(eh_personality.o)
 .text._ZL20check_exception_specP16lsda_header_infoPKSt9type_infoPvl
                0x0000000000003bd8       0x76 /usr/local/athrill-gcc/lib/gcc/v850-elf/4.9-GNUV850_v14.01/../../../../v850-elf/lib/libsupc++.a(eh_personality.o)
 .text._ZL21base_of_encoded_valuehP15_Unwind_Context
                0x0000000000003c4e       0x76 /usr/local/athrill-gcc/lib/gcc/v850-elf/4.9-GNUV850_v14.01/../../../../v850-elf/lib/libsupc++.a(eh_personality.o)
 .text._ZL17parse_lsda_headerP15_Unwind_ContextPKhP16lsda_header_info
                0x0000000000003cc4       0xde /usr/local/athrill-gcc/lib/gcc/v850-elf/4.9-GNUV850_v14.01/../../../../v850-elf/lib/libsupc++.a(eh_personality.o)
 .text.__gxx_personality_sj0
                0x0000000000003da2      0x4e4 /usr/local/athrill-gcc/lib/gcc/v850-elf/4.9-GNUV850_v14.01/../../../../v850-elf/lib/libsupc++.a(eh_personality.o)
                0x0000000000003da2                ___gxx_personality_sj0
 .text.__cxa_call_unexpected
                0x0000000000004286      0x17e /usr/local/athrill-gcc/lib/gcc/v850-elf/4.9-GNUV850_v14.01/../../../../v850-elf/lib/libsupc++.a(eh_personality.o)
                0x0000000000004286                ___cxa_call_unexpected
 .text          0x0000000000004404        0x0 /usr/local/athrill-gcc/lib/gcc/v850-elf/4.9-GNUV850_v14.01/../../../../v850-elf/lib/libsupc++.a(eh_term_handler.o)
 .text          0x0000000000004404        0x0 /usr/local/athrill-gcc/lib/gcc/v850-elf/4.9-GNUV850_v14.01/../../../../v850-elf/lib/libsupc++.a(vterminate.o)
 .text._ZN9__gnu_cxx27__verbose_terminate_handlerEv
                0x0000000000004404      0x256 /usr/local/athrill-gcc/lib/gcc/v850-elf/4.9-GNUV850_v14.01/../../../../v850-elf/lib/libsupc++.a(vterminate.o)
                0x0000000000004404                __ZN9__gnu_cxx27__verbose_terminate_handlerEv
 .text          0x000000000000465a     0xc922 /usr/local/athrill-gcc/lib/gcc/v850-elf/4.9-GNUV850_v14.01/../../../../v850-elf/lib/libsupc++.a(cp-demangle.o)
                0x0000000000010e5e                ___cxa_demangle
                0x0000000000010f5a                ___gcclibcxx_demangle_callback
 .text          0x0000000000010f7c        0x0 /usr/local/athrill-gcc/lib/gcc/v850-elf/4.9-GNUV850_v14.01/../../../../v850-elf/lib/libsupc++.a(eh_call.o)
 .text.__cxa_call_terminate
                0x0000000000010f7c       0x50 /usr/local/athrill-gcc/lib/gcc/v850-elf/4.9-GNUV850_v14.01/../../../../v850-elf/lib/libsupc++.a(eh_call.o)
                0x0000000000010f7c                ___cxa_call_terminate
 .text          0x0000000000010fcc        0x0 /usr/local/athrill-gcc/lib/gcc/v850-elf/4.9-GNUV850_v14.01/../../../../v850-elf/lib/libsupc++.a(eh_type.o)
 .text.__cxa_current_exception_type
                0x0000000000010fcc       0x36 /usr/local/athrill-gcc/lib/gcc/v850-elf/4.9-GNUV850_v14.01/../../../../v850-elf/lib/libsupc++.a(eh_type.o)
                0x0000000000010fcc                ___cxa_current_exception_type
 .text          0x0000000000011002       0x10 /usr/local/athrill-gcc/lib/gcc/v850-elf/4.9-GNUV850_v14.01/../../../../v850-elf/lib/libc.a(lib_a-abort.o)
                0x0000000000011002                _abort
 .text          0x0000000000011012       0x4e /usr/local/athrill-gcc/lib/gcc/v850-elf/4.9-GNUV850_v14.01/../../../../v850-elf/lib/libc.a(lib_a-_exit.o)
                0x0000000000011012                __exit
 .text          0x0000000000011060       0x4e /usr/local/athrill-gcc/lib/gcc/v850-elf/4.9-GNUV850_v14.01/../../../../v850-elf/lib/libc.a(lib_a-fputc.o)
                0x0000000000011060                __fputc_r
                0x0000000000011098                _fputc
 .text          0x00000000000110ae       0x9a /usr/local/athrill-gcc/lib/gcc/v850-elf/4.9-GNUV850_v14.01/../../../../v850-elf/lib/libc.a(lib_a-fputs.o)
                0x00000000000110ae                __fputs_r
                0x0000000000011132                _fputs
 .text          0x0000000000011148      0x36c /usr/local/athrill-gcc/lib/gcc/v850-elf/4.9-GNUV850_v14.01/../../../../v850-elf/lib/libc.a(lib_a-fvwrite.o)
                0x0000000000011148                ___sfvwrite_r
 .text          0x00000000000114b4       0xd2 /usr/local/athrill-gcc/lib/gcc/v850-elf/4.9-GNUV850_v14.01/../../../../v850-elf/lib/libc.a(lib_a-fwrite.o)
                0x00000000000114b4                __fwrite_r
                0x0000000000011562                _fwrite
 .text          0x0000000000011586        0x0 /usr/local/athrill-gcc/lib/gcc/v850-elf/4.9-GNUV850_v14.01/../../../../v850-elf/lib/libc.a(lib_a-impure.o)
 .text          0x0000000000011586       0x22 /usr/local/athrill-gcc/lib/gcc/v850-elf/4.9-GNUV850_v14.01/../../../../v850-elf/lib/libc.a(lib_a-memchr.o)
                0x0000000000011586                _memchr
 .text          0x00000000000115a8       0x28 /usr/local/athrill-gcc/lib/gcc/v850-elf/4.9-GNUV850_v14.01/../../../../v850-elf/lib/libc.a(lib_a-memcmp.o)
                0x00000000000115a8                _memcmp
 .text          0x00000000000115d0       0x1a /usr/local/athrill-gcc/lib/gcc/v850-elf/4.9-GNUV850_v14.01/../../../../v850-elf/lib/libc.a(lib_a-memcpy.o)
                0x00000000000115d0                _memcpy
 .text          0x00000000000115ea       0x44 /usr/local/athrill-gcc/lib/gcc/v850-elf/4.9-GNUV850_v14.01/../../../../v850-elf/lib/libc.a(lib_a-memmove.o)
                0x00000000000115ea                _memmove
 .text          0x000000000001162e       0x14 /usr/local/athrill-gcc/lib/gcc/v850-elf/4.9-GNUV850_v14.01/../../../../v850-elf/lib/libc.a(lib_a-memset.o)
                0x000000000001162e                _memset
 .text          0x0000000000011642       0x9a /usr/local/athrill-gcc/lib/gcc/v850-elf/4.9-GNUV850_v14.01/../../../../v850-elf/lib/libc.a(lib_a-putc.o)
                0x0000000000011642                __putc_r
                0x00000000000116c6                _putc
 .text          0x00000000000116dc       0x9c /usr/local/athrill-gcc/lib/gcc/v850-elf/4.9-GNUV850_v14.01/../../../../v850-elf/lib/libc.a(lib_a-sprintf.o)
                0x00000000000116dc                __sprintf_r
                0x0000000000011728                _sprintf
 .text          0x0000000000011778       0xb6 /usr/local/athrill-gcc/lib/gcc/v850-elf/4.9-GNUV850_v14.01/../../../../v850-elf/lib/libc.a(lib_a-sscanf.o)
                0x0000000000011778                _sscanf
                0x00000000000117d0                __sscanf_r
 .text          0x000000000001182e       0xe8 /usr/local/athrill-gcc/lib/gcc/v850-elf/4.9-GNUV850_v14.01/../../../../v850-elf/lib/libc.a(lib_a-stdio.o)
                0x000000000001182e                ___sread
                0x0000000000011868                ___seofread
                0x000000000001186c                ___swrite
                0x00000000000118c6                ___sseek
                0x0000000000011902                ___sclose
 .text          0x0000000000011916       0x2c /usr/local/athrill-gcc/lib/gcc/v850-elf/4.9-GNUV850_v14.01/../../../../v850-elf/lib/libc.a(lib_a-strcmp.o)
                0x0000000000011916                _strcmp
 .text          0x0000000000011942       0x12 /usr/local/athrill-gcc/lib/gcc/v850-elf/4.9-GNUV850_v14.01/../../../../v850-elf/lib/libc.a(lib_a-strlen.o)
                0x0000000000011942                _strlen
 .text          0x0000000000011954       0x42 /usr/local/athrill-gcc/lib/gcc/v850-elf/4.9-GNUV850_v14.01/../../../../v850-elf/lib/libc.a(lib_a-strncmp.o)
                0x0000000000011954                _strncmp
 .text          0x0000000000011996     0x13f4 /usr/local/athrill-gcc/lib/gcc/v850-elf/4.9-GNUV850_v14.01/../../../../v850-elf/lib/libc.a(lib_a-svfprintf.o)
                0x0000000000011996                __svfprintf_r
 .text          0x0000000000012d8a      0xeca /usr/local/athrill-gcc/lib/gcc/v850-elf/4.9-GNUV850_v14.01/../../../../v850-elf/lib/libc.a(lib_a-svfscanf.o)
                0x0000000000012d8a                ___ssvfscanf_r
 .text          0x0000000000013c54       0x1a /usr/local/athrill-gcc/lib/gcc/v850-elf/4.9-GNUV850_v14.01/../../../../v850-elf/lib/libc.a(lib_a-syswrite.o)
                0x0000000000013c54                _write
 .text          0x0000000000013c6e       0x12 /usr/local/athrill-gcc/lib/gcc/v850-elf/4.9-GNUV850_v14.01/../../../../v850-elf/lib/libc.a(lib_a-trap.o)
                0x0000000000013c6e                ___trap0
 .text          0x0000000000013c80       0xf2 /usr/local/athrill-gcc/lib/gcc/v850-elf/4.9-GNUV850_v14.01/../../../../v850-elf/lib/libc.a(lib_a-wbuf.o)
                0x0000000000013c80                ___swbuf_r
                0x0000000000013d5c                ___swbuf
 .text          0x0000000000013d72       0x36 /usr/local/athrill-gcc/lib/gcc/v850-elf/4.9-GNUV850_v14.01/../../../../v850-elf/lib/libc.a(lib_a-writer.o)
                0x0000000000013d72                __write_r
 .text          0x0000000000013da8      0x116 /usr/local/athrill-gcc/lib/gcc/v850-elf/4.9-GNUV850_v14.01/../../../../v850-elf/lib/libc.a(lib_a-wsetup.o)
                0x0000000000013da8                ___swsetup_r
 .text          0x0000000000013ebe       0x32 /usr/local/athrill-gcc/lib/gcc/v850-elf/4.9-GNUV850_v14.01/../../../../v850-elf/lib/libc.a(lib_a-closer.o)
                0x0000000000013ebe                __close_r
 .text          0x0000000000013ef0        0x0 /usr/local/athrill-gcc/lib/gcc/v850-elf/4.9-GNUV850_v14.01/../../../../v850-elf/lib/libc.a(lib_a-ctype_.o)
 .text          0x0000000000013ef0     0x10be /usr/local/athrill-gcc/lib/gcc/v850-elf/4.9-GNUV850_v14.01/../../../../v850-elf/lib/libc.a(lib_a-dtoa.o)
                0x00000000000140c8                __dtoa_r
 .text          0x0000000000014fae      0x216 /usr/local/athrill-gcc/lib/gcc/v850-elf/4.9-GNUV850_v14.01/../../../../v850-elf/lib/libc.a(lib_a-fflush.o)
                0x0000000000014fae                ___sflush_r
                0x000000000001515a                __fflush_r
                0x0000000000015196                _fflush
 .text          0x00000000000151c4      0x2e2 /usr/local/athrill-gcc/lib/gcc/v850-elf/4.9-GNUV850_v14.01/../../../../v850-elf/lib/libc.a(lib_a-findfp.o)
                0x00000000000151cc                __cleanup_r
                0x00000000000151e0                ___sfmoreglue
                0x0000000000015234                __cleanup
                0x0000000000015244                ___sinit
                0x00000000000153b6                ___sfp
                0x000000000001546e                ___sfp_lock_acquire
                0x0000000000015470                ___sfp_lock_release
                0x0000000000015472                ___sinit_lock_acquire
                0x0000000000015474                ___sinit_lock_release
                0x0000000000015476                ___fp_lock_all
                0x000000000001548e                ___fp_unlock_all
 .text          0x00000000000154a6       0xe8 /usr/local/athrill-gcc/lib/gcc/v850-elf/4.9-GNUV850_v14.01/../../../../v850-elf/lib/libc.a(lib_a-fwalk.o)
                0x00000000000154a6                __fwalk
                0x0000000000015516                __fwalk_reent
 .text          0x000000000001558e       0x20 /usr/local/athrill-gcc/lib/gcc/v850-elf/4.9-GNUV850_v14.01/../../../../v850-elf/lib/libc.a(lib_a-iswspace.o)
                0x000000000001558e                _iswspace
 .text          0x00000000000155ae       0xbe /usr/local/athrill-gcc/lib/gcc/v850-elf/4.9-GNUV850_v14.01/../../../../v850-elf/lib/libc.a(lib_a-locale.o)
                0x00000000000155ae                __setlocale_r
                0x0000000000015620                ___locale_charset
                0x000000000001562a                ___locale_mb_cur_max
                0x0000000000015634                ___locale_msgcharset
                0x000000000001563e                ___locale_cjk_lang
                0x0000000000015642                __localeconv_r
                0x000000000001564c                _setlocale
                0x0000000000015662                _localeconv
 .text          0x000000000001566c       0x36 /usr/local/athrill-gcc/lib/gcc/v850-elf/4.9-GNUV850_v14.01/../../../../v850-elf/lib/libc.a(lib_a-lseekr.o)
                0x000000000001566c                __lseek_r
 .text          0x00000000000156a2      0x150 /usr/local/athrill-gcc/lib/gcc/v850-elf/4.9-GNUV850_v14.01/../../../../v850-elf/lib/libc.a(lib_a-makebuf.o)
                0x00000000000156a2                ___smakebuf_r
 .text          0x00000000000157f2       0xbc /usr/local/athrill-gcc/lib/gcc/v850-elf/4.9-GNUV850_v14.01/../../../../v850-elf/lib/libc.a(lib_a-mbrtowc.o)
                0x00000000000157f2                __mbrtowc_r
                0x000000000001588a                _mbrtowc
 .text          0x00000000000158ae       0x88 /usr/local/athrill-gcc/lib/gcc/v850-elf/4.9-GNUV850_v14.01/../../../../v850-elf/lib/libc.a(lib_a-mbtowc_r.o)
                0x00000000000158ae                ___ascii_mbtowc
                0x00000000000158e2                __mbtowc_r
 .text          0x0000000000015936      0xb8e /usr/local/athrill-gcc/lib/gcc/v850-elf/4.9-GNUV850_v14.01/../../../../v850-elf/lib/libc.a(lib_a-mprec.o)
                0x0000000000015936                __Balloc
                0x00000000000159b2                __Bfree
                0x00000000000159d0                ___multadd
                0x0000000000015ae4                ___s2b
                0x0000000000015b9a                ___hi0bits
                0x0000000000015be6                ___lo0bits
                0x0000000000015c5a                ___i2b
                0x0000000000015c7a                ___multiply
                0x0000000000015e90                ___pow5mult
                0x0000000000015f38                ___lshift
                0x000000000001601e                ___mcmp
                0x000000000001605e                ___mdiff
                0x0000000000016168                ___ulp
                0x00000000000161aa                ___b2d
                0x0000000000016270                ___d2b
                0x000000000001637a                ___ratio
                0x00000000000163f6                __mprec_log10
                0x000000000001643e                ___copybits
                0x0000000000016474                ___any_on
 .text          0x00000000000164c4       0x36 /usr/local/athrill-gcc/lib/gcc/v850-elf/4.9-GNUV850_v14.01/../../../../v850-elf/lib/libc.a(lib_a-readr.o)
                0x00000000000164c4                __read_r
 .text          0x00000000000164fa       0x9c /usr/local/athrill-gcc/lib/gcc/v850-elf/4.9-GNUV850_v14.01/../../../../v850-elf/lib/libc.a(lib_a-sccl.o)
                0x00000000000164fa                ___sccl
 .text          0x0000000000016596        0x6 /usr/local/athrill-gcc/lib/gcc/v850-elf/4.9-GNUV850_v14.01/../../../../v850-elf/lib/libc.a(lib_a-sf_nan.o)
                0x0000000000016596                _nanf
 .text          0x000000000001659c       0x60 /usr/local/athrill-gcc/lib/gcc/v850-elf/4.9-GNUV850_v14.01/../../../../v850-elf/lib/libc.a(lib_a-s_fpclassify.o)
                0x000000000001659c                ___fpclassifyd
 .text          0x00000000000165fc     0x1114 /usr/local/athrill-gcc/lib/gcc/v850-elf/4.9-GNUV850_v14.01/../../../../v850-elf/lib/libc.a(lib_a-strtod.o)
                0x000000000001667e                __strtod_r
                0x00000000000176ba                _strtod
                0x00000000000176d0                _strtof
 .text          0x0000000000017710      0x1c6 /usr/local/athrill-gcc/lib/gcc/v850-elf/4.9-GNUV850_v14.01/../../../../v850-elf/lib/libc.a(lib_a-strtol.o)
                0x0000000000017710                __strtol_r
                0x00000000000178bc                _strtol
 .text          0x00000000000178d6      0x19c /usr/local/athrill-gcc/lib/gcc/v850-elf/4.9-GNUV850_v14.01/../../../../v850-elf/lib/libc.a(lib_a-strtoul.o)
                0x00000000000178d6                __strtoul_r
                0x0000000000017a58                _strtoul
 .text          0x0000000000017a72      0xb78 /usr/local/athrill-gcc/lib/gcc/v850-elf/4.9-GNUV850_v14.01/../../../../v850-elf/lib/libc.a(lib_a-svfiprintf.o)
                0x0000000000017a72                ___ssprint_r
                0x0000000000017bca                __svfiprintf_r
 .text          0x00000000000185ea      0xbd6 /usr/local/athrill-gcc/lib/gcc/v850-elf/4.9-GNUV850_v14.01/../../../../v850-elf/lib/libc.a(lib_a-svfiscanf.o)
                0x00000000000185ea                __sungetc_r
                0x00000000000186a8                ___ssrefill_r
                0x0000000000018702                __sfread_r
                0x00000000000187bc                ___ssvfiscanf_r
 .text          0x00000000000191c0      0x1f2 /usr/local/athrill-gcc/lib/gcc/v850-elf/4.9-GNUV850_v14.01/../../../../v850-elf/lib/libc.a(lib_a-ungetc.o)
                0x00000000000191c0                ___submore
                0x000000000001925a                __ungetc_r
                0x000000000001939c                _ungetc
 .text          0x00000000000193b2       0x18 /usr/local/athrill-gcc/lib/gcc/v850-elf/4.9-GNUV850_v14.01/../../../../v850-elf/lib/libc.a(lib_a-write.o)
                0x00000000000193b2                __write
 .text          0x00000000000193ca       0x14 /usr/local/athrill-gcc/lib/gcc/v850-elf/4.9-GNUV850_v14.01/../../../../v850-elf/lib/libc.a(lib_a-close.o)
                0x00000000000193ca                __close
 .text          0x00000000000193de       0xbc /usr/local/athrill-gcc/lib/gcc/v850-elf/4.9-GNUV850_v14.01/../../../../v850-elf/lib/libc.a(lib_a-fclose.o)
                0x00000000000193de                __fclose_r
                0x0000000000019488                _fclose
 .text          0x000000000001949a       0x34 /usr/local/athrill-gcc/lib/gcc/v850-elf/4.9-GNUV850_v14.01/../../../../v850-elf/lib/libc.a(lib_a-fstatr.o)
                0x000000000001949a                __fstat_r
 .text          0x00000000000194ce      0x6e8 /usr/local/athrill-gcc/lib/gcc/v850-elf/4.9-GNUV850_v14.01/../../../../v850-elf/lib/libc.a(lib_a-gdtoa-gethex.o)
                0x0000000000019556                ___hexdig_fun
                0x000000000001958c                ___gethex
 .text          0x0000000000019bb6      0x1c8 /usr/local/athrill-gcc/lib/gcc/v850-elf/4.9-GNUV850_v14.01/../../../../v850-elf/lib/libc.a(lib_a-gdtoa-hexnan.o)
                0x0000000000019bea                ___hexnan
 .text          0x0000000000019d7e       0x32 /usr/local/athrill-gcc/lib/gcc/v850-elf/4.9-GNUV850_v14.01/../../../../v850-elf/lib/libc.a(lib_a-isattyr.o)
                0x0000000000019d7e                __isatty_r
 .text          0x0000000000019db0       0x1a /usr/local/athrill-gcc/lib/gcc/v850-elf/4.9-GNUV850_v14.01/../../../../v850-elf/lib/libc.a(lib_a-lseek.o)
                0x0000000000019db0                __lseek
 .text          0x0000000000019dca       0x18 /usr/local/athrill-gcc/lib/gcc/v850-elf/4.9-GNUV850_v14.01/../../../../v850-elf/lib/libc.a(lib_a-read.o)
                0x0000000000019dca                __read
 .text          0x0000000000019de2       0x18 /usr/local/athrill-gcc/lib/gcc/v850-elf/4.9-GNUV850_v14.01/../../../../v850-elf/lib/libc.a(lib_a-fstat.o)
                0x0000000000019de2                __fstat
 .text          0x0000000000019dfa        0x4 /usr/local/athrill-gcc/lib/gcc/v850-elf/4.9-GNUV850_v14.01/../../../../v850-elf/lib/libc.a(lib_a-isatty.o)
                0x0000000000019dfa                __isatty
 .text          0x0000000000019dfe       0x3e /usr/local/athrill-gcc/lib/gcc/v850-elf/4.9-GNUV850_v14.01/libgcc.a(_mulsi3.o)
                0x0000000000019dfe                ___mulsi3
 .text          0x0000000000019e3c       0x32 /usr/local/athrill-gcc/lib/gcc/v850-elf/4.9-GNUV850_v14.01/libgcc.a(_divsi3.o)
                0x0000000000019e3c                ___divsi3
 .text          0x0000000000019e6e       0x36 /usr/local/athrill-gcc/lib/gcc/v850-elf/4.9-GNUV850_v14.01/libgcc.a(_udivsi3.o)
                0x0000000000019e6e                ___udivsi3
 .text          0x0000000000019ea4       0x2a /usr/local/athrill-gcc/lib/gcc/v850-elf/4.9-GNUV850_v14.01/libgcc.a(_modsi3.o)
                0x0000000000019ea4                ___modsi3
 .text          0x0000000000019ece       0x2a /usr/local/athrill-gcc/lib/gcc/v850-elf/4.9-GNUV850_v14.01/libgcc.a(_umodsi3.o)
                0x0000000000019ece                ___umodsi3
 .text          0x0000000000019ef8       0x10 /usr/local/athrill-gcc/lib/gcc/v850-elf/4.9-GNUV850_v14.01/libgcc.a(_save_29.o)
                0x0000000000019ef8                __save_r29
                0x0000000000019f00                __return_r29
 .text          0x0000000000019f08       0x68 /usr/local/athrill-gcc/lib/gcc/v850-elf/4.9-GNUV850_v14.01/libgcc.a(_save_20c.o)
                0x0000000000019f08                __save_r20_r31
                0x0000000000019f3c                __return_r20_r31
 .text          0x0000000000019f70       0x60 /usr/local/athrill-gcc/lib/gcc/v850-elf/4.9-GNUV850_v14.01/libgcc.a(_save_21c.o)
                0x0000000000019f70                __save_r21_r31
                0x0000000000019fa0                __return_r21_r31
 .text          0x0000000000019fd0       0x58 /usr/local/athrill-gcc/lib/gcc/v850-elf/4.9-GNUV850_v14.01/libgcc.a(_save_22c.o)
                0x0000000000019fd0                __save_r22_r31
                0x0000000000019ffc                __return_r22_r31
 .text          0x000000000001a028       0x50 /usr/local/athrill-gcc/lib/gcc/v850-elf/4.9-GNUV850_v14.01/libgcc.a(_save_23c.o)
                0x000000000001a028                __save_r23_r31
                0x000000000001a050                __return_r23_r31
 .text          0x000000000001a078       0x48 /usr/local/athrill-gcc/lib/gcc/v850-elf/4.9-GNUV850_v14.01/libgcc.a(_save_24c.o)
                0x000000000001a078                __save_r24_r31
                0x000000000001a09c                __return_r24_r31
 .text          0x000000000001a0c0       0x40 /usr/local/athrill-gcc/lib/gcc/v850-elf/4.9-GNUV850_v14.01/libgcc.a(_save_25c.o)
                0x000000000001a0c0                __save_r25_r31
                0x000000000001a0e0                __return_r25_r31
 .text          0x000000000001a100       0x38 /usr/local/athrill-gcc/lib/gcc/v850-elf/4.9-GNUV850_v14.01/libgcc.a(_save_26c.o)
                0x000000000001a100                __save_r26_r31
                0x000000000001a11c                __return_r26_r31
 .text          0x000000000001a138       0x30 /usr/local/athrill-gcc/lib/gcc/v850-elf/4.9-GNUV850_v14.01/libgcc.a(_save_27c.o)
                0x000000000001a138                __save_r27_r31
                0x000000000001a150                __return_r27_r31
 .text          0x000000000001a168       0x28 /usr/local/athrill-gcc/lib/gcc/v850-elf/4.9-GNUV850_v14.01/libgcc.a(_save_28c.o)
                0x000000000001a168                __save_r28_r31
                0x000000000001a17c                __return_r28_r31
 .text          0x000000000001a190       0x20 /usr/local/athrill-gcc/lib/gcc/v850-elf/4.9-GNUV850_v14.01/libgcc.a(_save_29c.o)
                0x000000000001a190                __save_r29_r31
                0x000000000001a1a0                __return_r29_r31
 .text          0x000000000001a1b0       0x18 /usr/local/athrill-gcc/lib/gcc/v850-elf/4.9-GNUV850_v14.01/libgcc.a(_save_31c.o)
                0x000000000001a1b0                __save_r31
                0x000000000001a1bc                __return_r31
 .text          0x000000000001a1c8       0x4c /usr/local/athrill-gcc/lib/gcc/v850-elf/4.9-GNUV850_v14.01/libgcc.a(_fixunsdfsi.o)
                0x000000000001a1c8                ___fixunsdfsi
 .text          0x000000000001a214      0x3f2 /usr/local/athrill-gcc/lib/gcc/v850-elf/4.9-GNUV850_v14.01/libgcc.a(_addsub_df.o)
                0x000000000001a526                ___adddf3
                0x000000000001a590                ___subdf3
 .text          0x000000000001a606      0x278 /usr/local/athrill-gcc/lib/gcc/v850-elf/4.9-GNUV850_v14.01/libgcc.a(_mul_df.o)
                0x000000000001a606                ___muldf3
 .text          0x000000000001a87e      0x192 /usr/local/athrill-gcc/lib/gcc/v850-elf/4.9-GNUV850_v14.01/libgcc.a(_div_df.o)
                0x000000000001a87e                ___divdf3
 .text          0x000000000001aa10       0x7a /usr/local/athrill-gcc/lib/gcc/v850-elf/4.9-GNUV850_v14.01/libgcc.a(_eq_df.o)
                0x000000000001aa10                ___eqdf2
 .text          0x000000000001aa8a       0x7a /usr/local/athrill-gcc/lib/gcc/v850-elf/4.9-GNUV850_v14.01/libgcc.a(_ne_df.o)
                0x000000000001aa8a                ___nedf2
 .text          0x000000000001ab04       0x7a /usr/local/athrill-gcc/lib/gcc/v850-elf/4.9-GNUV850_v14.01/libgcc.a(_gt_df.o)
                0x000000000001ab04                ___gtdf2
 .text          0x000000000001ab7e       0x7a /usr/local/athrill-gcc/lib/gcc/v850-elf/4.9-GNUV850_v14.01/libgcc.a(_ge_df.o)
                0x000000000001ab7e                ___gedf2
 .text          0x000000000001abf8       0x7a /usr/local/athrill-gcc/lib/gcc/v850-elf/4.9-GNUV850_v14.01/libgcc.a(_lt_df.o)
                0x000000000001abf8                ___ltdf2
 .text          0x000000000001ac72       0x7a /usr/local/athrill-gcc/lib/gcc/v850-elf/4.9-GNUV850_v14.01/libgcc.a(_le_df.o)
                0x000000000001ac72                ___ledf2
 .text          0x000000000001acec       0x8e /usr/local/athrill-gcc/lib/gcc/v850-elf/4.9-GNUV850_v14.01/libgcc.a(_si_to_df.o)
                0x000000000001acec                ___floatsidf
 .text          0x000000000001ad7a       0xb0 /usr/local/athrill-gcc/lib/gcc/v850-elf/4.9-GNUV850_v14.01/libgcc.a(_df_to_si.o)
                0x000000000001ad7a                ___fixdfsi
 .text          0x000000000001ae2a       0x54 /usr/local/athrill-gcc/lib/gcc/v850-elf/4.9-GNUV850_v14.01/libgcc.a(_df_to_sf.o)
                0x000000000001ae2a                ___truncdfsf2
 .text          0x000000000001ae7e        0x0 /usr/local/athrill-gcc/lib/gcc/v850-elf/4.9-GNUV850_v14.01/libgcc.a(_thenan_df.o)
 .text          0x000000000001ae7e       0x78 /usr/local/athrill-gcc/lib/gcc/v850-elf/4.9-GNUV850_v14.01/libgcc.a(_usi_to_df.o)
                0x000000000001ae7e                ___floatunsidf
 .text          0x000000000001aef6      0x496 /usr/local/athrill-gcc/lib/gcc/v850-elf/4.9-GNUV850_v14.01/libgcc.a(unwind-sjlj.o)
                0x000000000001b07a                __Unwind_SjLj_Register
                0x000000000001b096                __Unwind_SjLj_Unregister
                0x000000000001b0ae                __Unwind_GetGR
                0x000000000001b0c8                __Unwind_GetCFA
                0x000000000001b0e8                __Unwind_SetGR
                0x000000000001b102                __Unwind_GetIP
                0x000000000001b118                __Unwind_GetIPInfo
                0x000000000001b13e                __Unwind_SetIP
                0x000000000001b154                __Unwind_GetLanguageSpecificData
                0x000000000001b168                __Unwind_GetRegionStart
                0x000000000001b176                __Unwind_FindEnclosingFunction
                0x000000000001b184                __Unwind_GetDataRelBase
                0x000000000001b192                __Unwind_GetTextRelBase
                0x000000000001b1a0                __Unwind_SjLj_RaiseException
                0x000000000001b246                __Unwind_SjLj_ForcedUnwind
                0x000000000001b280                __Unwind_SjLj_Resume
                0x000000000001b2bc                __Unwind_SjLj_Resume_or_Rethrow
                0x000000000001b2fe                __Unwind_DeleteException
                0x000000000001b324                __Unwind_Backtrace
 .text          0x000000000001b38c       0xde /usr/local/athrill-gcc/lib/gcc/v850-elf/4.9-GNUV850_v14.01/libgcc.a(_muldi3.o)
                0x000000000001b38c                ___muldi3
 .text          0x000000000001b46a       0x58 /usr/local/athrill-gcc/lib/gcc/v850-elf/4.9-GNUV850_v14.01/libgcc.a(_clzsi2.o)
                0x000000000001b46a                ___clzsi2
 .text          0x000000000001b4c2       0x24 /usr/local/athrill-gcc/lib/gcc/v850-elf/4.9-GNUV850_v14.01/libgcc.a(_make_sf.o)
                0x000000000001b4c2                ___make_fp
 .text          0x000000000001b4e6      0x1c0 /usr/local/athrill-gcc/lib/gcc/v850-elf/4.9-GNUV850_v14.01/libgcc.a(_pack_df.o)
                0x000000000001b4e6                ___pack_d
 .text          0x000000000001b6a6       0xe4 /usr/local/athrill-gcc/lib/gcc/v850-elf/4.9-GNUV850_v14.01/libgcc.a(_unpack_df.o)
                0x000000000001b6a6                ___unpack_d
 .text          0x000000000001b78a       0xa0 /usr/local/athrill-gcc/lib/gcc/v850-elf/4.9-GNUV850_v14.01/libgcc.a(_fpcmp_parts_df.o)
                0x000000000001b78a                ___fpcmp_parts_d
 .text          0x000000000001b82a        0x0 /usr/local/athrill-gcc/lib/gcc/v850-elf/4.9-GNUV850_v14.01/libgcc.a(_clz.o)
 .text          0x000000000001b82a      0x100 /usr/local/athrill-gcc/lib/gcc/v850-elf/4.9-GNUV850_v14.01/libgcc.a(_pack_sf.o)
                0x000000000001b82a                ___pack_f
                0x000000000001b92a                _etext = .

.fini
 *(.fini)
                0x000000000001b92a                _etext = .
                0x000000000001b92a                PROVIDE (etext, .)

.gcc_except_table
                0x000000000001b92c       0x50
 *(.gcc_except_table)
 .gcc_except_table
                0x000000000001b92c       0x18 /usr/local/athrill-gcc/lib/gcc/v850-elf/4.9-GNUV850_v14.01/../../../../v850-elf/lib/libsupc++.a(eh_terminate.o)
 .gcc_except_table
                0x000000000001b944       0x20 /usr/local/athrill-gcc/lib/gcc/v850-elf/4.9-GNUV850_v14.01/../../../../v850-elf/lib/libsupc++.a(eh_personality.o)
 .gcc_except_table
                0x000000000001b964       0x18 /usr/local/athrill-gcc/lib/gcc/v850-elf/4.9-GNUV850_v14.01/../../../../v850-elf/lib/libsupc++.a(vterminate.o)

.ctors
 *crtbegin.o(.ctors)
 *(EXCLUDE_FILE(*crtend.o) .ctors)
 *(SORT(.ctors.*))
 *(.ctors)
                0x000000000001b97c                ___ctors_end = .
                0x000000000001b97c                ___dtors = .

.dtors
 *crtbegin.o(.dtors)
 *(EXCLUDE_FILE(*crtend.o) .dtors)
 *(SORT(.dtors.*))
 *(.dtors)
                0x000000000001b97c                ___dtors_end = .

.rodata         0x000000000001b97c     0x1608
 *(.rodata)
 .rodata        0x000000000001b97c       0x30 timer.o
 .rodata        0x000000000001b9ac       0x10 Endpoint.o
 .rodata        0x000000000001b9bc       0x78 main.o
 .rodata        0x000000000001ba34        0xf /usr/local/athrill-gcc/lib/gcc/v850-elf/4.9-GNUV850_v14.01/../../../../v850-elf/lib/libsupc++.a(bad_alloc.o)
 .rodata        0x000000000001ba43       0x22 /usr/local/athrill-gcc/lib/gcc/v850-elf/4.9-GNUV850_v14.01/../../../../v850-elf/lib/libsupc++.a(eh_exception.o)
 .rodata        0x000000000001ba65       0x3b /usr/local/athrill-gcc/lib/gcc/v850-elf/4.9-GNUV850_v14.01/../../../../v850-elf/lib/libsupc++.a(pure.o)
 .rodata        0x000000000001baa0       0x8c /usr/local/athrill-gcc/lib/gcc/v850-elf/4.9-GNUV850_v14.01/../../../../v850-elf/lib/libsupc++.a(vterminate.o)
 .rodata        0x000000000001bb2c      0xe44 /usr/local/athrill-gcc/lib/gcc/v850-elf/4.9-GNUV850_v14.01/../../../../v850-elf/lib/libsupc++.a(cp-demangle.o)
 .rodata        0x000000000001c970        0x2 /usr/local/athrill-gcc/lib/gcc/v850-elf/4.9-GNUV850_v14.01/../../../../v850-elf/lib/libc.a(lib_a-impure.o)
 .rodata        0x000000000001c972       0x54 /usr/local/athrill-gcc/lib/gcc/v850-elf/4.9-GNUV850_v14.01/../../../../v850-elf/lib/libc.a(lib_a-svfprintf.o)
 .rodata        0x000000000001c9c6       0x28 /usr/local/athrill-gcc/lib/gcc/v850-elf/4.9-GNUV850_v14.01/../../../../v850-elf/lib/libc.a(lib_a-svfscanf.o)
 .rodata        0x000000000001c9ee      0x281 /usr/local/athrill-gcc/lib/gcc/v850-elf/4.9-GNUV850_v14.01/../../../../v850-elf/lib/libc.a(lib_a-ctype_.o)
                0x000000000001c9ee                __ctype_
 .rodata        0x000000000001cc6f        0xf /usr/local/athrill-gcc/lib/gcc/v850-elf/4.9-GNUV850_v14.01/../../../../v850-elf/lib/libc.a(lib_a-dtoa.o)
 .rodata        0x000000000001cc7e        0xb /usr/local/athrill-gcc/lib/gcc/v850-elf/4.9-GNUV850_v14.01/../../../../v850-elf/lib/libc.a(lib_a-locale.o)
 .rodata        0x000000000001cc89        0x1 /usr/local/athrill-gcc/lib/gcc/v850-elf/4.9-GNUV850_v14.01/../../../../v850-elf/lib/libc.a(lib_a-mbrtowc.o)
 *fill*         0x000000000001cc8a        0x2 
 .rodata        0x000000000001cc8c      0x124 /usr/local/athrill-gcc/lib/gcc/v850-elf/4.9-GNUV850_v14.01/../../../../v850-elf/lib/libc.a(lib_a-mprec.o)
                0x000000000001cc98                ___mprec_tinytens
                0x000000000001ccc0                ___mprec_bigtens
                0x000000000001cce8                ___mprec_tens
 .rodata        0x000000000001cdb0       0x5c /usr/local/athrill-gcc/lib/gcc/v850-elf/4.9-GNUV850_v14.01/../../../../v850-elf/lib/libc.a(lib_a-strtod.o)
 .rodata        0x000000000001ce0c       0x42 /usr/local/athrill-gcc/lib/gcc/v850-elf/4.9-GNUV850_v14.01/../../../../v850-elf/lib/libc.a(lib_a-svfiprintf.o)
 .rodata        0x000000000001ce4e       0x22 /usr/local/athrill-gcc/lib/gcc/v850-elf/4.9-GNUV850_v14.01/../../../../v850-elf/lib/libc.a(lib_a-svfiscanf.o)
 .rodata        0x000000000001ce70       0x14 /usr/local/athrill-gcc/lib/gcc/v850-elf/4.9-GNUV850_v14.01/libgcc.a(_thenan_df.o)
                0x000000000001ce70                ___thenan_df
 .rodata        0x000000000001ce84      0x100 /usr/local/athrill-gcc/lib/gcc/v850-elf/4.9-GNUV850_v14.01/libgcc.a(_clz.o)
                0x000000000001ce84                ___clz_tab

.rodata._ZTSSt9bad_alloc
                0x000000000001cf84        0xd
 .rodata._ZTSSt9bad_alloc
                0x000000000001cf84        0xd /usr/local/athrill-gcc/lib/gcc/v850-elf/4.9-GNUV850_v14.01/../../../../v850-elf/lib/libsupc++.a(bad_alloc.o)
                0x000000000001cf84                __ZTSSt9bad_alloc

.rodata._ZTISt9bad_alloc
                0x000000000001cf94        0xc
 .rodata._ZTISt9bad_alloc
                0x000000000001cf94        0xc /usr/local/athrill-gcc/lib/gcc/v850-elf/4.9-GNUV850_v14.01/../../../../v850-elf/lib/libsupc++.a(bad_alloc.o)
                0x000000000001cf94                __ZTISt9bad_alloc

.rodata._ZTVSt9bad_alloc
                0x000000000001cfa0       0x14
 .rodata._ZTVSt9bad_alloc
                0x000000000001cfa0       0x14 /usr/local/athrill-gcc/lib/gcc/v850-elf/4.9-GNUV850_v14.01/../../../../v850-elf/lib/libsupc++.a(bad_alloc.o)
                0x000000000001cfa0                __ZTVSt9bad_alloc

.rodata._ZTSSt9exception
                0x000000000001cfb4        0xd
 .rodata._ZTSSt9exception
                0x000000000001cfb4        0xd /usr/local/athrill-gcc/lib/gcc/v850-elf/4.9-GNUV850_v14.01/../../../../v850-elf/lib/libsupc++.a(eh_exception.o)
                0x000000000001cfb4                __ZTSSt9exception

.rodata._ZTISt9exception
                0x000000000001cfc4        0x8
 .rodata._ZTISt9exception
                0x000000000001cfc4        0x8 /usr/local/athrill-gcc/lib/gcc/v850-elf/4.9-GNUV850_v14.01/../../../../v850-elf/lib/libsupc++.a(eh_exception.o)
                0x000000000001cfc4                __ZTISt9exception

.rodata._ZTSSt13bad_exception
                0x000000000001cfcc       0x12
 .rodata._ZTSSt13bad_exception
                0x000000000001cfcc       0x12 /usr/local/athrill-gcc/lib/gcc/v850-elf/4.9-GNUV850_v14.01/../../../../v850-elf/lib/libsupc++.a(eh_exception.o)
                0x000000000001cfcc                __ZTSSt13bad_exception

.rodata._ZTISt13bad_exception
                0x000000000001cfe0        0xc
 .rodata._ZTISt13bad_exception
                0x000000000001cfe0        0xc /usr/local/athrill-gcc/lib/gcc/v850-elf/4.9-GNUV850_v14.01/../../../../v850-elf/lib/libsupc++.a(eh_exception.o)
                0x000000000001cfe0                __ZTISt13bad_exception

.rodata._ZTSN10__cxxabiv115__forced_unwindE
                0x000000000001cfec       0x20
 .rodata._ZTSN10__cxxabiv115__forced_unwindE
                0x000000000001cfec       0x20 /usr/local/athrill-gcc/lib/gcc/v850-elf/4.9-GNUV850_v14.01/../../../../v850-elf/lib/libsupc++.a(eh_exception.o)
                0x000000000001cfec                __ZTSN10__cxxabiv115__forced_unwindE

.rodata._ZTIN10__cxxabiv115__forced_unwindE
                0x000000000001d00c        0x8
 .rodata._ZTIN10__cxxabiv115__forced_unwindE
                0x000000000001d00c        0x8 /usr/local/athrill-gcc/lib/gcc/v850-elf/4.9-GNUV850_v14.01/../../../../v850-elf/lib/libsupc++.a(eh_exception.o)
                0x000000000001d00c                __ZTIN10__cxxabiv115__forced_unwindE

.rodata._ZTSN10__cxxabiv119__foreign_exceptionE
                0x000000000001d014       0x24
 .rodata._ZTSN10__cxxabiv119__foreign_exceptionE
                0x000000000001d014       0x24 /usr/local/athrill-gcc/lib/gcc/v850-elf/4.9-GNUV850_v14.01/../../../../v850-elf/lib/libsupc++.a(eh_exception.o)
                0x000000000001d014                __ZTSN10__cxxabiv119__foreign_exceptionE

.rodata._ZTIN10__cxxabiv119__foreign_exceptionE
                0x000000000001d038        0x8
 .rodata._ZTIN10__cxxabiv119__foreign_exceptionE
                0x000000000001d038        0x8 /usr/local/athrill-gcc/lib/gcc/v850-elf/4.9-GNUV850_v14.01/../../../../v850-elf/lib/libsupc++.a(eh_exception.o)
                0x000000000001d038                __ZTIN10__cxxabiv119__foreign_exceptionE

.rodata._ZTVSt9exception
                0x000000000001d040       0x14
 .rodata._ZTVSt9exception
                0x000000000001d040       0x14 /usr/local/athrill-gcc/lib/gcc/v850-elf/4.9-GNUV850_v14.01/../../../../v850-elf/lib/libsupc++.a(eh_exception.o)
                0x000000000001d040                __ZTVSt9exception

.rodata._ZTVSt13bad_exception
                0x000000000001d054       0x14
 .rodata._ZTVSt13bad_exception
                0x000000000001d054       0x14 /usr/local/athrill-gcc/lib/gcc/v850-elf/4.9-GNUV850_v14.01/../../../../v850-elf/lib/libsupc++.a(eh_exception.o)
                0x000000000001d054                __ZTVSt13bad_exception

.rodata._ZTVN10__cxxabiv115__forced_unwindE
                0x000000000001d068       0x14
 .rodata._ZTVN10__cxxabiv115__forced_unwindE
                0x000000000001d068       0x14 /usr/local/athrill-gcc/lib/gcc/v850-elf/4.9-GNUV850_v14.01/../../../../v850-elf/lib/libsupc++.a(eh_exception.o)
                0x000000000001d068                __ZTVN10__cxxabiv115__forced_unwindE

.rodata._ZTVN10__cxxabiv119__foreign_exceptionE
                0x000000000001d07c       0x14
 .rodata._ZTVN10__cxxabiv119__foreign_exceptionE
                0x000000000001d07c       0x14 /usr/local/athrill-gcc/lib/gcc/v850-elf/4.9-GNUV850_v14.01/../../../../v850-elf/lib/libsupc++.a(eh_exception.o)
                0x000000000001d07c                __ZTVN10__cxxabiv119__foreign_exceptionE

.rodata._ZSt7nothrow
                0x000000000001d090        0x1
 .rodata._ZSt7nothrow
                0x000000000001d090        0x1 /usr/local/athrill-gcc/lib/gcc/v850-elf/4.9-GNUV850_v14.01/../../../../v850-elf/lib/libsupc++.a(new_handler.o)
                0x000000000001d090                __ZSt7nothrow

.rodata._ZTSN10__cxxabiv120__si_class_type_infoE
                0x000000000001d091       0x25
 .rodata._ZTSN10__cxxabiv120__si_class_type_infoE
                0x000000000001d091       0x25 /usr/local/athrill-gcc/lib/gcc/v850-elf/4.9-GNUV850_v14.01/../../../../v850-elf/lib/libsupc++.a(si_class_type_info.o)
                0x000000000001d091                __ZTSN10__cxxabiv120__si_class_type_infoE

.rodata._ZTIN10__cxxabiv120__si_class_type_infoE
                0x000000000001d0b8        0xc
 .rodata._ZTIN10__cxxabiv120__si_class_type_infoE
                0x000000000001d0b8        0xc /usr/local/athrill-gcc/lib/gcc/v850-elf/4.9-GNUV850_v14.01/../../../../v850-elf/lib/libsupc++.a(si_class_type_info.o)
                0x000000000001d0b8                __ZTIN10__cxxabiv120__si_class_type_infoE

.rodata._ZTVN10__cxxabiv120__si_class_type_infoE
                0x000000000001d0c4       0x2c
 .rodata._ZTVN10__cxxabiv120__si_class_type_infoE
                0x000000000001d0c4       0x2c /usr/local/athrill-gcc/lib/gcc/v850-elf/4.9-GNUV850_v14.01/../../../../v850-elf/lib/libsupc++.a(si_class_type_info.o)
                0x000000000001d0c4                __ZTVN10__cxxabiv120__si_class_type_infoE

.rodata._ZTSSt9type_info
                0x000000000001d0f0        0xd
 .rodata._ZTSSt9type_info
                0x000000000001d0f0        0xd /usr/local/athrill-gcc/lib/gcc/v850-elf/4.9-GNUV850_v14.01/../../../../v850-elf/lib/libsupc++.a(tinfo.o)
                0x000000000001d0f0                __ZTSSt9type_info

.rodata._ZTISt9type_info
                0x000000000001d100        0x8
 .rodata._ZTISt9type_info
                0x000000000001d100        0x8 /usr/local/athrill-gcc/lib/gcc/v850-elf/4.9-GNUV850_v14.01/../../../../v850-elf/lib/libsupc++.a(tinfo.o)
                0x000000000001d100                __ZTISt9type_info

.rodata._ZTVSt9type_info
                0x000000000001d108       0x20
 .rodata._ZTVSt9type_info
                0x000000000001d108       0x20 /usr/local/athrill-gcc/lib/gcc/v850-elf/4.9-GNUV850_v14.01/../../../../v850-elf/lib/libsupc++.a(tinfo.o)
                0x000000000001d108                __ZTVSt9type_info

.rodata._ZTSN10__cxxabiv117__class_type_infoE
                0x000000000001d128       0x22
 .rodata._ZTSN10__cxxabiv117__class_type_infoE
                0x000000000001d128       0x22 /usr/local/athrill-gcc/lib/gcc/v850-elf/4.9-GNUV850_v14.01/../../../../v850-elf/lib/libsupc++.a(class_type_info.o)
                0x000000000001d128                __ZTSN10__cxxabiv117__class_type_infoE

.rodata._ZTIN10__cxxabiv117__class_type_infoE
                0x000000000001d14c        0xc
 .rodata._ZTIN10__cxxabiv117__class_type_infoE
                0x000000000001d14c        0xc /usr/local/athrill-gcc/lib/gcc/v850-elf/4.9-GNUV850_v14.01/../../../../v850-elf/lib/libsupc++.a(class_type_info.o)
                0x000000000001d14c                __ZTIN10__cxxabiv117__class_type_infoE

.rodata._ZTVN10__cxxabiv117__class_type_infoE
                0x000000000001d158       0x2c
 .rodata._ZTVN10__cxxabiv117__class_type_infoE
                0x000000000001d158       0x2c /usr/local/athrill-gcc/lib/gcc/v850-elf/4.9-GNUV850_v14.01/../../../../v850-elf/lib/libsupc++.a(class_type_info.o)
                0x000000000001d158                __ZTVN10__cxxabiv117__class_type_infoE

.rodata.cst4    0x000000000001d184       0x28
 .rodata.cst4   0x000000000001d184        0x4 /usr/local/athrill-gcc/lib/gcc/v850-elf/4.9-GNUV850_v14.01/../../../../v850-elf/lib/libsupc++.a(eh_personality.o)
 .rodata.cst4   0x000000000001d188        0x8 /usr/local/athrill-gcc/lib/gcc/v850-elf/4.9-GNUV850_v14.01/../../../../v850-elf/lib/libsupc++.a(cp-demangle.o)
 .rodata.cst4   0x000000000001d190        0x4 /usr/local/athrill-gcc/lib/gcc/v850-elf/4.9-GNUV850_v14.01/../../../../v850-elf/lib/libc.a(lib_a-svfscanf.o)
 .rodata.cst4   0x000000000001d194       0x10 /usr/local/athrill-gcc/lib/gcc/v850-elf/4.9-GNUV850_v14.01/../../../../v850-elf/lib/libc.a(lib_a-strtod.o)
 .rodata.cst4   0x000000000001d1a4        0x8 /usr/local/athrill-gcc/lib/gcc/v850-elf/4.9-GNUV850_v14.01/../../../../v850-elf/lib/libc.a(lib_a-svfiscanf.o)

.rosdata        0x0000000006ff7000        0x4
 *(.rosdata)
 .rosdata       0x0000000006ff7000        0x4 /usr/local/athrill-gcc/lib/gcc/v850-elf/4.9-GNUV850_v14.01/../../../../v850-elf/lib/libc.a(lib_a-impure.o)
                0x0000000006ff7000                __global_impure_ptr
                0x0000000006ff7004                __gp = .
                0x0000000006ff7004                . = ALIGN (0x4)
                0x0000000006ff7004                __idata_start = .

.data           0x0000000006ff7004      0x4ac
                0x0000000006ff7004                . = ALIGN (0x4)
                0x0000000006ff7004                __data_start = .
 *(.data)
 .data          0x0000000006ff7004        0x0 lwip-athrill.o
 .data          0x0000000006ff7004        0x0 start.o
 .data          0x0000000006ff7004        0x0 vector.o
 .data          0x0000000006ff7004        0x0 software_init.o
 .data          0x0000000006ff7004        0x0 interrupt.o
 .data          0x0000000006ff7004        0x0 interrupt_table.o
 .data          0x0000000006ff7004        0x0 timer.o
 .data          0x0000000006ff7004        0x0 interrupt_asm.o
 .data          0x0000000006ff7004        0x0 EthernetInterface.o
 .data          0x0000000006ff7004        0x0 Endpoint.o
 .data          0x0000000006ff7004        0x0 Socket.o
 .data          0x0000000006ff7004        0x0 TCPSocketConnection.o
 .data          0x0000000006ff7004        0x0 TCPSocketServer.o
 .data          0x0000000006ff7004        0x0 main.o
 .data          0x0000000006ff7004        0x0 /usr/local/athrill-gcc/lib/gcc/v850-elf/4.9-GNUV850_v14.01/../../../../v850-elf/lib/libsupc++.a(del_op.o)
 .data          0x0000000006ff7004        0x0 /usr/local/athrill-gcc/lib/gcc/v850-elf/4.9-GNUV850_v14.01/../../../../v850-elf/lib/libsupc++.a(new_op.o)
 .data          0x0000000006ff7004        0x0 /usr/local/athrill-gcc/lib/gcc/v850-elf/4.9-GNUV850_v14.01/../../../../v850-elf/lib/libsupc++.a(bad_alloc.o)
 .data          0x0000000006ff7004        0x0 /usr/local/athrill-gcc/lib/gcc/v850-elf/4.9-GNUV850_v14.01/../../../../v850-elf/lib/libsupc++.a(eh_alloc.o)
 .data          0x0000000006ff7004        0x0 /usr/local/athrill-gcc/lib/gcc/v850-elf/4.9-GNUV850_v14.01/../../../../v850-elf/lib/libsupc++.a(eh_exception.o)
 .data          0x0000000006ff7004        0x0 /usr/local/athrill-gcc/lib/gcc/v850-elf/4.9-GNUV850_v14.01/../../../../v850-elf/lib/libsupc++.a(eh_terminate.o)
 .data          0x0000000006ff7004        0x0 /usr/local/athrill-gcc/lib/gcc/v850-elf/4.9-GNUV850_v14.01/../../../../v850-elf/lib/libsupc++.a(eh_throw.o)
 .data          0x0000000006ff7004        0x0 /usr/local/athrill-gcc/lib/gcc/v850-elf/4.9-GNUV850_v14.01/../../../../v850-elf/lib/libsupc++.a(eh_unex_handler.o)
 .data          0x0000000006ff7004        0x0 /usr/local/athrill-gcc/lib/gcc/v850-elf/4.9-GNUV850_v14.01/../../../../v850-elf/lib/libsupc++.a(new_handler.o)
 .data          0x0000000006ff7004        0x0 /usr/local/athrill-gcc/lib/gcc/v850-elf/4.9-GNUV850_v14.01/../../../../v850-elf/lib/libsupc++.a(pure.o)
 .data          0x0000000006ff7004        0x0 /usr/local/athrill-gcc/lib/gcc/v850-elf/4.9-GNUV850_v14.01/../../../../v850-elf/lib/libsupc++.a(si_class_type_info.o)
 .data          0x0000000006ff7004        0x0 /usr/local/athrill-gcc/lib/gcc/v850-elf/4.9-GNUV850_v14.01/../../../../v850-elf/lib/libsupc++.a(tinfo.o)
 .data          0x0000000006ff7004        0x0 /usr/local/athrill-gcc/lib/gcc/v850-elf/4.9-GNUV850_v14.01/../../../../v850-elf/lib/libsupc++.a(class_type_info.o)
 .data          0x0000000006ff7004        0x0 /usr/local/athrill-gcc/lib/gcc/v850-elf/4.9-GNUV850_v14.01/../../../../v850-elf/lib/libsupc++.a(eh_catch.o)
 .data          0x0000000006ff7004        0x0 /usr/local/athrill-gcc/lib/gcc/v850-elf/4.9-GNUV850_v14.01/../../../../v850-elf/lib/libsupc++.a(eh_globals.o)
 .data          0x0000000006ff7004        0x0 /usr/local/athrill-gcc/lib/gcc/v850-elf/4.9-GNUV850_v14.01/../../../../v850-elf/lib/libsupc++.a(eh_personality.o)
 .data          0x0000000006ff7004        0x0 /usr/local/athrill-gcc/lib/gcc/v850-elf/4.9-GNUV850_v14.01/../../../../v850-elf/lib/libsupc++.a(eh_term_handler.o)
 .data          0x0000000006ff7004        0x0 /usr/local/athrill-gcc/lib/gcc/v850-elf/4.9-GNUV850_v14.01/../../../../v850-elf/lib/libsupc++.a(vterminate.o)
 .data          0x0000000006ff7004        0x0 /usr/local/athrill-gcc/lib/gcc/v850-elf/4.9-GNUV850_v14.01/../../../../v850-elf/lib/libsupc++.a(cp-demangle.o)
 .data          0x0000000006ff7004        0x0 /usr/local/athrill-gcc/lib/gcc/v850-elf/4.9-GNUV850_v14.01/../../../../v850-elf/lib/libsupc++.a(eh_call.o)
 .data          0x0000000006ff7004        0x0 /usr/local/athrill-gcc/lib/gcc/v850-elf/4.9-GNUV850_v14.01/../../../../v850-elf/lib/libsupc++.a(eh_type.o)
 .data          0x0000000006ff7004        0x0 /usr/local/athrill-gcc/lib/gcc/v850-elf/4.9-GNUV850_v14.01/../../../../v850-elf/lib/libc.a(lib_a-abort.o)
 .data          0x0000000006ff7004        0x4 /usr/local/athrill-gcc/lib/gcc/v850-elf/4.9-GNUV850_v14.01/../../../../v850-elf/lib/libc.a(lib_a-_exit.o)
 .data          0x0000000006ff7008        0x0 /usr/local/athrill-gcc/lib/gcc/v850-elf/4.9-GNUV850_v14.01/../../../../v850-elf/lib/libc.a(lib_a-fputc.o)
 .data          0x0000000006ff7008        0x0 /usr/local/athrill-gcc/lib/gcc/v850-elf/4.9-GNUV850_v14.01/../../../../v850-elf/lib/libc.a(lib_a-fputs.o)
 .data          0x0000000006ff7008        0x0 /usr/local/athrill-gcc/lib/gcc/v850-elf/4.9-GNUV850_v14.01/../../../../v850-elf/lib/libc.a(lib_a-fvwrite.o)
 .data          0x0000000006ff7008        0x0 /usr/local/athrill-gcc/lib/gcc/v850-elf/4.9-GNUV850_v14.01/../../../../v850-elf/lib/libc.a(lib_a-fwrite.o)
 .data          0x0000000006ff7008      0x424 /usr/local/athrill-gcc/lib/gcc/v850-elf/4.9-GNUV850_v14.01/../../../../v850-elf/lib/libc.a(lib_a-impure.o)
 .data          0x0000000006ff742c        0x0 /usr/local/athrill-gcc/lib/gcc/v850-elf/4.9-GNUV850_v14.01/../../../../v850-elf/lib/libc.a(lib_a-memchr.o)
 .data          0x0000000006ff742c        0x0 /usr/local/athrill-gcc/lib/gcc/v850-elf/4.9-GNUV850_v14.01/../../../../v850-elf/lib/libc.a(lib_a-memcmp.o)
 .data          0x0000000006ff742c        0x0 /usr/local/athrill-gcc/lib/gcc/v850-elf/4.9-GNUV850_v14.01/../../../../v850-elf/lib/libc.a(lib_a-memcpy.o)
 .data          0x0000000006ff742c        0x0 /usr/local/athrill-gcc/lib/gcc/v850-elf/4.9-GNUV850_v14.01/../../../../v850-elf/lib/libc.a(lib_a-memmove.o)
 .data          0x0000000006ff742c        0x0 /usr/local/athrill-gcc/lib/gcc/v850-elf/4.9-GNUV850_v14.01/../../../../v850-elf/lib/libc.a(lib_a-memset.o)
 .data          0x0000000006ff742c        0x0 /usr/local/athrill-gcc/lib/gcc/v850-elf/4.9-GNUV850_v14.01/../../../../v850-elf/lib/libc.a(lib_a-putc.o)
 .data          0x0000000006ff742c        0x0 /usr/local/athrill-gcc/lib/gcc/v850-elf/4.9-GNUV850_v14.01/../../../../v850-elf/lib/libc.a(lib_a-sprintf.o)
 .data          0x0000000006ff742c        0x0 /usr/local/athrill-gcc/lib/gcc/v850-elf/4.9-GNUV850_v14.01/../../../../v850-elf/lib/libc.a(lib_a-sscanf.o)
 .data          0x0000000006ff742c        0x0 /usr/local/athrill-gcc/lib/gcc/v850-elf/4.9-GNUV850_v14.01/../../../../v850-elf/lib/libc.a(lib_a-stdio.o)
 .data          0x0000000006ff742c        0x0 /usr/local/athrill-gcc/lib/gcc/v850-elf/4.9-GNUV850_v14.01/../../../../v850-elf/lib/libc.a(lib_a-strcmp.o)
 .data          0x0000000006ff742c        0x0 /usr/local/athrill-gcc/lib/gcc/v850-elf/4.9-GNUV850_v14.01/../../../../v850-elf/lib/libc.a(lib_a-strlen.o)
 .data          0x0000000006ff742c        0x0 /usr/local/athrill-gcc/lib/gcc/v850-elf/4.9-GNUV850_v14.01/../../../../v850-elf/lib/libc.a(lib_a-strncmp.o)
 .data          0x0000000006ff742c        0x0 /usr/local/athrill-gcc/lib/gcc/v850-elf/4.9-GNUV850_v14.01/../../../../v850-elf/lib/libc.a(lib_a-svfprintf.o)
 .data          0x0000000006ff742c        0x0 /usr/local/athrill-gcc/lib/gcc/v850-elf/4.9-GNUV850_v14.01/../../../../v850-elf/lib/libc.a(lib_a-svfscanf.o)
 .data          0x0000000006ff742c        0x0 /usr/local/athrill-gcc/lib/gcc/v850-elf/4.9-GNUV850_v14.01/../../../../v850-elf/lib/libc.a(lib_a-syswrite.o)
 .data          0x0000000006ff742c        0x0 /usr/local/athrill-gcc/lib/gcc/v850-elf/4.9-GNUV850_v14.01/../../../../v850-elf/lib/libc.a(lib_a-trap.o)
 .data          0x0000000006ff742c        0x0 /usr/local/athrill-gcc/lib/gcc/v850-elf/4.9-GNUV850_v14.01/../../../../v850-elf/lib/libc.a(lib_a-wbuf.o)
 .data          0x0000000006ff742c        0x0 /usr/local/athrill-gcc/lib/gcc/v850-elf/4.9-GNUV850_v14.01/../../../../v850-elf/lib/libc.a(lib_a-writer.o)
 .data          0x0000000006ff742c        0x0 /usr/local/athrill-gcc/lib/gcc/v850-elf/4.9-GNUV850_v14.01/../../../../v850-elf/lib/libc.a(lib_a-wsetup.o)
 .data          0x0000000006ff742c        0x0 /usr/local/athrill-gcc/lib/gcc/v850-elf/4.9-GNUV850_v14.01/../../../../v850-elf/lib/libc.a(lib_a-closer.o)
 .data          0x0000000006ff742c        0x4 /usr/local/athrill-gcc/lib/gcc/v850-elf/4.9-GNUV850_v14.01/../../../../v850-elf/lib/libc.a(lib_a-ctype_.o)
                0x0000000006ff742c                ___ctype_ptr__
 .data          0x0000000006ff7430        0x0 /usr/local/athrill-gcc/lib/gcc/v850-elf/4.9-GNUV850_v14.01/../../../../v850-elf/lib/libc.a(lib_a-dtoa.o)
 .data          0x0000000006ff7430        0x0 /usr/local/athrill-gcc/lib/gcc/v850-elf/4.9-GNUV850_v14.01/../../../../v850-elf/lib/libc.a(lib_a-fflush.o)
 .data          0x0000000006ff7430        0x0 /usr/local/athrill-gcc/lib/gcc/v850-elf/4.9-GNUV850_v14.01/../../../../v850-elf/lib/libc.a(lib_a-findfp.o)
 .data          0x0000000006ff7430        0x0 /usr/local/athrill-gcc/lib/gcc/v850-elf/4.9-GNUV850_v14.01/../../../../v850-elf/lib/libc.a(lib_a-fwalk.o)
 .data          0x0000000006ff7430        0x0 /usr/local/athrill-gcc/lib/gcc/v850-elf/4.9-GNUV850_v14.01/../../../../v850-elf/lib/libc.a(lib_a-iswspace.o)
 .data          0x0000000006ff7430       0x7c /usr/local/athrill-gcc/lib/gcc/v850-elf/4.9-GNUV850_v14.01/../../../../v850-elf/lib/libc.a(lib_a-locale.o)
                0x0000000006ff74a8                ___mb_cur_max
 .data          0x0000000006ff74ac        0x0 /usr/local/athrill-gcc/lib/gcc/v850-elf/4.9-GNUV850_v14.01/../../../../v850-elf/lib/libc.a(lib_a-lseekr.o)
 .data          0x0000000006ff74ac        0x0 /usr/local/athrill-gcc/lib/gcc/v850-elf/4.9-GNUV850_v14.01/../../../../v850-elf/lib/libc.a(lib_a-makebuf.o)
 .data          0x0000000006ff74ac        0x0 /usr/local/athrill-gcc/lib/gcc/v850-elf/4.9-GNUV850_v14.01/../../../../v850-elf/lib/libc.a(lib_a-mbrtowc.o)
 .data          0x0000000006ff74ac        0x4 /usr/local/athrill-gcc/lib/gcc/v850-elf/4.9-GNUV850_v14.01/../../../../v850-elf/lib/libc.a(lib_a-mbtowc_r.o)
                0x0000000006ff74ac                ___mbtowc
 .data          0x0000000006ff74b0        0x0 /usr/local/athrill-gcc/lib/gcc/v850-elf/4.9-GNUV850_v14.01/../../../../v850-elf/lib/libc.a(lib_a-mprec.o)
 .data          0x0000000006ff74b0        0x0 /usr/local/athrill-gcc/lib/gcc/v850-elf/4.9-GNUV850_v14.01/../../../../v850-elf/lib/libc.a(lib_a-readr.o)
 .data          0x0000000006ff74b0        0x0 /usr/local/athrill-gcc/lib/gcc/v850-elf/4.9-GNUV850_v14.01/../../../../v850-elf/lib/libc.a(lib_a-sccl.o)
 .data          0x0000000006ff74b0        0x0 /usr/local/athrill-gcc/lib/gcc/v850-elf/4.9-GNUV850_v14.01/../../../../v850-elf/lib/libc.a(lib_a-sf_nan.o)
 .data          0x0000000006ff74b0        0x0 /usr/local/athrill-gcc/lib/gcc/v850-elf/4.9-GNUV850_v14.01/../../../../v850-elf/lib/libc.a(lib_a-s_fpclassify.o)
 .data          0x0000000006ff74b0        0x0 /usr/local/athrill-gcc/lib/gcc/v850-elf/4.9-GNUV850_v14.01/../../../../v850-elf/lib/libc.a(lib_a-strtod.o)
 .data          0x0000000006ff74b0        0x0 /usr/local/athrill-gcc/lib/gcc/v850-elf/4.9-GNUV850_v14.01/../../../../v850-elf/lib/libc.a(lib_a-strtol.o)
 .data          0x0000000006ff74b0        0x0 /usr/local/athrill-gcc/lib/gcc/v850-elf/4.9-GNUV850_v14.01/../../../../v850-elf/lib/libc.a(lib_a-strtoul.o)
 .data          0x0000000006ff74b0        0x0 /usr/local/athrill-gcc/lib/gcc/v850-elf/4.9-GNUV850_v14.01/../../../../v850-elf/lib/libc.a(lib_a-svfiprintf.o)
 .data          0x0000000006ff74b0        0x0 /usr/local/athrill-gcc/lib/gcc/v850-elf/4.9-GNUV850_v14.01/../../../../v850-elf/lib/libc.a(lib_a-svfiscanf.o)
 .data          0x0000000006ff74b0        0x0 /usr/local/athrill-gcc/lib/gcc/v850-elf/4.9-GNUV850_v14.01/../../../../v850-elf/lib/libc.a(lib_a-ungetc.o)
 .data          0x0000000006ff74b0        0x0 /usr/local/athrill-gcc/lib/gcc/v850-elf/4.9-GNUV850_v14.01/../../../../v850-elf/lib/libc.a(lib_a-write.o)
 .data          0x0000000006ff74b0        0x0 /usr/local/athrill-gcc/lib/gcc/v850-elf/4.9-GNUV850_v14.01/../../../../v850-elf/lib/libc.a(lib_a-close.o)
 .data          0x0000000006ff74b0        0x0 /usr/local/athrill-gcc/lib/gcc/v850-elf/4.9-GNUV850_v14.01/../../../../v850-elf/lib/libc.a(lib_a-fclose.o)
 .data          0x0000000006ff74b0        0x0 /usr/local/athrill-gcc/lib/gcc/v850-elf/4.9-GNUV850_v14.01/../../../../v850-elf/lib/libc.a(lib_a-fstatr.o)
 .data          0x0000000006ff74b0        0x0 /usr/local/athrill-gcc/lib/gcc/v850-elf/4.9-GNUV850_v14.01/../../../../v850-elf/lib/libc.a(lib_a-gdtoa-gethex.o)
 .data          0x0000000006ff74b0        0x0 /usr/local/athrill-gcc/lib/gcc/v850-elf/4.9-GNUV850_v14.01/../../../../v850-elf/lib/libc.a(lib_a-gdtoa-hexnan.o)
 .data          0x0000000006ff74b0        0x0 /usr/local/athrill-gcc/lib/gcc/v850-elf/4.9-GNUV850_v14.01/../../../../v850-elf/lib/libc.a(lib_a-isattyr.o)
 .data          0x0000000006ff74b0        0x0 /usr/local/athrill-gcc/lib/gcc/v850-elf/4.9-GNUV850_v14.01/../../../../v850-elf/lib/libc.a(lib_a-lseek.o)
 .data          0x0000000006ff74b0        0x0 /usr/local/athrill-gcc/lib/gcc/v850-elf/4.9-GNUV850_v14.01/../../../../v850-elf/lib/libc.a(lib_a-read.o)
 .data          0x0000000006ff74b0        0x0 /usr/local/athrill-gcc/lib/gcc/v850-elf/4.9-GNUV850_v14.01/../../../../v850-elf/lib/libc.a(lib_a-fstat.o)
 .data          0x0000000006ff74b0        0x0 /usr/local/athrill-gcc/lib/gcc/v850-elf/4.9-GNUV850_v14.01/../../../../v850-elf/lib/libc.a(lib_a-isatty.o)
 .data          0x0000000006ff74b0        0x0 /usr/local/athrill-gcc/lib/gcc/v850-elf/4.9-GNUV850_v14.01/libgcc.a(_mulsi3.o)
 .data          0x0000000006ff74b0        0x0 /usr/local/athrill-gcc/lib/gcc/v850-elf/4.9-GNUV850_v14.01/libgcc.a(_divsi3.o)
 .data          0x0000000006ff74b0        0x0 /usr/local/athrill-gcc/lib/gcc/v850-elf/4.9-GNUV850_v14.01/libgcc.a(_udivsi3.o)
 .data          0x0000000006ff74b0        0x0 /usr/local/athrill-gcc/lib/gcc/v850-elf/4.9-GNUV850_v14.01/libgcc.a(_modsi3.o)
 .data          0x0000000006ff74b0        0x0 /usr/local/athrill-gcc/lib/gcc/v850-elf/4.9-GNUV850_v14.01/libgcc.a(_umodsi3.o)
 .data          0x0000000006ff74b0        0x0 /usr/local/athrill-gcc/lib/gcc/v850-elf/4.9-GNUV850_v14.01/libgcc.a(_save_29.o)
 .data          0x0000000006ff74b0        0x0 /usr/local/athrill-gcc/lib/gcc/v850-elf/4.9-GNUV850_v14.01/libgcc.a(_save_20c.o)
 .data          0x0000000006ff74b0        0x0 /usr/local/athrill-gcc/lib/gcc/v850-elf/4.9-GNUV850_v14.01/libgcc.a(_save_21c.o)
 .data          0x0000000006ff74b0        0x0 /usr/local/athrill-gcc/lib/gcc/v850-elf/4.9-GNUV850_v14.01/libgcc.a(_save_22c.o)
 .data          0x0000000006ff74b0        0x0 /usr/local/athrill-gcc/lib/gcc/v850-elf/4.9-GNUV850_v14.01/libgcc.a(_save_23c.o)
 .data          0x0000000006ff74b0        0x0 /usr/local/athrill-gcc/lib/gcc/v850-elf/4.9-GNUV850_v14.01/libgcc.a(_save_24c.o)
 .data          0x0000000006ff74b0        0x0 /usr/local/athrill-gcc/lib/gcc/v850-elf/4.9-GNUV850_v14.01/libgcc.a(_save_25c.o)
 .data          0x0000000006ff74b0        0x0 /usr/local/athrill-gcc/lib/gcc/v850-elf/4.9-GNUV850_v14.01/libgcc.a(_save_26c.o)
 .data          0x0000000006ff74b0        0x0 /usr/local/athrill-gcc/lib/gcc/v850-elf/4.9-GNUV850_v14.01/libgcc.a(_save_27c.o)
 .data          0x0000000006ff74b0        0x0 /usr/local/athrill-gcc/lib/gcc/v850-elf/4.9-GNUV850_v14.01/libgcc.a(_save_28c.o)
 .data          0x0000000006ff74b0        0x0 /usr/local/athrill-gcc/lib/gcc/v850-elf/4.9-GNUV850_v14.01/libgcc.a(_save_29c.o)
 .data          0x0000000006ff74b0        0x0 /usr/local/athrill-gcc/lib/gcc/v850-elf/4.9-GNUV850_v14.01/libgcc.a(_save_31c.o)
 .data          0x0000000006ff74b0        0x0 /usr/local/athrill-gcc/lib/gcc/v850-elf/4.9-GNUV850_v14.01/libgcc.a(_fixunsdfsi.o)
 .data          0x0000000006ff74b0        0x0 /usr/local/athrill-gcc/lib/gcc/v850-elf/4.9-GNUV850_v14.01/libgcc.a(_addsub_df.o)
 .data          0x0000000006ff74b0        0x0 /usr/local/athrill-gcc/lib/gcc/v850-elf/4.9-GNUV850_v14.01/libgcc.a(_mul_df.o)
 .data          0x0000000006ff74b0        0x0 /usr/local/athrill-gcc/lib/gcc/v850-elf/4.9-GNUV850_v14.01/libgcc.a(_div_df.o)
 .data          0x0000000006ff74b0        0x0 /usr/local/athrill-gcc/lib/gcc/v850-elf/4.9-GNUV850_v14.01/libgcc.a(_eq_df.o)
 .data          0x0000000006ff74b0        0x0 /usr/local/athrill-gcc/lib/gcc/v850-elf/4.9-GNUV850_v14.01/libgcc.a(_ne_df.o)
 .data          0x0000000006ff74b0        0x0 /usr/local/athrill-gcc/lib/gcc/v850-elf/4.9-GNUV850_v14.01/libgcc.a(_gt_df.o)
 .data          0x0000000006ff74b0        0x0 /usr/local/athrill-gcc/lib/gcc/v850-elf/4.9-GNUV850_v14.01/libgcc.a(_ge_df.o)
 .data          0x0000000006ff74b0        0x0 /usr/local/athrill-gcc/lib/gcc/v850-elf/4.9-GNUV850_v14.01/libgcc.a(_lt_df.o)
 .data          0x0000000006ff74b0        0x0 /usr/local/athrill-gcc/lib/gcc/v850-elf/4.9-GNUV850_v14.01/libgcc.a(_le_df.o)
 .data          0x0000000006ff74b0        0x0 /usr/local/athrill-gcc/lib/gcc/v850-elf/4.9-GNUV850_v14.01/libgcc.a(_si_to_df.o)
 .data          0x0000000006ff74b0        0x0 /usr/local/athrill-gcc/lib/gcc/v850-elf/4.9-GNUV850_v14.01/libgcc.a(_df_to_si.o)
 .data          0x0000000006ff74b0        0x0 /usr/local/athrill-gcc/lib/gcc/v850-elf/4.9-GNUV850_v14.01/libgcc.a(_df_to_sf.o)
 .data          0x0000000006ff74b0        0x0 /usr/local/athrill-gcc/lib/gcc/v850-elf/4.9-GNUV850_v14.01/libgcc.a(_thenan_df.o)
 .data          0x0000000006ff74b0        0x0 /usr/local/athrill-gcc/lib/gcc/v850-elf/4.9-GNUV850_v14.01/libgcc.a(_usi_to_df.o)
 .data          0x0000000006ff74b0        0x0 /usr/local/athrill-gcc/lib/gcc/v850-elf/4.9-GNUV850_v14.01/libgcc.a(unwind-sjlj.o)
 .data          0x0000000006ff74b0        0x0 /usr/local/athrill-gcc/lib/gcc/v850-elf/4.9-GNUV850_v14.01/libgcc.a(_muldi3.o)
 .data          0x0000000006ff74b0        0x0 /usr/local/athrill-gcc/lib/gcc/v850-elf/4.9-GNUV850_v14.01/libgcc.a(_clzsi2.o)
 .data          0x0000000006ff74b0        0x0 /usr/local/athrill-gcc/lib/gcc/v850-elf/4.9-GNUV850_v14.01/libgcc.a(_make_sf.o)
 .data          0x0000000006ff74b0        0x0 /usr/local/athrill-gcc/lib/gcc/v850-elf/4.9-GNUV850_v14.01/libgcc.a(_pack_df.o)
 .data          0x0000000006ff74b0        0x0 /usr/local/athrill-gcc/lib/gcc/v850-elf/4.9-GNUV850_v14.01/libgcc.a(_unpack_df.o)
 .data          0x0000000006ff74b0        0x0 /usr/local/athrill-gcc/lib/gcc/v850-elf/4.9-GNUV850_v14.01/libgcc.a(_fpcmp_parts_df.o)
 .data          0x0000000006ff74b0        0x0 /usr/local/athrill-gcc/lib/gcc/v850-elf/4.9-GNUV850_v14.01/libgcc.a(_clz.o)
 .data          0x0000000006ff74b0        0x0 /usr/local/athrill-gcc/lib/gcc/v850-elf/4.9-GNUV850_v14.01/libgcc.a(_pack_sf.o)
                0x0000000006ff74b0                . = ALIGN (0x4)
                0x0000000006ff74b0                _edata = .
                0x0000000006ff74b0                __idata_end = (__idata_start + SIZEOF (.data))

.data._ZN10__cxxabiv120__unexpected_handlerE
                0x0000000006ff74b0        0x4
 .data._ZN10__cxxabiv120__unexpected_handlerE
                0x0000000006ff74b0        0x4 /usr/local/athrill-gcc/lib/gcc/v850-elf/4.9-GNUV850_v14.01/../../../../v850-elf/lib/libsupc++.a(eh_unex_handler.o)
                0x0000000006ff74b0                __ZN10__cxxabiv120__unexpected_handlerE

.data._ZN10__cxxabiv119__terminate_handlerE
                0x0000000006ff74b4        0x4
 .data._ZN10__cxxabiv119__terminate_handlerE
                0x0000000006ff74b4        0x4 /usr/local/athrill-gcc/lib/gcc/v850-elf/4.9-GNUV850_v14.01/../../../../v850-elf/lib/libsupc++.a(eh_term_handler.o)
                0x0000000006ff74b4                __ZN10__cxxabiv119__terminate_handlerE

.sdata          0x0000000006ff74b8        0x4
 .sdata         0x0000000006ff74b8        0x4 /usr/local/athrill-gcc/lib/gcc/v850-elf/4.9-GNUV850_v14.01/../../../../v850-elf/lib/libc.a(lib_a-impure.o)
                0x0000000006ff74b8                __impure_ptr

.bss            0x0000000006ff74bc       0xf0
                0x0000000006ff74bc                . = ALIGN (0x4)
                0x0000000006ff74bc                __bss_start = .
 *(.bss)
 .bss           0x0000000006ff74bc        0x4 lwip-athrill.o
                0x0000000006ff74bc                ___dso_handle
 .bss           0x0000000006ff74c0        0x0 start.o
 .bss           0x0000000006ff74c0        0x0 vector.o
 .bss           0x0000000006ff74c0        0x0 software_init.o
 .bss           0x0000000006ff74c0        0x0 interrupt.o
 .bss           0x0000000006ff74c0       0x78 interrupt_table.o
 .bss           0x0000000006ff7538        0x8 timer.o
 .bss           0x0000000006ff7540        0x0 interrupt_asm.o
 .bss           0x0000000006ff7540       0x46 EthernetInterface.o
 .bss           0x0000000006ff7586        0x0 Endpoint.o
 .bss           0x0000000006ff7586        0x0 Socket.o
 .bss           0x0000000006ff7586        0x0 TCPSocketConnection.o
 .bss           0x0000000006ff7586        0x0 TCPSocketServer.o
 *fill*         0x0000000006ff7586        0x2 